Component: ARM Compiler 5.06 update 6 (build 750) Tool: armlink [4d35ed]

==============================================================================

Section Cross References

    startup_stm32f429_439xx.o(RESET) refers to startup_stm32f429_439xx.o(STACK) for __initial_sp
    startup_stm32f429_439xx.o(RESET) refers to startup_stm32f429_439xx.o(.text) for Reset_Handler
    startup_stm32f429_439xx.o(RESET) refers to stm32f4xx_it.o(i.NMI_Handler) for NMI_Handler
    startup_stm32f429_439xx.o(RESET) refers to stm32f4xx_it.o(i.HardFault_Handler) for HardFault_Handler
    startup_stm32f429_439xx.o(RESET) refers to stm32f4xx_it.o(i.MemManage_Handler) for MemManage_Handler
    startup_stm32f429_439xx.o(RESET) refers to stm32f4xx_it.o(i.BusFault_Handler) for BusFault_Handler
    startup_stm32f429_439xx.o(RESET) refers to stm32f4xx_it.o(i.UsageFault_Handler) for UsageFault_Handler
    startup_stm32f429_439xx.o(RESET) refers to stm32f4xx_it.o(i.SVC_Handler) for SVC_Handler
    startup_stm32f429_439xx.o(RESET) refers to stm32f4xx_it.o(i.DebugMon_Handler) for DebugMon_Handler
    startup_stm32f429_439xx.o(RESET) refers to stm32f4xx_it.o(i.PendSV_Handler) for PendSV_Handler
    startup_stm32f429_439xx.o(RESET) refers to stm32f4xx_it.o(i.SysTick_Handler) for SysTick_Handler
    startup_stm32f429_439xx.o(RESET) refers to usbh_it.o(i.TIM2_IRQHandler) for TIM2_IRQHandler
    startup_stm32f429_439xx.o(RESET) refers to stm32f4xx_it.o(i.TIM6_DAC_IRQHandler) for TIM6_DAC_IRQHandler
    startup_stm32f429_439xx.o(RESET) refers to usbh_it.o(i.OTG_HS_IRQHandler) for OTG_HS_IRQHandler
    startup_stm32f429_439xx.o(.text) refers to system_stm32f4xx.o(i.SystemInit) for SystemInit
    startup_stm32f429_439xx.o(.text) refers to entry.o(.ARM.Collect$$$$00000000) for __main
    system_stm32f4xx.o(i.SystemCoreClockUpdate) refers to system_stm32f4xx.o(.data) for .data
    system_stm32f4xx.o(i.SystemInit) refers to system_stm32f4xx.o(i.SetSysClock) for SetSysClock
    stm32f4xx_adc.o(i.ADC_DeInit) refers to stm32f4xx_rcc.o(i.RCC_APB2PeriphResetCmd) for RCC_APB2PeriphResetCmd
    stm32f4xx_can.o(i.CAN_DeInit) refers to stm32f4xx_rcc.o(i.RCC_APB1PeriphResetCmd) for RCC_APB1PeriphResetCmd
    stm32f4xx_can.o(i.CAN_GetITStatus) refers to stm32f4xx_can.o(i.CheckITStatus) for CheckITStatus
    stm32f4xx_cryp.o(i.CRYP_DeInit) refers to stm32f4xx_rcc.o(i.RCC_AHB2PeriphResetCmd) for RCC_AHB2PeriphResetCmd
    stm32f4xx_cryp_aes.o(i.CRYP_AES_CBC) refers to stm32f4xx_cryp.o(i.CRYP_KeyStructInit) for CRYP_KeyStructInit
    stm32f4xx_cryp_aes.o(i.CRYP_AES_CBC) refers to stm32f4xx_cryp.o(i.CRYP_KeyInit) for CRYP_KeyInit
    stm32f4xx_cryp_aes.o(i.CRYP_AES_CBC) refers to stm32f4xx_cryp.o(i.CRYP_Init) for CRYP_Init
    stm32f4xx_cryp_aes.o(i.CRYP_AES_CBC) refers to stm32f4xx_cryp.o(i.CRYP_IVInit) for CRYP_IVInit
    stm32f4xx_cryp_aes.o(i.CRYP_AES_CBC) refers to stm32f4xx_cryp.o(i.CRYP_FIFOFlush) for CRYP_FIFOFlush
    stm32f4xx_cryp_aes.o(i.CRYP_AES_CBC) refers to stm32f4xx_cryp.o(i.CRYP_Cmd) for CRYP_Cmd
    stm32f4xx_cryp_aes.o(i.CRYP_AES_CBC) refers to stm32f4xx_cryp.o(i.CRYP_GetCmdStatus) for CRYP_GetCmdStatus
    stm32f4xx_cryp_aes.o(i.CRYP_AES_CBC) refers to stm32f4xx_cryp.o(i.CRYP_GetFlagStatus) for CRYP_GetFlagStatus
    stm32f4xx_cryp_aes.o(i.CRYP_AES_CBC) refers to stm32f4xx_cryp.o(i.CRYP_DataIn) for CRYP_DataIn
    stm32f4xx_cryp_aes.o(i.CRYP_AES_CBC) refers to stm32f4xx_cryp.o(i.CRYP_DataOut) for CRYP_DataOut
    stm32f4xx_cryp_aes.o(i.CRYP_AES_CCM) refers to stm32f4xx_cryp.o(i.CRYP_KeyStructInit) for CRYP_KeyStructInit
    stm32f4xx_cryp_aes.o(i.CRYP_AES_CCM) refers to stm32f4xx_cryp.o(i.CRYP_FIFOFlush) for CRYP_FIFOFlush
    stm32f4xx_cryp_aes.o(i.CRYP_AES_CCM) refers to stm32f4xx_cryp.o(i.CRYP_KeyInit) for CRYP_KeyInit
    stm32f4xx_cryp_aes.o(i.CRYP_AES_CCM) refers to stm32f4xx_cryp.o(i.CRYP_IVInit) for CRYP_IVInit
    stm32f4xx_cryp_aes.o(i.CRYP_AES_CCM) refers to stm32f4xx_cryp.o(i.CRYP_Init) for CRYP_Init
    stm32f4xx_cryp_aes.o(i.CRYP_AES_CCM) refers to stm32f4xx_cryp.o(i.CRYP_PhaseConfig) for CRYP_PhaseConfig
    stm32f4xx_cryp_aes.o(i.CRYP_AES_CCM) refers to stm32f4xx_cryp.o(i.CRYP_DataIn) for CRYP_DataIn
    stm32f4xx_cryp_aes.o(i.CRYP_AES_CCM) refers to stm32f4xx_cryp.o(i.CRYP_Cmd) for CRYP_Cmd
    stm32f4xx_cryp_aes.o(i.CRYP_AES_CCM) refers to stm32f4xx_cryp.o(i.CRYP_GetCmdStatus) for CRYP_GetCmdStatus
    stm32f4xx_cryp_aes.o(i.CRYP_AES_CCM) refers to stm32f4xx_cryp.o(i.CRYP_GetFlagStatus) for CRYP_GetFlagStatus
    stm32f4xx_cryp_aes.o(i.CRYP_AES_CCM) refers to stm32f4xx_cryp.o(i.CRYP_DataOut) for CRYP_DataOut
    stm32f4xx_cryp_aes.o(i.CRYP_AES_CTR) refers to stm32f4xx_cryp.o(i.CRYP_KeyStructInit) for CRYP_KeyStructInit
    stm32f4xx_cryp_aes.o(i.CRYP_AES_CTR) refers to stm32f4xx_cryp.o(i.CRYP_KeyInit) for CRYP_KeyInit
    stm32f4xx_cryp_aes.o(i.CRYP_AES_CTR) refers to stm32f4xx_cryp.o(i.CRYP_Init) for CRYP_Init
    stm32f4xx_cryp_aes.o(i.CRYP_AES_CTR) refers to stm32f4xx_cryp.o(i.CRYP_IVInit) for CRYP_IVInit
[...]
    i.USB_OTG_USBH_handle_Disconnect_ISR     0x080c3e68   Section        0  usb_hcd_int.o(i.USB_OTG_USBH_handle_Disconnect_ISR)
    USB_OTG_USBH_handle_Disconnect_ISR       0x080c3e69   Thumb Code    40  usb_hcd_int.o(i.USB_OTG_USBH_handle_Disconnect_ISR)
    i.USB_OTG_USBH_handle_IncompletePeriodicXfer_ISR 0x080c3e94   Section        0  usb_hcd_int.o(i.USB_OTG_USBH_handle_IncompletePeriodicXfer_ISR)
    USB_OTG_USBH_handle_IncompletePeriodicXfer_ISR 0x080c3e95   Thumb Code    70  usb_hcd_int.o(i.USB_OTG_USBH_handle_IncompletePeriodicXfer_ISR)
    i.USB_OTG_USBH_handle_hc_ISR             0x080c3eda   Section        0  usb_hcd_int.o(i.USB_OTG_USBH_handle_hc_ISR)
    USB_OTG_USBH_handle_hc_ISR               0x080c3edb   Thumb Code    86  usb_hcd_int.o(i.USB_OTG_USBH_handle_hc_ISR)
    i.USB_OTG_USBH_handle_hc_n_In_ISR        0x080c3f30   Section        0  usb_hcd_int.o(i.USB_OTG_USBH_handle_hc_n_In_ISR)
    USB_OTG_USBH_handle_hc_n_In_ISR          0x080c3f31   Thumb Code  1066  usb_hcd_int.o(i.USB_OTG_USBH_handle_hc_n_In_ISR)
    i.USB_OTG_USBH_handle_hc_n_Out_ISR       0x080c435a   Section        0  usb_hcd_int.o(i.USB_OTG_USBH_handle_hc_n_Out_ISR)
    USB_OTG_USBH_handle_hc_n_Out_ISR         0x080c435b   Thumb Code   976  usb_hcd_int.o(i.USB_OTG_USBH_handle_hc_n_Out_ISR)
    i.USB_OTG_USBH_handle_nptxfempty_ISR     0x080c472a   Section        0  usb_hcd_int.o(i.USB_OTG_USBH_handle_nptxfempty_ISR)
    USB_OTG_USBH_handle_nptxfempty_ISR       0x080c472b   Thumb Code   302  usb_hcd_int.o(i.USB_OTG_USBH_handle_nptxfempty_ISR)
    i.USB_OTG_USBH_handle_port_ISR           0x080c4858   Section        0  usb_hcd_int.o(i.USB_OTG_USBH_handle_port_ISR)
    USB_OTG_USBH_handle_port_ISR             0x080c4859   Thumb Code   282  usb_hcd_int.o(i.USB_OTG_USBH_handle_port_ISR)
    i.USB_OTG_USBH_handle_ptxfempty_ISR      0x080c4978   Section        0  usb_hcd_int.o(i.USB_OTG_USBH_handle_ptxfempty_ISR)
    USB_OTG_USBH_handle_ptxfempty_ISR        0x080c4979   Thumb Code   302  usb_hcd_int.o(i.USB_OTG_USBH_handle_ptxfempty_ISR)
    i.USB_OTG_USBH_handle_rx_qlvl_ISR        0x080c4aa6   Section        0  usb_hcd_int.o(i.USB_OTG_USBH_handle_rx_qlvl_ISR)
    USB_OTG_USBH_handle_rx_qlvl_ISR          0x080c4aa7   Thumb Code   356  usb_hcd_int.o(i.USB_OTG_USBH_handle_rx_qlvl_ISR)
    i.USB_OTG_USBH_handle_sof_ISR            0x080c4c0c   Section        0  usb_hcd_int.o(i.USB_OTG_USBH_handle_sof_ISR)
    USB_OTG_USBH_handle_sof_ISR              0x080c4c0d   Thumb Code    38  usb_hcd_int.o(i.USB_OTG_USBH_handle_sof_ISR)
    i.USB_OTG_WritePacket                    0x080c4c38   Section        0  usb_core.o(i.USB_OTG_WritePacket)
    i.UsageFault_Handler                     0x080c4c60   Section        0  stm32f4xx_it.o(i.UsageFault_Handler)
    i.__scatterload_copy                     0x080c4c62   Section       14  handlers.o(i.__scatterload_copy)
    i.__scatterload_null                     0x080c4c70   Section        2  handlers.o(i.__scatterload_null)
    i.__scatterload_zeroinit                 0x080c4c72   Section       14  handlers.o(i.__scatterload_zeroinit)
    i.check_fs                               0x080c4c80   Section        0  ff.o(i.check_fs)
    check_fs                                 0x080c4c81   Thumb Code   120  ff.o(i.check_fs)
    i.chk_chr                                0x080c4cfc   Section        0  ff.o(i.chk_chr)
    chk_chr                                  0x080c4cfd   Thumb Code    16  ff.o(i.chk_chr)
    i.clust2sect                             0x080c4d0c   Section        0  ff.o(i.clust2sect)
    i.cmp_lfn                                0x080c4d24   Section        0  ff.o(i.cmp_lfn)
    cmp_lfn                                  0x080c4d25   Thumb Code   124  ff.o(i.cmp_lfn)
    i.create_chain                           0x080c4da4   Section        0  ff.o(i.create_chain)
    create_chain                             0x080c4da5   Thumb Code   168  ff.o(i.create_chain)
    i.create_name                            0x080c4e4c   Section        0  ff.o(i.create_name)
    create_name                              0x080c4e4d   Thumb Code   538  ff.o(i.create_name)
    i.dir_alloc                              0x080c507c   Section        0  ff.o(i.dir_alloc)
    dir_alloc                                0x080c507d   Thumb Code    68  ff.o(i.dir_alloc)
    i.dir_find                               0x080c50c0   Section        0  ff.o(i.dir_find)
    dir_find                                 0x080c50c1   Thumb Code   198  ff.o(i.dir_find)
    i.dir_next                               0x080c5186   Section        0  ff.o(i.dir_next)
    dir_next                                 0x080c5187   Thumb Code   276  ff.o(i.dir_next)
    i.dir_register                           0x080c529a   Section        0  ff.o(i.dir_register)
    dir_register                             0x080c529b   Thumb Code   260  ff.o(i.dir_register)
    i.dir_sdi                                0x080c539e   Section        0  ff.o(i.dir_sdi)
    dir_sdi                                  0x080c539f   Thumb Code   160  ff.o(i.dir_sdi)
    i.disk_initialize                        0x080c5440   Section        0  diskio.o(i.disk_initialize)
    i.disk_ioctl                             0x080c5458   Section        0  diskio.o(i.disk_ioctl)
    i.disk_read                              0x080c5490   Section        0  diskio.o(i.disk_read)
    i.disk_status                            0x080c54f0   Section        0  diskio.o(i.disk_status)
    i.disk_write                             0x080c54f4   Section        0  diskio.o(i.disk_write)
    i.f_mount                                0x080c5540   Section        0  ff.o(i.f_mount)
    i.f_open                                 0x080c558c   Section        0  ff.o(i.f_open)
    i.f_read                                 0x080c56e4   Section        0  ff.o(i.f_read)
    i.ff_convert                             0x080c5860   Section        0  cc936.o(i.ff_convert)
    i.ff_wtoupper                            0x080c58b8   Section        0  cc936.o(i.ff_wtoupper)
    i.find_volume                            0x080c58e4   Section        0  ff.o(i.find_volume)
    find_volume                              0x080c58e5   Thumb Code   824  ff.o(i.find_volume)
    i.fit_lfn                                0x080c5c2c   Section        0  ff.o(i.fit_lfn)
    fit_lfn                                  0x080c5c2d   Thumb Code   104  ff.o(i.fit_lfn)
    i.follow_path                            0x080c5c98   Section        0  ff.o(i.follow_path)
    follow_path                              0x080c5c99   Thumb Code   106  ff.o(i.follow_path)
    i.gen_numname                            0x080c5d04   Section        0  ff.o(i.gen_numname)
    gen_numname                              0x080c5d05   Thumb Code   146  ff.o(i.gen_numname)
    i.get_fat                                0x080c5d9c   Section        0  ff.o(i.get_fat)
    i.get_fattime                            0x080c5e9c   Section        0  diskio.o(i.get_fattime)
    i.get_ldnumber                           0x080c5ee0   Section        0  ff.o(i.get_ldnumber)
    get_ldnumber                             0x080c5ee1   Thumb Code    66  ff.o(i.get_ldnumber)
    i.ld_clust                               0x080c5f22   Section        0  ff.o(i.ld_clust)
    ld_clust                                 0x080c5f23   Thumb Code    30  ff.o(i.ld_clust)
    i.main                                   0x080c5f40   Section        0  main.o(i.main)
    i.mem_cmp                                0x080c6004   Section        0  ff.o(i.mem_cmp)
    mem_cmp                                  0x080c6005   Thumb Code    26  ff.o(i.mem_cmp)
    i.mem_cpy                                0x080c601e   Section        0  ff.o(i.mem_cpy)
    mem_cpy                                  0x080c601f   Thumb Code    18  ff.o(i.mem_cpy)
    i.mem_set                                0x080c6030   Section        0  ff.o(i.mem_set)
    mem_set                                  0x080c6031   Thumb Code    16  ff.o(i.mem_set)
    i.move_window                            0x080c6040   Section        0  ff.o(i.move_window)
    move_window                              0x080c6041   Thumb Code    52  ff.o(i.move_window)
    i.put_fat                                0x080c6074   Section        0  ff.o(i.put_fat)
    i.remove_chain                           0x080c61a0   Section        0  ff.o(i.remove_chain)
    remove_chain                             0x080c61a1   Thumb Code   102  ff.o(i.remove_chain)
    i.st_clust                               0x080c6206   Section        0  ff.o(i.st_clust)
    st_clust                                 0x080c6207   Thumb Code    16  ff.o(i.st_clust)
    i.sum_sfn                                0x080c6216   Section        0  ff.o(i.sum_sfn)
    sum_sfn                                  0x080c6217   Thumb Code    26  ff.o(i.sum_sfn)
    i.sync_window                            0x080c6230   Section        0  ff.o(i.sync_window)
    sync_window                              0x080c6231   Thumb Code    84  ff.o(i.sync_window)
    i.validate                               0x080c6284   Section        0  ff.o(i.validate)
    validate                                 0x080c6285   Thumb Code    44  ff.o(i.validate)
    .constdata                               0x080c62b0   Section     4560  fonts.o(.constdata)
    .constdata                               0x080c7480   Section       58  ff.o(.constdata)
    LfnOfs                                   0x080c7480   Data          13  ff.o(.constdata)
    vst                                      0x080c748e   Data          22  ff.o(.constdata)
    cst                                      0x080c74a4   Data          22  ff.o(.constdata)
    .constdata                               0x080c74ba   Section    175304  cc936.o(.constdata)
    uni2oem                                  0x080c74ba   Data       87172  cc936.o(.constdata)
    oem2uni                                  0x080dc93e   Data       87172  cc936.o(.constdata)
    tbl_lower                                0x080f1dc2   Data         480  cc936.o(.constdata)
    tbl_upper                                0x080f1fa2   Data         480  cc936.o(.constdata)
    .data                                    0x20000000   Section       16  main.o(.data)
    Stm32_Flash_Size                         0x20000002   Data           2  main.o(.data)
    usbcount                                 0x20000004   Data           2  main.o(.data)
    fsize                                    0x20000008   Data           4  main.o(.data)
    readcount                                0x2000000c   Data           4  main.o(.data)
    .data                                    0x20000010   Section       28  bsp_lcd.o(.data)
    CurrentTextColor                         0x20000010   Data           4  bsp_lcd.o(.data)
    CurrentBackColor                         0x20000014   Data           4  bsp_lcd.o(.data)
    CurrentFrameBuffer                       0x20000018   Data           4  bsp_lcd.o(.data)
    CurrentLayer                             0x2000001c   Data           4  bsp_lcd.o(.data)
    LCD_Currentfonts                         0x20000020   Data           4  bsp_lcd.o(.data)
    .data                                    0x2000002c   Section        8  fonts.o(.data)
    .data                                    0x20000034   Section        1  pbdata.o(.data)
    .data                                    0x20000035   Section        1  pbdata.o(.data)
    .data                                    0x20000038   Section        4  usb_bsp.o(.data)
    .data                                    0x2000003c   Section       72  usbh_usr.o(.data)
    .data                                    0x20000084   Section        1  usbh_usr.o(.data)
    startup                                  0x20000084   Data           1  usbh_usr.o(.data)
    .data                                    0x20000088   Section       12  usbh_core.o(.data)
    .data                                    0x20000094   Section        4  usbh_core.o(.data)
    .data                                    0x20000098   Section        2  usbh_core.o(.data)
    timeout                                  0x20000098   Data           2  usbh_core.o(.data)
    .data                                    0x2000009a   Section        4  usbh_stdreq.o(.data)
    prev_itf                                 0x2000009a   Data           1  usbh_stdreq.o(.data)
    prev_ep_size                             0x2000009c   Data           2  usbh_stdreq.o(.data)
    .data                                    0x200000a0   Section       20  usbh_msc_bot.o(.data)
    error_direction                          0x200000a0   Data           1  usbh_msc_bot.o(.data)
    remainingDataLength                      0x200000a4   Data           4  usbh_msc_bot.o(.data)
    datapointer                              0x200000a8   Data           4  usbh_msc_bot.o(.data)
    datapointer_prev                         0x200000ac   Data           4  usbh_msc_bot.o(.data)
    BOTStallErrorCount                       0x200000b0   Data           4  usbh_msc_bot.o(.data)
    .data                                    0x200000b4   Section        2  usbh_msc_core.o(.data)
    maxLunExceed                             0x200000b5   Data           1  usbh_msc_core.o(.data)
    .data                                    0x200000b8   Section       16  usbh_msc_core.o(.data)
    .data                                    0x200000c8   Section        1  usbh_msc_scsi.o(.data)
    status                                   0x200000c8   Data           1  usbh_msc_scsi.o(.data)
    .data                                    0x200000ca   Section        2  ff.o(.data)
    Fsid                                     0x200000ca   Data           2  ff.o(.data)
    .bss                                     0x200000cc   Section    10324  main.o(.bss)
    filedatabuf                              0x20002120   Data        2048  main.o(.bss)
    .bss                                     0x20002920   Section     1452  usbh_usr.o(.bss)
    .bss                                     0x20002ecc   Section      132  usbh_usr.o(.bss)
    .bss                                     0x20002f50   Section      512  usbh_stdreq.o(.bss)
    .bss                                     0x20003150   Section       64  usbh_msc_bot.o(.bss)
    .bss                                     0x20003190   Section      522  usbh_msc_core.o(.bss)
    .bss                                     0x2000339c   Section      528  usbh_msc_scsi.o(.bss)
    .bss                                     0x200035ac   Section       12  ff.o(.bss)
    FatFs                                    0x200035ac   Data          12  ff.o(.bss)
    STACK                                    0x200035b8   Section     1024  startup_stm32f429_439xx.o(STACK)

    Global Symbols

    Symbol Name                              Value     Ov Type        Size  Object(Section)

    BuildAttributes$$THM_ISAv4$E$P$D$K$B$S$7EM$VFPi3$EXTD16$VFPS$VFMA$PE$A:L22UL41UL21$X:L11$S22US41US21$IEEE1$IW$USESV6$~STKCKD$USESV7$~SHL$OSPACE$ROPI$EBA8$MICROLIB$REQ8$PRES8$EABIv2 0x00000000   Number         0  anon$$obj.o ABSOLUTE
    __ARM_use_no_argv                        0x00000000   Number         0  main.o ABSOLUTE
    _printf_a                                0x00000000   Number         0  stubs.o ABSOLUTE
    _printf_c                                0x00000000   Number         0  stubs.o ABSOLUTE
    _printf_charcount                        0x00000000   Number         0  stubs.o ABSOLUTE
    _printf_d                                0x00000000   Number         0  stubs.o ABSOLUTE
    _printf_e                                0x00000000   Number         0  stubs.o ABSOLUTE
    _printf_f                                0x00000000   Number         0  stubs.o ABSOLUTE
    _printf_flags                            0x00000000   Number         0  stubs.o ABSOLUTE
    _printf_fp_dec                           0x00000000   Number         0  stubs.o ABSOLUTE
    _printf_fp_hex                           0x00000000   Number         0  stubs.o ABSOLUTE
    _printf_g                                0x00000000   Number         0  stubs.o ABSOLUTE
    _printf_i                                0x00000000   Number         0  stubs.o ABSOLUTE
    _printf_int_dec                          0x00000000   Number         0  stubs.o ABSOLUTE
    _printf_l                                0x00000000   Number         0  stubs.o ABSOLUTE
    _printf_lc                               0x00000000   Number         0  stubs.o ABSOLUTE
    _printf_ll                               0x00000000   Number         0  stubs.o ABSOLUTE
    _printf_lld                              0x00000000   Number         0  stubs.o ABSOLUTE
    _printf_lli                              0x00000000   Number         0  stubs.o ABSOLUTE
    _printf_llo                              0x00000000   Number         0  stubs.o ABSOLUTE
    _printf_llu                              0x00000000   Number         0  stubs.o ABSOLUTE
    _printf_llx                              0x00000000   Number         0  stubs.o ABSOLUTE
    _printf_longlong_dec                     0x00000000   Number         0  stubs.o ABSOLUTE
    _printf_longlong_hex                     0x00000000   Number         0  stubs.o ABSOLUTE
    _printf_longlong_oct                     0x00000000   Number         0  stubs.o ABSOLUTE
    _printf_ls                               0x00000000   Number         0  stubs.o ABSOLUTE
    _printf_mbtowc                           0x00000000   Number         0  stubs.o ABSOLUTE
    _printf_n                                0x00000000   Number         0  stubs.o ABSOLUTE
    _printf_o                                0x00000000   Number         0  stubs.o ABSOLUTE
    _printf_p                                0x00000000   Number         0  stubs.o ABSOLUTE
    _printf_percent                          0x00000000   Number         0  stubs.o ABSOLUTE
    _printf_pre_padding                      0x00000000   Number         0  stubs.o ABSOLUTE
    _printf_return_value                     0x00000000   Number         0  stubs.o ABSOLUTE
    _printf_s                                0x00000000   Number         0  stubs.o ABSOLUTE
    _printf_sizespec                         0x00000000   Number         0  stubs.o ABSOLUTE
    _printf_str                              0x00000000   Number         0  stubs.o ABSOLUTE
    _printf_truncate_signed                  0x00000000   Number         0  stubs.o ABSOLUTE
    _printf_truncate_unsigned                0x00000000   Number         0  stubs.o ABSOLUTE
    _printf_u                                0x00000000   Number         0  stubs.o ABSOLUTE
    _printf_wc                               0x00000000   Number         0  stubs.o ABSOLUTE
    _printf_wctomb                           0x00000000   Number         0  stubs.o ABSOLUTE
    _printf_widthprec                        0x00000000   Number         0  stubs.o ABSOLUTE
    _printf_x                                0x00000000   Number         0  stubs.o ABSOLUTE
    __cpp_initialize__aeabi_                  - Undefined Weak Reference
    __cxa_finalize                            - Undefined Weak Reference
    __decompress                              - Undefined Weak Reference
    _clock_init                               - Undefined Weak Reference
    _microlib_exit                            - Undefined Weak Reference
    __Vectors_Size                           0x000001ac   Number         0  startup_stm32f429_439xx.o ABSOLUTE
    __Vectors                                0x080c0000   Data           4  startup_stm32f429_439xx.o(RESET)
    __Vectors_End                            0x080c01ac   Data           0  startup_stm32f429_439xx.o(RESET)
    __main                                   0x080c01ad   Thumb Code     0  entry.o(.ARM.Collect$$$$00000000)
    _main_stk                                0x080c01ad   Thumb Code     0  entry2.o(.ARM.Collect$$$$00000001)
    _main_scatterload                        0x080c01b1   Thumb Code     0  entry5.o(.ARM.Collect$$$$00000004)
    __main_after_scatterload                 0x080c01b5   Thumb Code     0  entry5.o(.ARM.Collect$$$$00000004)
    _main_clock                              0x080c01b5   Thumb Code     0  entry7b.o(.ARM.Collect$$$$00000008)
    _main_cpp_init                           0x080c01b5   Thumb Code     0  entry8b.o(.ARM.Collect$$$$0000000A)
    _main_init                               0x080c01b5   Thumb Code     0  entry9a.o(.ARM.Collect$$$$0000000B)
    __rt_final_cpp                           0x080c01bd   Thumb Code     0  entry10a.o(.ARM.Collect$$$$0000000D)
    __rt_final_exit                          0x080c01bd   Thumb Code     0  entry11a.o(.ARM.Collect$$$$0000000F)
    Reset_Handler                            0x080c01c1   Thumb Code     8  startup_stm32f429_439xx.o(.text)
    ADC_IRQHandler                           0x080c01db   Thumb Code     0  startup_stm32f429_439xx.o(.text)
    CAN1_RX0_IRQHandler                      0x080c01db   Thumb Code     0  startup_stm32f429_439xx.o(.text)
    CAN1_RX1_IRQHandler                      0x080c01db   Thumb Code     0  startup_stm32f429_439xx.o(.text)
    CAN1_SCE_IRQHandler                      0x080c01db   Thumb Code     0  startup_stm32f429_439xx.o(.text)
    CAN1_TX_IRQHandler                       0x080c01db   Thumb Code     0  startup_stm32f429_439xx.o(.text)
    CAN2_RX0_IRQHandler                      0x080c01db   Thumb Code     0  startup_stm32f429_439xx.o(.text)
    CAN2_RX1_IRQHandler                      0x080c01db   Thumb Code     0  startup_stm32f429_439xx.o(.text)
    CAN2_SCE_IRQHandler                      0x080c01db   Thumb Code     0  startup_stm32f429_439xx.o(.text)
    CAN2_TX_IRQHandler                       0x080c01db   Thumb Code     0  startup_stm32f429_439xx.o(.text)
    CRYP_IRQHandler                          0x080c01db   Thumb Code     0  startup_stm32f429_439xx.o(.text)
    DCMI_IRQHandler                          0x080c01db   Thumb Code     0  startup_stm32f429_439xx.o(.text)
    DMA1_Stream0_IRQHandler                  0x080c01db   Thumb Code     0  startup_stm32f429_439xx.o(.text)
    DMA1_Stream1_IRQHandler                  0x080c01db   Thumb Code     0  startup_stm32f429_439xx.o(.text)
    DMA1_Stream2_IRQHandler                  0x080c01db   Thumb Code     0  startup_stm32f429_439xx.o(.text)
    DMA1_Stream3_IRQHandler                  0x080c01db   Thumb Code     0  startup_stm32f429_439xx.o(.text)
    DMA1_Stream4_IRQHandler                  0x080c01db   Thumb Code     0  startup_stm32f429_439xx.o(.text)
    DMA1_Stream5_IRQHandler                  0x080c01db   Thumb Code     0  startup_stm32f429_439xx.o(.text)
    DMA1_Stream6_IRQHandler                  0x080c01db   Thumb Code     0  startup_stm32f429_439xx.o(.text)
    DMA1_Stream7_IRQHandler                  0x080c01db   Thumb Code     0  startup_stm32f429_439xx.o(.text)
    DMA2D_IRQHandler                         0x080c01db   Thumb Code     0  startup_stm32f429_439xx.o(.text)
    DMA2_Stream0_IRQHandler                  0x080c01db   Thumb Code     0  startup_stm32f429_439xx.o(.text)
    DMA2_Stream1_IRQHandler                  0x080c01db   Thumb Code     0  startup_stm32f429_439xx.o(.text)
    DMA2_Stream2_IRQHandler                  0x080c01db   Thumb Code     0  startup_stm32f429_439xx.o(.text)
    DMA2_Stream3_IRQHandler                  0x080c01db   Thumb Code     0  startup_stm32f429_439xx.o(.text)
    DMA2_Stream4_IRQHandler                  0x080c01db   Thumb Code     0  startup_stm32f429_439xx.o(.text)
    DMA2_Stream5_IRQHandler                  0x080c01db   Thumb Code     0  startup_stm32f429_439xx.o(.text)
    DMA2_Stream6_IRQHandler                  0x080c01db   Thumb Code     0  startup_stm32f429_439xx.o(.text)
    DMA2_Stream7_IRQHandler                  0x080c01db   Thumb Code     0  startup_stm32f429_439xx.o(.text)
    ETH_IRQHandler                           0x080c01db   Thumb Code     0  startup_stm32f429_439xx.o(.text)
    ETH_WKUP_IRQHandler                      0x080c01db   Thumb Code     0  startup_stm32f429_439xx.o(.text)
    EXTI0_IRQHandler                         0x080c01db   Thumb Code     0  startup_stm32f429_439xx.o(.text)
    EXTI15_10_IRQHandler                     0x080c01db   Thumb Code     0  startup_stm32f429_439xx.o(.text)
    EXTI1_IRQHandler                         0x080c01db   Thumb Code     0  startup_stm32f429_439xx.o(.text)
    EXTI2_IRQHandler                         0x080c01db   Thumb Code     0  startup_stm32f429_439xx.o(.text)
    EXTI3_IRQHandler                         0x080c01db   Thumb Code     0  startup_stm32f429_439xx.o(.text)
    EXTI4_IRQHandler                         0x080c01db   Thumb Code     0  startup_stm32f429_439xx.o(.text)
    EXTI9_5_IRQHandler                       0x080c01db   Thumb Code     0  startup_stm32f429_439xx.o(.text)
    FLASH_IRQHandler                         0x080c01db   Thumb Code     0  startup_stm32f429_439xx.o(.text)
    FMC_IRQHandler                           0x080c01db   Thumb Code     0  startup_stm32f429_439xx.o(.text)
    FPU_IRQHandler                           0x080c01db   Thumb Code     0  startup_stm32f429_439xx.o(.text)
    HASH_RNG_IRQHandler                      0x080c01db   Thumb Code     0  startup_stm32f429_439xx.o(.text)
    I2C1_ER_IRQHandler                       0x080c01db   Thumb Code     0  startup_stm32f429_439xx.o(.text)
    I2C1_EV_IRQHandler                       0x080c01db   Thumb Code     0  startup_stm32f429_439xx.o(.text)
    I2C2_ER_IRQHandler                       0x080c01db   Thumb Code     0  startup_stm32f429_439xx.o(.text)
    I2C2_EV_IRQHandler                       0x080c01db   Thumb Code     0  startup_stm32f429_439xx.o(.text)
    I2C3_ER_IRQHandler                       0x080c01db   Thumb Code     0  startup_stm32f429_439xx.o(.text)
    I2C3_EV_IRQHandler                       0x080c01db   Thumb Code     0  startup_stm32f429_439xx.o(.text)
    LTDC_ER_IRQHandler                       0x080c01db   Thumb Code     0  startup_stm32f429_439xx.o(.text)
    LTDC_IRQHandler                          0x080c01db   Thumb Code     0  startup_stm32f429_439xx.o(.text)
    OTG_FS_IRQHandler                        0x080c01db   Thumb Code     0  startup_stm32f429_439xx.o(.text)
    OTG_FS_WKUP_IRQHandler                   0x080c01db   Thumb Code     0  startup_stm32f429_439xx.o(.text)
    OTG_HS_EP1_IN_IRQHandler                 0x080c01db   Thumb Code     0  startup_stm32f429_439xx.o(.text)
    OTG_HS_EP1_OUT_IRQHandler                0x080c01db   Thumb Code     0  startup_stm32f429_439xx.o(.text)
    OTG_HS_WKUP_IRQHandler                   0x080c01db   Thumb Code     0  startup_stm32f429_439xx.o(.text)
    PVD_IRQHandler                           0x080c01db   Thumb Code     0  startup_stm32f429_439xx.o(.text)
    RCC_IRQHandler                           0x080c01db   Thumb Code     0  startup_stm32f429_439xx.o(.text)
    RTC_Alarm_IRQHandler                     0x080c01db   Thumb Code     0  startup_stm32f429_439xx.o(.text)
    RTC_WKUP_IRQHandler                      0x080c01db   Thumb Code     0  startup_stm32f429_439xx.o(.text)
    SAI1_IRQHandler                          0x080c01db   Thumb Code     0  startup_stm32f429_439xx.o(.text)
    SDIO_IRQHandler                          0x080c01db   Thumb Code     0  startup_stm32f429_439xx.o(.text)
    SPI1_IRQHandler                          0x080c01db   Thumb Code     0  startup_stm32f429_439xx.o(.text)
    SPI2_IRQHandler                          0x080c01db   Thumb Code     0  startup_stm32f429_439xx.o(.text)
    SPI3_IRQHandler                          0x080c01db   Thumb Code     0  startup_stm32f429_439xx.o(.text)
    SPI4_IRQHandler                          0x080c01db   Thumb Code     0  startup_stm32f429_439xx.o(.text)
    SPI5_IRQHandler                          0x080c01db   Thumb Code     0  startup_stm32f429_439xx.o(.text)
    SPI6_IRQHandler                          0x080c01db   Thumb Code     0  startup_stm32f429_439xx.o(.text)
    TAMP_STAMP_IRQHandler                    0x080c01db   Thumb Code     0  startup_stm32f429_439xx.o(.text)
    TIM1_BRK_TIM9_IRQHandler                 0x080c01db   Thumb Code     0  startup_stm32f429_439xx.o(.text)
    TIM1_CC_IRQHandler                       0x080c01db   Thumb Code     0  startup_stm32f429_439xx.o(.text)
    TIM1_TRG_COM_TIM11_IRQHandler            0x080c01db   Thumb Code     0  startup_stm32f429_439xx.o(.text)
    TIM1_UP_TIM10_IRQHandler                 0x080c01db   Thumb Code     0  startup_stm32f429_439xx.o(.text)
    TIM3_IRQHandler                          0x080c01db   Thumb Code     0  startup_stm32f429_439xx.o(.text)
    TIM4_IRQHandler                          0x080c01db   Thumb Code     0  startup_stm32f429_439xx.o(.text)
    TIM5_IRQHandler                          0x080c01db   Thumb Code     0  startup_stm32f429_439xx.o(.text)
    TIM7_IRQHandler                          0x080c01db   Thumb Code     0  startup_stm32f429_439xx.o(.text)
    TIM8_BRK_TIM12_IRQHandler                0x080c01db   Thumb Code     0  startup_stm32f429_439xx.o(.text)
    TIM8_CC_IRQHandler                       0x080c01db   Thumb Code     0  startup_stm32f429_439xx.o(.text)
    TIM8_TRG_COM_TIM14_IRQHandler            0x080c01db   Thumb Code     0  startup_stm32f429_439xx.o(.text)
    TIM8_UP_TIM13_IRQHandler                 0x080c01db   Thumb Code     0  startup_stm32f429_439xx.o(.text)
    UART4_IRQHandler                         0x080c01db   Thumb Code     0  startup_stm32f429_439xx.o(.text)
    UART5_IRQHandler                         0x080c01db   Thumb Code     0  startup_stm32f429_439xx.o(.text)
    UART7_IRQHandler                         0x080c01db   Thumb Code     0  startup_stm32f429_439xx.o(.text)
    UART8_IRQHandler                         0x080c01db   Thumb Code     0  startup_stm32f429_439xx.o(.text)
    USART1_IRQHandler                        0x080c01db   Thumb Code     0  startup_stm32f429_439xx.o(.text)
    USART2_IRQHandler                        0x080c01db   Thumb Code     0  startup_stm32f429_439xx.o(.text)
    USART3_IRQHandler                        0x080c01db   Thumb Code     0  startup_stm32f429_439xx.o(.text)
    USART6_IRQHandler                        0x080c01db   Thumb Code     0  startup_stm32f429_439xx.o(.text)
    WWDG_IRQHandler                          0x080c01db   Thumb Code     0  startup_stm32f429_439xx.o(.text)
    __scatterload                            0x080c01e5   Thumb Code    28  init.o(.text)
    __scatterload_rt2                        0x080c01e5   Thumb Code     0  init.o(.text)
    BusFault_Handler                         0x080c0299   Thumb Code     2  stm32f4xx_it.o(i.BusFault_Handler)
    DMA2D_DeInit                             0x080c029b   Thumb Code    24  stm32f4xx_dma2d.o(i.DMA2D_DeInit)
    DMA2D_GetFlagStatus                      0x080c02b5   Thumb Code    16  stm32f4xx_dma2d.o(i.DMA2D_GetFlagStatus)
    DMA2D_Init                               0x080c02c9   Thumb Code   174  stm32f4xx_dma2d.o(i.DMA2D_Init)
    DMA2D_StartTransfer                      0x080c0381   Thumb Code    12  stm32f4xx_dma2d.o(i.DMA2D_StartTransfer)
    DebugMon_Handler                         0x080c0391   Thumb Code     2  stm32f4xx_it.o(i.DebugMon_Handler)
    Delay                                    0x080c0393   Thumb Code    18  main.o(i.Delay)
    EXTI_DeInit                              0x080c03a5   Thumb Code    28  stm32f4xx_exti.o(i.EXTI_DeInit)
    FLASH_ClearFlag                          0x080c03c9   Thumb Code     6  stm32f4xx_flash.o(i.FLASH_ClearFlag)
    FLASH_EraseSector                        0x080c03d5   Thumb Code   106  stm32f4xx_flash.o(i.FLASH_EraseSector)
    FLASH_GetStatus                          0x080c0445   Thumb Code    56  stm32f4xx_flash.o(i.FLASH_GetStatus)
    FLASH_If_Erase                           0x080c0481   Thumb Code    96  flash_if.o(i.FLASH_If_Erase)
    FLASH_If_Write                           0x080c04e5   Thumb Code    76  flash_if.o(i.FLASH_If_Write)
    FLASH_ProgramWord                        0x080c0535   Thumb Code    56  stm32f4xx_flash.o(i.FLASH_ProgramWord)
    FLASH_Unlock                             0x080c0571   Thumb Code    22  stm32f4xx_flash.o(i.FLASH_Unlock)
    FLASH_WaitForLastOperation               0x080c0595   Thumb Code    34  stm32f4xx_flash.o(i.FLASH_WaitForLastOperation)
    FMC_GetFlagStatus                        0x080c05b7   Thumb Code    54  stm32f4xx_fmc.o(i.FMC_GetFlagStatus)
    FMC_SDRAMCmdConfig                       0x080c05ed   Thumb Code    26  stm32f4xx_fmc.o(i.FMC_SDRAMCmdConfig)
    FMC_SDRAMInit                            0x080c060d   Thumb Code   262  stm32f4xx_fmc.o(i.FMC_SDRAMInit)
    FMC_SetRefreshCount                      0x080c0715   Thumb Code    12  stm32f4xx_fmc.o(i.FMC_SetRefreshCount)
    File_IAP                                 0x080c0725   Thumb Code   242  main.o(i.File_IAP)
    GPIO_Configuration                       0x080c0841   Thumb Code   172  main.o(i.GPIO_Configuration)
    GPIO_Init                                0x080c08fd   Thumb Code   124  stm32f4xx_gpio.o(i.GPIO_Init)
    GPIO_PinAFConfig                         0x080c0979   Thumb Code    32  stm32f4xx_gpio.o(i.GPIO_PinAFConfig)
    GPIO_ResetBits                           0x080c0999   Thumb Code     4  stm32f4xx_gpio.o(i.GPIO_ResetBits)
    GPIO_SetBits                             0x080c099d   Thumb Code     4  stm32f4xx_gpio.o(i.GPIO_SetBits)
    HCD_GetCurrentFrame                      0x080c09a1   Thumb Code     8  usb_hcd.o(i.HCD_GetCurrentFrame)
    HCD_GetCurrentSpeed                      0x080c09a9   Thumb Code    12  usb_hcd.o(i.HCD_GetCurrentSpeed)
    HCD_GetURB_State                         0x080c09b5   Thumb Code     8  usb_hcd.o(i.HCD_GetURB_State)
    HCD_GetXferCnt                           0x080c09bd   Thumb Code    10  usb_hcd.o(i.HCD_GetXferCnt)
    HCD_Init                                 0x080c09c7   Thumb Code    86  usb_hcd.o(i.HCD_Init)
    HCD_IsDeviceConnected                    0x080c0a1d   Thumb Code     6  usb_hcd.o(i.HCD_IsDeviceConnected)
    HCD_ResetPort                            0x080c0a23   Thumb Code    10  usb_hcd.o(i.HCD_ResetPort)
    HCD_SubmitRequest                        0x080c0a2d   Thumb Code    20  usb_hcd.o(i.HCD_SubmitRequest)
    HardFault_Handler                        0x080c0a41   Thumb Code     2  stm32f4xx_it.o(i.HardFault_Handler)
    IAP_Flash_Write                          0x080c0a43   Thumb Code    12  flash_if.o(i.IAP_Flash_Write)
    IAP_Start                                0x080c0a4f   Thumb Code    22  flash_if.o(i.IAP_Start)
    LCD_Clear                                0x080c0a65   Thumb Code    84  bsp_lcd.o(i.LCD_Clear)
    LCD_Init                                 0x080c0dbd   Thumb Code   132  bsp_lcd.o(i.LCD_Init)
    LCD_LayerInit                            0x080c0e41   Thumb Code   110  bsp_lcd.o(i.LCD_LayerInit)
    LCD_SetFont                              0x080c0ebd   Thumb Code     6  bsp_lcd.o(i.LCD_SetFont)
    LCD_SetLayer                             0x080c0ec9   Thumb Code    28  bsp_lcd.o(i.LCD_SetLayer)
    LCD_SetTransparency                      0x080c0eed   Thumb Code    40  bsp_lcd.o(i.LCD_SetTransparency)
    LED_GPIO_Config                          0x080c0f1d   Thumb Code    86  bsp_led.o(i.LED_GPIO_Config)
    LTDC_Cmd                                 0x080c0f79   Thumb Code    26  stm32f4xx_ltdc.o(i.LTDC_Cmd)
    LTDC_Init                                0x080c0f99   Thumb Code   156  stm32f4xx_ltdc.o(i.LTDC_Init)
    LTDC_LayerAlpha                          0x080c1041   Thumb Code     4  stm32f4xx_ltdc.o(i.LTDC_LayerAlpha)
    LTDC_LayerCmd                            0x080c1045   Thumb Code    24  stm32f4xx_ltdc.o(i.LTDC_LayerCmd)
    LTDC_LayerInit                           0x080c105d   Thumb Code   150  stm32f4xx_ltdc.o(i.LTDC_LayerInit)
    LTDC_ReloadConfig                        0x080c10f5   Thumb Code     6  stm32f4xx_ltdc.o(i.LTDC_ReloadConfig)
    Led_GPIO_Configuration                   0x080c1101   Thumb Code    86  main.o(i.Led_GPIO_Configuration)
    Lock_Off                                 0x080c1165   Thumb Code    10  main.o(i.Lock_Off)
    Lock_On                                  0x080c1175   Thumb Code    10  main.o(i.Lock_On)
    MemManage_Handler                        0x080c1185   Thumb Code     2  stm32f4xx_it.o(i.MemManage_Handler)
    NMI_Handler                              0x080c1187   Thumb Code     2  stm32f4xx_it.o(i.NMI_Handler)
    NVIC_Init                                0x080c11a1   Thumb Code    98  misc.o(i.NVIC_Init)
    NVIC_PriorityGroupConfig                 0x080c1209   Thumb Code    10  misc.o(i.NVIC_PriorityGroupConfig)
    NVIC_SetVectorTable                      0x080c121d   Thumb Code    12  misc.o(i.NVIC_SetVectorTable)
    OTG_HS_IRQHandler                        0x080c1231   Thumb Code     6  usbh_it.o(i.OTG_HS_IRQHandler)
    PendSV_Handler                           0x080c123d   Thumb Code     2  stm32f4xx_it.o(i.PendSV_Handler)
    RCC_AHB1PeriphClockCmd                   0x080c1241   Thumb Code    22  stm32f4xx_rcc.o(i.RCC_AHB1PeriphClockCmd)
    RCC_AHB1PeriphResetCmd                   0x080c125d   Thumb Code    22  stm32f4xx_rcc.o(i.RCC_AHB1PeriphResetCmd)
    RCC_AHB3PeriphClockCmd                   0x080c1279   Thumb Code    22  stm32f4xx_rcc.o(i.RCC_AHB3PeriphClockCmd)
    RCC_APB1PeriphClockCmd                   0x080c1295   Thumb Code    22  stm32f4xx_rcc.o(i.RCC_APB1PeriphClockCmd)
    RCC_APB1PeriphResetCmd                   0x080c12b1   Thumb Code    22  stm32f4xx_rcc.o(i.RCC_APB1PeriphResetCmd)
    RCC_APB2PeriphClockCmd                   0x080c12cd   Thumb Code    22  stm32f4xx_rcc.o(i.RCC_APB2PeriphClockCmd)
    RCC_APB2PeriphResetCmd                   0x080c12e9   Thumb Code    22  stm32f4xx_rcc.o(i.RCC_APB2PeriphResetCmd)
    RCC_DeInit                               0x080c1305   Thumb Code    68  stm32f4xx_rcc.o(i.RCC_DeInit)
    RCC_GetFlagStatus                        0x080c1359   Thumb Code    50  stm32f4xx_rcc.o(i.RCC_GetFlagStatus)
    RCC_LTDCCLKDivConfig                     0x080c1391   Thumb Code    14  stm32f4xx_rcc.o(i.RCC_LTDCCLKDivConfig)
    RCC_PLLSAICmd                            0x080c13a5   Thumb Code     6  stm32f4xx_rcc.o(i.RCC_PLLSAICmd)
    RCC_PLLSAIConfig                         0x080c13b1   Thumb Code    16  stm32f4xx_rcc.o(i.RCC_PLLSAIConfig)
    RCC_RTCCLKCmd                            0x080c13c5   Thumb Code     6  stm32f4xx_rcc.o(i.RCC_RTCCLKCmd)
    RTC_DeInit                               0x080c13e5   Thumb Code   174  stm32f4xx_rtc.o(i.RTC_DeInit)
    RTC_EnterInitMode                        0x080c149d   Thumb Code    62  stm32f4xx_rtc.o(i.RTC_EnterInitMode)
    RTC_GetDate                              0x080c14e1   Thumb Code    64  stm32f4xx_rtc.o(i.RTC_GetDate)
    RTC_GetTime                              0x080c1529   Thumb Code    68  stm32f4xx_rtc.o(i.RTC_GetTime)
    RTC_ITConfig                             0x080c1575   Thumb Code    64  stm32f4xx_rtc.o(i.RTC_ITConfig)
    RTC_WaitForSynchro                       0x080c15b9   Thumb Code    72  stm32f4xx_rtc.o(i.RTC_WaitForSynchro)
    RTC_WakeUpCmd                            0x080c1605   Thumb Code    90  stm32f4xx_rtc.o(i.RTC_WakeUpCmd)
    SDRAM_Init                               0x080c19e9   Thumb Code    92  bsp_sdram.o(i.SDRAM_Init)
    SVC_Handler                              0x080c1b11   Thumb Code     2  stm32f4xx_it.o(i.SVC_Handler)
    SysTick_Handler                          0x080c1be9   Thumb Code     2  stm32f4xx_it.o(i.SysTick_Handler)
    SystemInit                               0x080c1bed   Thumb Code    72  system_stm32f4xx.o(i.SystemInit)
    TIM2_IRQHandler                          0x080c1c49   Thumb Code     4  usbh_it.o(i.TIM2_IRQHandler)
    TIM6_Configuration                       0x080c1c4d   Thumb Code    14  bsp_basic_tim.o(i.TIM6_Configuration)
    TIM6_DAC_IRQHandler                      0x080c1c5d   Thumb Code    30  stm32f4xx_it.o(i.TIM6_DAC_IRQHandler)
    TIM_ARRPreloadConfig                     0x080c1cab   Thumb Code    24  stm32f4xx_tim.o(i.TIM_ARRPreloadConfig)
    TIM_ClearFlag                            0x080c1cc3   Thumb Code     6  stm32f4xx_tim.o(i.TIM_ClearFlag)
    TIM_ClearITPendingBit                    0x080c1cc9   Thumb Code     6  stm32f4xx_tim.o(i.TIM_ClearITPendingBit)
    TIM_Cmd                                  0x080c1ccf   Thumb Code    24  stm32f4xx_tim.o(i.TIM_Cmd)
    TIM_DeInit                               0x080c1ce9   Thumb Code   376  stm32f4xx_tim.o(i.TIM_DeInit)
    TIM_GetITStatus                          0x080c1e95   Thumb Code    24  stm32f4xx_tim.o(i.TIM_GetITStatus)
    TIM_ITConfig                             0x080c1ead   Thumb Code    20  stm32f4xx_tim.o(i.TIM_ITConfig)
    TIM_TimeBaseInit                         0x080c1f01   Thumb Code    96  stm32f4xx_tim.o(i.TIM_TimeBaseInit)
    USBH_Alloc_Channel                       0x080c1f7d   Thumb Code    36  usbh_hcs.o(i.USBH_Alloc_Channel)
    USBH_BulkReceiveData                     0x080c1fa1   Thumb Code    54  usbh_ioreq.o(i.USBH_BulkReceiveData)
    USBH_BulkSendData                        0x080c1fd7   Thumb Code    52  usbh_ioreq.o(i.USBH_BulkSendData)
    USBH_ClrFeature                          0x080c200b   Thumb Code    46  usbh_stdreq.o(i.USBH_ClrFeature)
    USBH_Connected                           0x080c2039   Thumb Code    10  usbh_core.o(i.USBH_Connected)
    USBH_CtlReceiveData                      0x080c2043   Thumb Code    36  usbh_ioreq.o(i.USBH_CtlReceiveData)
    USBH_CtlReq                              0x080c2067   Thumb Code    76  usbh_ioreq.o(i.USBH_CtlReq)
    USBH_CtlSendData                         0x080c20b3   Thumb Code    60  usbh_ioreq.o(i.USBH_CtlSendData)
    USBH_CtlSendSetup                        0x080c20ef   Thumb Code    38  usbh_ioreq.o(i.USBH_CtlSendSetup)
    USBH_DeAllocate_AllChannel               0x080c2115   Thumb Code    24  usbh_hcs.o(i.USBH_DeAllocate_AllChannel)
    USBH_DeInit                              0x080c212d   Thumb Code    52  usbh_core.o(i.USBH_DeInit)
    USBH_Disconnected                        0x080c2161   Thumb Code    10  usbh_core.o(i.USBH_Disconnected)
    USBH_ErrorHandle                         0x080c216b   Thumb Code    44  usbh_core.o(i.USBH_ErrorHandle)
    USBH_Free_Channel                        0x080c2197   Thumb Code    24  usbh_hcs.o(i.USBH_Free_Channel)
    USBH_GetDescriptor                       0x080c21af   Thumb Code    50  usbh_stdreq.o(i.USBH_GetDescriptor)
    USBH_GetNextDesc                         0x080c21ff   Thumb Code    14  usbh_stdreq.o(i.USBH_GetNextDesc)
    USBH_Get_CfgDesc                         0x080c220d   Thumb Code    86  usbh_stdreq.o(i.USBH_Get_CfgDesc)
    USBH_Get_DevDesc                         0x080c2269   Thumb Code    50  usbh_stdreq.o(i.USBH_Get_DevDesc)
    USBH_Get_StringDesc                      0x080c229b   Thumb Code    46  usbh_stdreq.o(i.USBH_Get_StringDesc)
    USBH_HandleControl                       0x080c22c9   Thumb Code   508  usbh_core.o(i.USBH_HandleControl)
    USBH_Init                                0x080c2691   Thumb Code    64  usbh_core.o(i.USBH_Init)
    USBH_MSC_BOT_Abort                       0x080c26e9   Thumb Code    56  usbh_msc_bot.o(i.USBH_MSC_BOT_Abort)
    USBH_MSC_DecodeCSW                       0x080c2735   Thumb Code    88  usbh_msc_bot.o(i.USBH_MSC_DecodeCSW)
    USBH_MSC_ErrorHandle                     0x080c2799   Thumb Code    44  usbh_msc_core.o(i.USBH_MSC_ErrorHandle)
    USBH_MSC_HandleBOTXfer                   0x080c2949   Thumb Code   590  usbh_msc_bot.o(i.USBH_MSC_HandleBOTXfer)
    USBH_MSC_Init                            0x080c2ba5   Thumb Code    40  usbh_msc_bot.o(i.USBH_MSC_Init)
    USBH_MSC_ModeSense6                      0x080c2cbd   Thumb Code   142  usbh_msc_scsi.o(i.USBH_MSC_ModeSense6)
    USBH_MSC_Read10                          0x080c2d59   Thumb Code   208  usbh_msc_scsi.o(i.USBH_MSC_Read10)
    USBH_MSC_ReadCapacity10                  0x080c2e35   Thumb Code   148  usbh_msc_scsi.o(i.USBH_MSC_ReadCapacity10)
    USBH_MSC_RequestSense                    0x080c2ed5   Thumb Code   146  usbh_msc_scsi.o(i.USBH_MSC_RequestSense)
    USBH_MSC_TestUnitReady                   0x080c2f75   Thumb Code   116  usbh_msc_scsi.o(i.USBH_MSC_TestUnitReady)
    USBH_MSC_Write10                         0x080c2ff5   Thumb Code   156  usbh_msc_scsi.o(i.USBH_MSC_Write10)
    USBH_Modify_Channel                      0x080c3099   Thumb Code    52  usbh_hcs.o(i.USBH_Modify_Channel)
    USBH_OTG_ISR_Handler                     0x080c30cd   Thumb Code   168  usb_hcd_int.o(i.USBH_OTG_ISR_Handler)
    USBH_Open_Channel                        0x080c3175   Thumb Code    80  usbh_hcs.o(i.USBH_Open_Channel)
    USBH_Process                             0x080c3395   Thumb Code   402  usbh_core.o(i.USBH_Process)
    USBH_SOF                                 0x080c3527   Thumb Code     4  usbh_core.o(i.USBH_SOF)
    USBH_SetAddress                          0x080c352b   Thumb Code    24  usbh_stdreq.o(i.USBH_SetAddress)
    USBH_SetCfg                              0x080c3543   Thumb Code    24  usbh_stdreq.o(i.USBH_SetCfg)
    USBH_USR_Configuration_DescAvailable     0x080c356f   Thumb Code     4  usbh_usr.o(i.USBH_USR_Configuration_DescAvailable)
    USBH_USR_DeInit                          0x080c3573   Thumb Code     2  usbh_usr.o(i.USBH_USR_DeInit)
    USBH_USR_DeviceAddressAssigned           0x080c3575   Thumb Code     2  usbh_usr.o(i.USBH_USR_DeviceAddressAssigned)
    USBH_USR_DeviceAttached                  0x080c3579   Thumb Code    12  usbh_usr.o(i.USBH_USR_DeviceAttached)
    USBH_USR_DeviceDisconnected              0x080c358d   Thumb Code    14  usbh_usr.o(i.USBH_USR_DeviceDisconnected)
    USBH_USR_DeviceNotSupported              0x080c35a5   Thumb Code     2  usbh_usr.o(i.USBH_USR_DeviceNotSupported)
    USBH_USR_DeviceSpeedDetected             0x080c35a7   Thumb Code     2  usbh_usr.o(i.USBH_USR_DeviceSpeedDetected)
    USBH_USR_Device_DescAvailable            0x080c35a9   Thumb Code     2  usbh_usr.o(i.USBH_USR_Device_DescAvailable)
    USBH_USR_EnumerationDone                 0x080c35ab   Thumb Code     2  usbh_usr.o(i.USBH_USR_EnumerationDone)
    USBH_USR_Init                            0x080c35ad   Thumb Code    14  usbh_usr.o(i.USBH_USR_Init)
    USBH_USR_MSC_Application                 0x080c35c1   Thumb Code     4  usbh_usr.o(i.USBH_USR_MSC_Application)
    USBH_USR_Manufacturer_String             0x080c35c5   Thumb Code     2  usbh_usr.o(i.USBH_USR_Manufacturer_String)
    USBH_USR_OverCurrentDetected             0x080c35c7   Thumb Code     2  usbh_usr.o(i.USBH_USR_OverCurrentDetected)
    USBH_USR_Product_String                  0x080c35c9   Thumb Code     2  usbh_usr.o(i.USBH_USR_Product_String)
    USBH_USR_ResetDevice                     0x080c35cb   Thumb Code     2  usbh_usr.o(i.USBH_USR_ResetDevice)
    USBH_USR_SerialNum_String                0x080c35cd   Thumb Code     2  usbh_usr.o(i.USBH_USR_SerialNum_String)
    USBH_USR_UnrecoveredError                0x080c35cf   Thumb Code     2  usbh_usr.o(i.USBH_USR_UnrecoveredError)
    USBH_USR_UserInput                       0x080c35d1   Thumb Code     4  usbh_usr.o(i.USBH_USR_UserInput)
    USB_OTG_BSP_ConfigVBUS                   0x080c35d5   Thumb Code     8  usb_bsp.o(i.USB_OTG_BSP_ConfigVBUS)
    USB_OTG_BSP_DriveVBUS                    0x080c35e1   Thumb Code     2  usb_bsp.o(i.USB_OTG_BSP_DriveVBUS)
    USB_OTG_BSP_EnableInterrupt              0x080c35e3   Thumb Code    40  usb_bsp.o(i.USB_OTG_BSP_EnableInterrupt)
    USB_OTG_BSP_Init                         0x080c360d   Thumb Code    72  usb_bsp.o(i.USB_OTG_BSP_Init)
    USB_OTG_BSP_TimerIRQ                     0x080c3695   Thumb Code    50  usb_bsp.o(i.USB_OTG_BSP_TimerIRQ)
    USB_OTG_BSP_mDelay                       0x080c36cd   Thumb Code     6  usb_bsp.o(i.USB_OTG_BSP_mDelay)
    USB_OTG_BSP_uDelay                       0x080c36d3   Thumb Code     6  usb_bsp.o(i.USB_OTG_BSP_uDelay)
    USB_OTG_CoreInit                         0x080c36d9   Thumb Code   168  usb_core.o(i.USB_OTG_CoreInit)
    USB_OTG_CoreInitHost                     0x080c3781   Thumb Code   180  usb_core.o(i.USB_OTG_CoreInitHost)
    USB_OTG_DisableGlobalInt                 0x080c3891   Thumb Code    16  usb_core.o(i.USB_OTG_DisableGlobalInt)
    USB_OTG_DriveVbus                        0x080c38a1   Thumb Code    72  usb_core.o(i.USB_OTG_DriveVbus)
    USB_OTG_EnableGlobalInt                  0x080c3905   Thumb Code    16  usb_core.o(i.USB_OTG_EnableGlobalInt)
    USB_OTG_EnableHostInt                    0x080c3915   Thumb Code    70  usb_core.o(i.USB_OTG_EnableHostInt)
    USB_OTG_FlushRxFifo                      0x080c395d   Thumb Code    54  usb_core.o(i.USB_OTG_FlushRxFifo)
    USB_OTG_FlushTxFifo                      0x080c3999   Thumb Code    62  usb_core.o(i.USB_OTG_FlushTxFifo)
    USB_OTG_GetMode                          0x080c39dd   Thumb Code    10  usb_core.o(i.USB_OTG_GetMode)
    USB_OTG_HC_DoPing                        0x080c39e7   Thumb Code    42  usb_core.o(i.USB_OTG_HC_DoPing)
    USB_OTG_HC_Halt                          0x080c3a11   Thumb Code   100  usb_core.o(i.USB_OTG_HC_Halt)
    USB_OTG_HC_Init                          0x080c3a75   Thumb Code   316  usb_core.o(i.USB_OTG_HC_Init)
    USB_OTG_HC_StartXfer                     0x080c3bb1   Thumb Code   288  usb_core.o(i.USB_OTG_HC_StartXfer)
    USB_OTG_InitFSLSPClkSel                  0x080c3cd1   Thumb Code    12  usb_core.o(i.USB_OTG_InitFSLSPClkSel)
    USB_OTG_IsEvenFrame                      0x080c3cdd   Thumb Code    12  usb_core.o(i.USB_OTG_IsEvenFrame)
    USB_OTG_IsHostMode                       0x080c3ce9   Thumb Code    14  usb_core.o(i.USB_OTG_IsHostMode)
    USB_OTG_ReadCoreItr                      0x080c3cf7   Thumb Code    10  usb_core.o(i.USB_OTG_ReadCoreItr)
    USB_OTG_ReadHPRT0                        0x080c3d01   Thumb Code    24  usb_core.o(i.USB_OTG_ReadHPRT0)
    USB_OTG_ReadHostAllChannels_intr         0x080c3d19   Thumb Code     6  usb_core.o(i.USB_OTG_ReadHostAllChannels_intr)
    USB_OTG_ReadPacket                       0x080c3d1f   Thumb Code    32  usb_core.o(i.USB_OTG_ReadPacket)
    USB_OTG_ResetPort                        0x080c3d3f   Thumb Code    44  usb_core.o(i.USB_OTG_ResetPort)
    USB_OTG_SelectCore                       0x080c3d6d   Thumb Code   192  usb_core.o(i.USB_OTG_SelectCore)
    USB_OTG_SetCurrentMode                   0x080c3e31   Thumb Code    54  usb_core.o(i.USB_OTG_SetCurrentMode)
    USB_OTG_WritePacket                      0x080c4c39   Thumb Code    40  usb_core.o(i.USB_OTG_WritePacket)
    UsageFault_Handler                       0x080c4c61   Thumb Code     2  stm32f4xx_it.o(i.UsageFault_Handler)
    __scatterload_copy                       0x080c4c63   Thumb Code    14  handlers.o(i.__scatterload_copy)
    __scatterload_null                       0x080c4c71   Thumb Code     2  handlers.o(i.__scatterload_null)
    __scatterload_zeroinit                   0x080c4c73   Thumb Code    14  handlers.o(i.__scatterload_zeroinit)
    clust2sect                               0x080c4d0d   Thumb Code    24  ff.o(i.clust2sect)
    disk_initialize                          0x080c5441   Thumb Code    18  diskio.o(i.disk_initialize)
    disk_ioctl                               0x080c5459   Thumb Code    50  diskio.o(i.disk_ioctl)
    disk_read                                0x080c5491   Thumb Code    88  diskio.o(i.disk_read)
    disk_status                              0x080c54f1   Thumb Code     4  diskio.o(i.disk_status)
    disk_write                               0x080c54f5   Thumb Code    68  diskio.o(i.disk_write)
    f_mount                                  0x080c5541   Thumb Code    72  ff.o(i.f_mount)
    f_open                                   0x080c558d   Thumb Code   344  ff.o(i.f_open)
    f_read                                   0x080c56e5   Thumb Code   380  ff.o(i.f_read)
    ff_convert                               0x080c5861   Thumb Code    78  cc936.o(i.ff_convert)
    ff_wtoupper                              0x080c58b9   Thumb Code    34  cc936.o(i.ff_wtoupper)
    get_fat                                  0x080c5d9d   Thumb Code   256  ff.o(i.get_fat)
    get_fattime                              0x080c5e9d   Thumb Code    68  diskio.o(i.get_fattime)
    main                                     0x080c5f41   Thumb Code   164  main.o(i.main)
    put_fat                                  0x080c6075   Thumb Code   300  ff.o(i.put_fat)
    ASCII16x24_Table                         0x080c62b0   Data        4560  fonts.o(.constdata)
    Region$$Table$$Base                      0x080f2184   Number         0  anon$$obj.o(Region$$Table)
    Region$$Table$$Limit                     0x080f21a4   Number         0  anon$$obj.o(Region$$Table)
    Jumpflag                                 0x20000000   Data           1  main.o(.data)
    result                                   0x20000001   Data           1  main.o(.data)
    Colour                                   0x20000024   Data           8  bsp_lcd.o(.data)
    Font16x24                                0x2000002c   Data           8  fonts.o(.data)
    USB_Openflag                             0x20000034   Data           1  pbdata.o(.data)
    Disp_usbflag                             0x20000035   Data           1  pbdata.o(.data)
    BSP_delay                                0x20000038   Data           4  usb_bsp.o(.data)
    USR_cb                                   0x2000003c   Data          72  usbh_usr.o(.data)
    USBH_HCD_INT_cb                          0x20000088   Data          12  usbh_core.o(.data)
    USBH_HCD_INT_fops                        0x20000094   Data           4  usbh_core.o(.data)
    MSCErrorCount                            0x200000b4   Data           1  usbh_msc_core.o(.data)
    USBH_MSC_cb                              0x200000b8   Data          16  usbh_msc_core.o(.data)
    fs                                       0x200000cc   Data        4144  main.o(.bss)
    file                                     0x200010fc   Data        4132  main.o(.bss)
    USB_OTG_Core                             0x20002920   Data        1452  usbh_usr.o(.bss)
    USB_Host                                 0x20002ecc   Data         132  usbh_usr.o(.bss)
    USBH_CfgDesc                             0x20002f50   Data         512  usbh_stdreq.o(.bss)
    USBH_MSC_CBWData                         0x20003150   Data          32  usbh_msc_bot.o(.bss)
    USBH_MSC_CSWData                         0x20003170   Data          16  usbh_msc_bot.o(.bss)
    USBH_MSC_BOTXferParam                    0x20003180   Data          16  usbh_msc_bot.o(.bss)
    MSC_Machine                              0x20003190   Data         522  usbh_msc_core.o(.bss)
    USBH_MSC_Param                           0x2000339c   Data          16  usbh_msc_scsi.o(.bss)
    USBH_DataInBuffer                        0x200033ac   Data         512  usbh_msc_scsi.o(.bss)
    __initial_sp                             0x200039b8   Data           0  startup_stm32f429_439xx.o(STACK)



==============================================================================

Memory Map of the image

  Image Entry point : 0x080c01ad

  Load Region LR_IROM1 (Base: 0x080c0000, Size: 0x00032270, Max: 0x00040000, ABSOLUTE)

    Execution Region ER_IROM1 (Exec base: 0x080c0000, Load base: 0x080c0000, Size: 0x000321a4, Max: 0x00040000, ABSOLUTE)

    Exec Addr    Load Addr    Size         Type   Attr      Idx    E Section Name        Object

    0x080c0000   0x080c0000   0x000001ac   Data   RO            3    RESET               startup_stm32f429_439xx.o
    0x080c01ac   0x080c01ac   0x00000000   Code   RO         8166  * .ARM.Collect$$$$00000000  mc_w.l(entry.o)
    0x080c01ac   0x080c01ac   0x00000004   Code   RO         8436    .ARM.Collect$$$$00000001  mc_w.l(entry2.o)
    0x080c01b0   0x080c01b0   0x00000004   Code   RO         8439    .ARM.Collect$$$$00000004  mc_w.l(entry5.o)
    0x080c01b4   0x080c01b4   0x00000000   Code   RO         8441    .ARM.Collect$$$$00000008  mc_w.l(entry7b.o)
    0x080c01b4   0x080c01b4   0x00000000   Code   RO         8443    .ARM.Collect$$$$0000000A  mc_w.l(entry8b.o)
    0x080c01b4   0x080c01b4   0x00000008   Code   RO         8444    .ARM.Collect$$$$0000000B  mc_w.l(entry9a.o)
    0x080c01bc   0x080c01bc   0x00000000   Code   RO         8446    .ARM.Collect$$$$0000000D  mc_w.l(entry10a.o)
    0x080c01bc   0x080c01bc   0x00000000   Code   RO         8448    .ARM.Collect$$$$0000000F  mc_w.l(entry11a.o)
    0x080c01bc   0x080c01bc   0x00000004   Code   RO         8437    .ARM.Collect$$$$00002712  mc_w.l(entry2.o)
    0x080c01c0   0x080c01c0   0x00000024   Code   RO            4    .text               startup_stm32f429_439xx.o
    0x080c01e4   0x080c01e4   0x00000024   Code   RO         8466    .text               mc_w.l(init.o)
    0x080c0208   0x080c0208   0x00000024   Code   RO         6457    i.BSP_Delay         usb_bsp.o
    0x080c022c   0x080c022c   0x0000006c   Code   RO         6458    i.BSP_SetTime       usb_bsp.o
    0x080c0298   0x080c0298   0x00000002   Code   RO         5460    i.BusFault_Handler  stm32f4xx_it.o
    0x080c029a   0x080c029a   0x00000018   Code   RO         1464    i.DMA2D_DeInit      stm32f4xx_dma2d.o
    0x080c02b2   0x080c02b2   0x00000002   PAD
    0x080c02b4   0x080c02b4   0x00000014   Code   RO         1469    i.DMA2D_GetFlagStatus  stm32f4xx_dma2d.o
    0x080c02c8   0x080c02c8   0x000000b8   Code   RO         1472    i.DMA2D_Init        stm32f4xx_dma2d.o
    0x080c0380   0x080c0380   0x00000010   Code   RO         1474    i.DMA2D_StartTransfer  stm32f4xx_dma2d.o
    0x080c0390   0x080c0390   0x00000002   Code   RO         5461    i.DebugMon_Handler  stm32f4xx_it.o
    0x080c0392   0x080c0392   0x00000012   Code   RO         5267    i.Delay             main.o
    0x080c03a4   0x080c03a4   0x00000024   Code   RO         1592    i.EXTI_DeInit       stm32f4xx_exti.o
    0x080c03c8   0x080c03c8   0x0000000c   Code   RO         1656    i.FLASH_ClearFlag   stm32f4xx_flash.o
    0x080c03d4   0x080c03d4   0x00000070   Code   RO         1662    i.FLASH_EraseSector  stm32f4xx_flash.o
    0x080c0444   0x080c0444   0x0000003c   Code   RO         1664    i.FLASH_GetStatus   stm32f4xx_flash.o
    0x080c0480   0x080c0480   0x00000064   Code   RO         6792    i.FLASH_If_Erase    flash_if.o
    0x080c04e4   0x080c04e4   0x00000050   Code   RO         6794    i.FLASH_If_Write    flash_if.o
    0x080c0534   0x080c0534   0x0000003c   Code   RO         1692    i.FLASH_ProgramWord  stm32f4xx_flash.o
    0x080c0570   0x080c0570   0x00000024   Code   RO         1694    i.FLASH_Unlock      stm32f4xx_flash.o
    0x080c0594   0x080c0594   0x00000022   Code   RO         1695    i.FLASH_WaitForLastOperation  stm32f4xx_flash.o
    0x080c05b6   0x080c05b6   0x00000036   Code   RO         1950    i.FMC_GetFlagStatus  stm32f4xx_fmc.o
    0x080c05ec   0x080c05ec   0x00000020   Code   RO         1967    i.FMC_SDRAMCmdConfig  stm32f4xx_fmc.o
    0x080c060c   0x080c060c   0x00000106   Code   RO         1969    i.FMC_SDRAMInit     stm32f4xx_fmc.o
    0x080c0712   0x080c0712   0x00000002   PAD
    0x080c0714   0x080c0714   0x00000010   Code   RO         1973    i.FMC_SetRefreshCount  stm32f4xx_fmc.o
    0x080c0724   0x080c0724   0x0000011c   Code   RO         5268    i.File_IAP          main.o
    0x080c0840   0x080c0840   0x000000bc   Code   RO         5269    i.GPIO_Configuration  main.o
    0x080c08fc   0x080c08fc   0x0000007c   Code   RO         2152    i.GPIO_Init         stm32f4xx_gpio.o
    0x080c0978   0x080c0978   0x00000020   Code   RO         2153    i.GPIO_PinAFConfig  stm32f4xx_gpio.o
    0x080c0998   0x080c0998   0x00000004   Code   RO         2159    i.GPIO_ResetBits    stm32f4xx_gpio.o
    0x080c099c   0x080c099c   0x00000004   Code   RO         2160    i.GPIO_SetBits      stm32f4xx_gpio.o
    0x080c09a0   0x080c09a0   0x00000008   Code   RO         7033    i.HCD_GetCurrentFrame  usb_hcd.o
    0x080c09a8   0x080c09a8   0x0000000c   Code   RO         7034    i.HCD_GetCurrentSpeed  usb_hcd.o
    0x080c09b4   0x080c09b4   0x00000008   Code   RO         7036    i.HCD_GetURB_State  usb_hcd.o
    0x080c09bc   0x080c09bc   0x0000000a   Code   RO         7037    i.HCD_GetXferCnt    usb_hcd.o
    0x080c09c6   0x080c09c6   0x00000056   Code   RO         7039    i.HCD_Init          usb_hcd.o
    0x080c0a1c   0x080c0a1c   0x00000006   Code   RO         7040    i.HCD_IsDeviceConnected  usb_hcd.o
    0x080c0a22   0x080c0a22   0x0000000a   Code   RO         7041    i.HCD_ResetPort     usb_hcd.o
    0x080c0a2c   0x080c0a2c   0x00000014   Code   RO         7042    i.HCD_SubmitRequest  usb_hcd.o
    0x080c0a40   0x080c0a40   0x00000002   Code   RO         5462    i.HardFault_Handler  stm32f4xx_it.o
    0x080c0a42   0x080c0a42   0x0000000c   Code   RO         6795    i.IAP_Flash_Write   flash_if.o
    0x080c0a4e   0x080c0a4e   0x00000016   Code   RO         6796    i.IAP_Start         flash_if.o
    0x080c0a64   0x080c0a64   0x00000058   Code   RO         5775    i.LCD_Clear         bsp_lcd.o
    0x080c0abc   0x080c0abc   0x00000300   Code   RO         5799    i.LCD_GPIO_Config   bsp_lcd.o
    0x080c0dbc   0x080c0dbc   0x00000084   Code   RO         5802    i.LCD_Init          bsp_lcd.o
    0x080c0e40   0x080c0e40   0x0000007c   Code   RO         5803    i.LCD_LayerInit     bsp_lcd.o
    0x080c0ebc   0x080c0ebc   0x0000000c   Code   RO         5813    i.LCD_SetFont       bsp_lcd.o
    0x080c0ec8   0x080c0ec8   0x00000024   Code   RO         5814    i.LCD_SetLayer      bsp_lcd.o
    0x080c0eec   0x080c0eec   0x00000030   Code   RO         5816    i.LCD_SetTransparency  bsp_lcd.o
    0x080c0f1c   0x080c0f1c   0x0000005c   Code   RO         5685    i.LED_GPIO_Config   bsp_led.o
    0x080c0f78   0x080c0f78   0x00000020   Code   RO         2726    i.LTDC_Cmd          stm32f4xx_ltdc.o
    0x080c0f98   0x080c0f98   0x000000a8   Code   RO         2737    i.LTDC_Init         stm32f4xx_ltdc.o
    0x080c1040   0x080c1040   0x00000004   Code   RO         2740    i.LTDC_LayerAlpha   stm32f4xx_ltdc.o
    0x080c1044   0x080c1044   0x00000018   Code   RO         2741    i.LTDC_LayerCmd     stm32f4xx_ltdc.o
    0x080c105c   0x080c105c   0x00000096   Code   RO         2742    i.LTDC_LayerInit    stm32f4xx_ltdc.o
    0x080c10f2   0x080c10f2   0x00000002   PAD
    0x080c10f4   0x080c10f4   0x0000000c   Code   RO         2749    i.LTDC_ReloadConfig  stm32f4xx_ltdc.o
    0x080c1100   0x080c1100   0x00000064   Code   RO         5272    i.Led_GPIO_Configuration  main.o
    0x080c1164   0x080c1164   0x00000010   Code   RO         5273    i.Lock_Off          main.o
    0x080c1174   0x080c1174   0x00000010   Code   RO         5274    i.Lock_On           main.o
    0x080c1184   0x080c1184   0x00000002   Code   RO         5463    i.MemManage_Handler  stm32f4xx_it.o
    0x080c1186   0x080c1186   0x00000002   Code   RO         5464    i.NMI_Handler       stm32f4xx_it.o
    0x080c1188   0x080c1188   0x00000016   Code   RO         5275    i.NVIC_DisableIRQ   main.o
    0x080c119e   0x080c119e   0x00000002   PAD
    0x080c11a0   0x080c11a0   0x00000068   Code   RO          164    i.NVIC_Init         misc.o
    0x080c1208   0x080c1208   0x00000014   Code   RO          165    i.NVIC_PriorityGroupConfig  misc.o
    0x080c121c   0x080c121c   0x00000014   Code   RO          166    i.NVIC_SetVectorTable  misc.o
    0x080c1230   0x080c1230   0x0000000c   Code   RO         6755    i.OTG_HS_IRQHandler  usbh_it.o
    0x080c123c   0x080c123c   0x00000002   Code   RO         5465    i.PendSV_Handler    stm32f4xx_it.o
    0x080c123e   0x080c123e   0x00000002   PAD
    0x080c1240   0x080c1240   0x0000001c   Code   RO         3066    i.RCC_AHB1PeriphClockCmd  stm32f4xx_rcc.o
    0x080c125c   0x080c125c   0x0000001c   Code   RO         3068    i.RCC_AHB1PeriphResetCmd  stm32f4xx_rcc.o
    0x080c1278   0x080c1278   0x0000001c   Code   RO         3072    i.RCC_AHB3PeriphClockCmd  stm32f4xx_rcc.o
    0x080c1294   0x080c1294   0x0000001c   Code   RO         3075    i.RCC_APB1PeriphClockCmd  stm32f4xx_rcc.o
    0x080c12b0   0x080c12b0   0x0000001c   Code   RO         3077    i.RCC_APB1PeriphResetCmd  stm32f4xx_rcc.o
    0x080c12cc   0x080c12cc   0x0000001c   Code   RO         3078    i.RCC_APB2PeriphClockCmd  stm32f4xx_rcc.o
    0x080c12e8   0x080c12e8   0x0000001c   Code   RO         3080    i.RCC_APB2PeriphResetCmd  stm32f4xx_rcc.o
    0x080c1304   0x080c1304   0x00000054   Code   RO         3086    i.RCC_DeInit        stm32f4xx_rcc.o
    0x080c1358   0x080c1358   0x00000038   Code   RO         3088    i.RCC_GetFlagStatus  stm32f4xx_rcc.o
    0x080c1390   0x080c1390   0x00000014   Code   RO         3099    i.RCC_LTDCCLKDivConfig  stm32f4xx_rcc.o
    0x080c13a4   0x080c13a4   0x0000000c   Code   RO         3108    i.RCC_PLLSAICmd     stm32f4xx_rcc.o
    0x080c13b0   0x080c13b0   0x00000014   Code   RO         3109    i.RCC_PLLSAIConfig  stm32f4xx_rcc.o
    0x080c13c4   0x080c13c4   0x0000000c   Code   RO         3110    i.RCC_RTCCLKCmd     stm32f4xx_rcc.o
    0x080c13d0   0x080c13d0   0x00000012   Code   RO         3473    i.RTC_Bcd2ToByte    stm32f4xx_rtc.o
    0x080c13e2   0x080c13e2   0x00000002   PAD
    0x080c13e4   0x080c13e4   0x000000b8   Code   RO         3484    i.RTC_DeInit        stm32f4xx_rtc.o
    0x080c149c   0x080c149c   0x00000044   Code   RO         3485    i.RTC_EnterInitMode  stm32f4xx_rtc.o
    0x080c14e0   0x080c14e0   0x00000048   Code   RO         3489    i.RTC_GetDate       stm32f4xx_rtc.o
    0x080c1528   0x080c1528   0x0000004c   Code   RO         3494    i.RTC_GetTime       stm32f4xx_rtc.o
    0x080c1574   0x080c1574   0x00000044   Code   RO         3498    i.RTC_ITConfig      stm32f4xx_rtc.o
    0x080c15b8   0x080c15b8   0x0000004c   Code   RO         3522    i.RTC_WaitForSynchro  stm32f4xx_rtc.o
    0x080c1604   0x080c1604   0x00000060   Code   RO         3524    i.RTC_WakeUpCmd     stm32f4xx_rtc.o
    0x080c1664   0x080c1664   0x00000384   Code   RO         5712    i.SDRAM_GPIO_Config  bsp_sdram.o
    0x080c19e8   0x080c19e8   0x0000005c   Code   RO         5713    i.SDRAM_Init        bsp_sdram.o
    0x080c1a44   0x080c1a44   0x000000ac   Code   RO         5714    i.SDRAM_InitSequence  bsp_sdram.o
    0x080c1af0   0x080c1af0   0x00000020   Code   RO         5718    i.SDRAM_delay       bsp_sdram.o
    0x080c1b10   0x080c1b10   0x00000002   Code   RO         5466    i.SVC_Handler       stm32f4xx_it.o
    0x080c1b12   0x080c1b12   0x00000002   PAD
    0x080c1b14   0x080c1b14   0x000000d4   Code   RO           13    i.SetSysClock       system_stm32f4xx.o
    0x080c1be8   0x080c1be8   0x00000002   Code   RO         5467    i.SysTick_Handler   stm32f4xx_it.o
    0x080c1bea   0x080c1bea   0x00000002   PAD
    0x080c1bec   0x080c1bec   0x0000005c   Code   RO           15    i.SystemInit        system_stm32f4xx.o
    0x080c1c48   0x080c1c48   0x00000004   Code   RO         6756    i.TIM2_IRQHandler   usbh_it.o
    0x080c1c4c   0x080c1c4c   0x0000000e   Code   RO         8128    i.TIM6_Configuration  bsp_basic_tim.o
    0x080c1c5a   0x080c1c5a   0x00000002   PAD
    0x080c1c5c   0x080c1c5c   0x00000024   Code   RO         5468    i.TIM6_DAC_IRQHandler  stm32f4xx_it.o
    0x080c1c80   0x080c1c80   0x0000002a   Code   RO         8129    i.TIM6_NVIC_Configuration  bsp_basic_tim.o
    0x080c1caa   0x080c1caa   0x00000018   Code   RO         4447    i.TIM_ARRPreloadConfig  stm32f4xx_tim.o
    0x080c1cc2   0x080c1cc2   0x00000006   Code   RO         4453    i.TIM_ClearFlag     stm32f4xx_tim.o
    0x080c1cc8   0x080c1cc8   0x00000006   Code   RO         4454    i.TIM_ClearITPendingBit  stm32f4xx_tim.o
    0x080c1cce   0x080c1cce   0x00000018   Code   RO         4459    i.TIM_Cmd           stm32f4xx_tim.o
    0x080c1ce6   0x080c1ce6   0x00000002   PAD
    0x080c1ce8   0x080c1ce8   0x000001ac   Code   RO         4464    i.TIM_DeInit        stm32f4xx_tim.o
    0x080c1e94   0x080c1e94   0x00000018   Code   RO         4480    i.TIM_GetITStatus   stm32f4xx_tim.o
    0x080c1eac   0x080c1eac   0x00000014   Code   RO         4484    i.TIM_ITConfig      stm32f4xx_tim.o
    0x080c1ec0   0x080c1ec0   0x00000040   Code   RO         8130    i.TIM_Mode_Config   bsp_basic_tim.o
    0x080c1f00   0x080c1f00   0x0000007c   Code   RO         4531    i.TIM_TimeBaseInit  stm32f4xx_tim.o
    0x080c1f7c   0x080c1f7c   0x00000024   Code   RO         7271    i.USBH_Alloc_Channel  usbh_hcs.o
    0x080c1fa0   0x080c1fa0   0x00000036   Code   RO         7324    i.USBH_BulkReceiveData  usbh_ioreq.o
    0x080c1fd6   0x080c1fd6   0x00000034   Code   RO         7325    i.USBH_BulkSendData  usbh_ioreq.o
    0x080c200a   0x080c200a   0x0000002e   Code   RO         7407    i.USBH_ClrFeature   usbh_stdreq.o
    0x080c2038   0x080c2038   0x0000000a   Code   RO         7189    i.USBH_Connected    usbh_core.o
    0x080c2042   0x080c2042   0x00000024   Code   RO         7326    i.USBH_CtlReceiveData  usbh_ioreq.o
    0x080c2066   0x080c2066   0x0000004c   Code   RO         7327    i.USBH_CtlReq       usbh_ioreq.o
    0x080c20b2   0x080c20b2   0x0000003c   Code   RO         7328    i.USBH_CtlSendData  usbh_ioreq.o
    0x080c20ee   0x080c20ee   0x00000026   Code   RO         7329    i.USBH_CtlSendSetup  usbh_ioreq.o
    0x080c2114   0x080c2114   0x00000018   Code   RO         7272    i.USBH_DeAllocate_AllChannel  usbh_hcs.o
    0x080c212c   0x080c212c   0x00000034   Code   RO         7190    i.USBH_DeInit       usbh_core.o
    0x080c2160   0x080c2160   0x0000000a   Code   RO         7191    i.USBH_Disconnected  usbh_core.o
    0x080c216a   0x080c216a   0x0000002c   Code   RO         7192    i.USBH_ErrorHandle  usbh_core.o
    0x080c2196   0x080c2196   0x00000018   Code   RO         7273    i.USBH_Free_Channel  usbh_hcs.o
    0x080c21ae   0x080c21ae   0x00000032   Code   RO         7408    i.USBH_GetDescriptor  usbh_stdreq.o
    0x080c21e0   0x080c21e0   0x0000001e   Code   RO         7274    i.USBH_GetFreeChannel  usbh_hcs.o
    0x080c21fe   0x080c21fe   0x0000000e   Code   RO         7409    i.USBH_GetNextDesc  usbh_stdreq.o
    0x080c220c   0x080c220c   0x0000005c   Code   RO         7410    i.USBH_Get_CfgDesc  usbh_stdreq.o
    0x080c2268   0x080c2268   0x00000032   Code   RO         7411    i.USBH_Get_DevDesc  usbh_stdreq.o
    0x080c229a   0x080c229a   0x0000002e   Code   RO         7412    i.USBH_Get_StringDesc  usbh_stdreq.o
    0x080c22c8   0x080c22c8   0x00000200   Code   RO         7193    i.USBH_HandleControl  usbh_core.o
    0x080c24c8   0x080c24c8   0x000001c8   Code   RO         7194    i.USBH_HandleEnum   usbh_core.o
    0x080c2690   0x080c2690   0x00000040   Code   RO         7195    i.USBH_Init         usbh_core.o
    0x080c26d0   0x080c26d0   0x00000018   Code   RO         7560    i.USBH_MSC_BOTReset  usbh_msc_core.o
    0x080c26e8   0x080c26e8   0x00000040   Code   RO         7511    i.USBH_MSC_BOT_Abort  usbh_msc_bot.o
    0x080c2728   0x080c2728   0x0000000c   Code   RO         7561    i.USBH_MSC_ClassRequest  usbh_msc_core.o
    0x080c2734   0x080c2734   0x00000064   Code   RO         7512    i.USBH_MSC_DecodeCSW  usbh_msc_bot.o
    0x080c2798   0x080c2798   0x00000034   Code   RO         7562    i.USBH_MSC_ErrorHandle  usbh_msc_core.o
    0x080c27cc   0x080c27cc   0x00000020   Code   RO         7563    i.USBH_MSC_GETMaxLUN  usbh_msc_core.o
    0x080c27ec   0x080c27ec   0x0000015c   Code   RO         7564    i.USBH_MSC_Handle   usbh_msc_core.o
    0x080c2948   0x080c2948   0x0000025c   Code   RO         7513    i.USBH_MSC_HandleBOTXfer  usbh_msc_bot.o
    0x080c2ba4   0x080c2ba4   0x0000003c   Code   RO         7514    i.USBH_MSC_Init     usbh_msc_bot.o
    0x080c2be0   0x080c2be0   0x0000003c   Code   RO         7565    i.USBH_MSC_InterfaceDeInit  usbh_msc_core.o
    0x080c2c1c   0x080c2c1c   0x000000a0   Code   RO         7566    i.USBH_MSC_InterfaceInit  usbh_msc_core.o
    0x080c2cbc   0x080c2cbc   0x0000009c   Code   RO         7623    i.USBH_MSC_ModeSense6  usbh_msc_scsi.o
    0x080c2d58   0x080c2d58   0x000000dc   Code   RO         7624    i.USBH_MSC_Read10   usbh_msc_scsi.o
    0x080c2e34   0x080c2e34   0x000000a0   Code   RO         7625    i.USBH_MSC_ReadCapacity10  usbh_msc_scsi.o
    0x080c2ed4   0x080c2ed4   0x000000a0   Code   RO         7626    i.USBH_MSC_RequestSense  usbh_msc_scsi.o
    0x080c2f74   0x080c2f74   0x00000080   Code   RO         7627    i.USBH_MSC_TestUnitReady  usbh_msc_scsi.o
    0x080c2ff4   0x080c2ff4   0x000000a4   Code   RO         7628    i.USBH_MSC_Write10  usbh_msc_scsi.o
    0x080c3098   0x080c3098   0x00000034   Code   RO         7275    i.USBH_Modify_Channel  usbh_hcs.o
    0x080c30cc   0x080c30cc   0x000000a8   Code   RO         7111    i.USBH_OTG_ISR_Handler  usb_hcd_int.o
    0x080c3174   0x080c3174   0x00000050   Code   RO         7276    i.USBH_Open_Channel  usbh_hcs.o
    0x080c31c4   0x080c31c4   0x00000104   Code   RO         7413    i.USBH_ParseCfgDesc  usbh_stdreq.o
    0x080c32c8   0x080c32c8   0x00000058   Code   RO         7414    i.USBH_ParseDevDesc  usbh_stdreq.o
    0x080c3320   0x080c3320   0x00000020   Code   RO         7415    i.USBH_ParseEPDesc  usbh_stdreq.o
    0x080c3340   0x080c3340   0x00000026   Code   RO         7416    i.USBH_ParseInterfaceDesc  usbh_stdreq.o
    0x080c3366   0x080c3366   0x0000002e   Code   RO         7417    i.USBH_ParseStringDesc  usbh_stdreq.o
    0x080c3394   0x080c3394   0x00000192   Code   RO         7196    i.USBH_Process      usbh_core.o
    0x080c3526   0x080c3526   0x00000004   Code   RO         7197    i.USBH_SOF          usbh_core.o
    0x080c352a   0x080c352a   0x00000018   Code   RO         7418    i.USBH_SetAddress   usbh_stdreq.o
    0x080c3542   0x080c3542   0x00000018   Code   RO         7419    i.USBH_SetCfg       usbh_stdreq.o
    0x080c355a   0x080c355a   0x00000014   Code   RO         7334    i.USBH_SubmitSetupRequest  usbh_ioreq.o
    0x080c356e   0x080c356e   0x00000004   Code   RO         6542    i.USBH_USR_Configuration_DescAvailable  usbh_usr.o
    0x080c3572   0x080c3572   0x00000002   Code   RO         6543    i.USBH_USR_DeInit   usbh_usr.o
    0x080c3574   0x080c3574   0x00000002   Code   RO         6544    i.USBH_USR_DeviceAddressAssigned  usbh_usr.o
    0x080c3576   0x080c3576   0x00000002   PAD
    0x080c3578   0x080c3578   0x00000014   Code   RO         6545    i.USBH_USR_DeviceAttached  usbh_usr.o
    0x080c358c   0x080c358c   0x00000018   Code   RO         6546    i.USBH_USR_DeviceDisconnected  usbh_usr.o
    0x080c35a4   0x080c35a4   0x00000002   Code   RO         6547    i.USBH_USR_DeviceNotSupported  usbh_usr.o
    0x080c35a6   0x080c35a6   0x00000002   Code   RO         6548    i.USBH_USR_DeviceSpeedDetected  usbh_usr.o
    0x080c35a8   0x080c35a8   0x00000002   Code   RO         6549    i.USBH_USR_Device_DescAvailable  usbh_usr.o
    0x080c35aa   0x080c35aa   0x00000002   Code   RO         6550    i.USBH_USR_EnumerationDone  usbh_usr.o
    0x080c35ac   0x080c35ac   0x00000014   Code   RO         6551    i.USBH_USR_Init     usbh_usr.o
    0x080c35c0   0x080c35c0   0x00000004   Code   RO         6552    i.USBH_USR_MSC_Application  usbh_usr.o
    0x080c35c4   0x080c35c4   0x00000002   Code   RO         6553    i.USBH_USR_Manufacturer_String  usbh_usr.o
    0x080c35c6   0x080c35c6   0x00000002   Code   RO         6554    i.USBH_USR_OverCurrentDetected  usbh_usr.o
    0x080c35c8   0x080c35c8   0x00000002   Code   RO         6555    i.USBH_USR_Product_String  usbh_usr.o
    0x080c35ca   0x080c35ca   0x00000002   Code   RO         6556    i.USBH_USR_ResetDevice  usbh_usr.o
    0x080c35cc   0x080c35cc   0x00000002   Code   RO         6557    i.USBH_USR_SerialNum_String  usbh_usr.o
    0x080c35ce   0x080c35ce   0x00000002   Code   RO         6558    i.USBH_USR_UnrecoveredError  usbh_usr.o
    0x080c35d0   0x080c35d0   0x00000004   Code   RO         6559    i.USBH_USR_UserInput  usbh_usr.o
    0x080c35d4   0x080c35d4   0x0000000c   Code   RO         6459    i.USB_OTG_BSP_ConfigVBUS  usb_bsp.o
    0x080c35e0   0x080c35e0   0x00000002   Code   RO         6460    i.USB_OTG_BSP_DriveVBUS  usb_bsp.o
    0x080c35e2   0x080c35e2   0x00000028   Code   RO         6461    i.USB_OTG_BSP_EnableInterrupt  usb_bsp.o
    0x080c360a   0x080c360a   0x00000002   PAD
    0x080c360c   0x080c360c   0x0000004c   Code   RO         6462    i.USB_OTG_BSP_Init  usb_bsp.o
    0x080c3658   0x080c3658   0x0000003a   Code   RO         6463    i.USB_OTG_BSP_TimeInit  usb_bsp.o
    0x080c3692   0x080c3692   0x00000002   PAD
    0x080c3694   0x080c3694   0x00000038   Code   RO         6464    i.USB_OTG_BSP_TimerIRQ  usb_bsp.o
    0x080c36cc   0x080c36cc   0x00000006   Code   RO         6465    i.USB_OTG_BSP_mDelay  usb_bsp.o
    0x080c36d2   0x080c36d2   0x00000006   Code   RO         6466    i.USB_OTG_BSP_uDelay  usb_bsp.o
    0x080c36d8   0x080c36d8   0x000000a8   Code   RO         6840    i.USB_OTG_CoreInit  usb_core.o
    0x080c3780   0x080c3780   0x000000b4   Code   RO         6841    i.USB_OTG_CoreInitHost  usb_core.o
    0x080c3834   0x080c3834   0x0000005c   Code   RO         6842    i.USB_OTG_CoreReset  usb_core.o
    0x080c3890   0x080c3890   0x00000010   Code   RO         6843    i.USB_OTG_DisableGlobalInt  usb_core.o
    0x080c38a0   0x080c38a0   0x00000048   Code   RO         6844    i.USB_OTG_DriveVbus  usb_core.o
    0x080c38e8   0x080c38e8   0x0000001c   Code   RO         6845    i.USB_OTG_EnableCommonInt  usb_core.o
    0x080c3904   0x080c3904   0x00000010   Code   RO         6846    i.USB_OTG_EnableGlobalInt  usb_core.o
    0x080c3914   0x080c3914   0x00000046   Code   RO         6847    i.USB_OTG_EnableHostInt  usb_core.o
    0x080c395a   0x080c395a   0x00000002   PAD
    0x080c395c   0x080c395c   0x0000003c   Code   RO         6848    i.USB_OTG_FlushRxFifo  usb_core.o
    0x080c3998   0x080c3998   0x00000044   Code   RO         6849    i.USB_OTG_FlushTxFifo  usb_core.o
    0x080c39dc   0x080c39dc   0x0000000a   Code   RO         6850    i.USB_OTG_GetMode   usb_core.o
    0x080c39e6   0x080c39e6   0x0000002a   Code   RO         6851    i.USB_OTG_HC_DoPing  usb_core.o
    0x080c3a10   0x080c3a10   0x00000064   Code   RO         6852    i.USB_OTG_HC_Halt   usb_core.o
    0x080c3a74   0x080c3a74   0x0000013c   Code   RO         6853    i.USB_OTG_HC_Init   usb_core.o
    0x080c3bb0   0x080c3bb0   0x00000120   Code   RO         6854    i.USB_OTG_HC_StartXfer  usb_core.o
    0x080c3cd0   0x080c3cd0   0x0000000c   Code   RO         6855    i.USB_OTG_InitFSLSPClkSel  usb_core.o
    0x080c3cdc   0x080c3cdc   0x0000000c   Code   RO         6857    i.USB_OTG_IsEvenFrame  usb_core.o
    0x080c3ce8   0x080c3ce8   0x0000000e   Code   RO         6858    i.USB_OTG_IsHostMode  usb_core.o
    0x080c3cf6   0x080c3cf6   0x0000000a   Code   RO         6859    i.USB_OTG_ReadCoreItr  usb_core.o
    0x080c3d00   0x080c3d00   0x00000018   Code   RO         6860    i.USB_OTG_ReadHPRT0  usb_core.o
    0x080c3d18   0x080c3d18   0x00000006   Code   RO         6861    i.USB_OTG_ReadHostAllChannels_intr  usb_core.o
    0x080c3d1e   0x080c3d1e   0x00000020   Code   RO         6863    i.USB_OTG_ReadPacket  usb_core.o
    0x080c3d3e   0x080c3d3e   0x0000002c   Code   RO         6864    i.USB_OTG_ResetPort  usb_core.o
    0x080c3d6a   0x080c3d6a   0x00000002   PAD
    0x080c3d6c   0x080c3d6c   0x000000c4   Code   RO         6865    i.USB_OTG_SelectCore  usb_core.o
    0x080c3e30   0x080c3e30   0x00000036   Code   RO         6866    i.USB_OTG_SetCurrentMode  usb_core.o
    0x080c3e66   0x080c3e66   0x00000002   PAD
    0x080c3e68   0x080c3e68   0x0000002c   Code   RO         7112    i.USB_OTG_USBH_handle_Disconnect_ISR  usb_hcd_int.o
    0x080c3e94   0x080c3e94   0x00000046   Code   RO         7113    i.USB_OTG_USBH_handle_IncompletePeriodicXfer_ISR  usb_hcd_int.o
    0x080c3eda   0x080c3eda   0x00000056   Code   RO         7114    i.USB_OTG_USBH_handle_hc_ISR  usb_hcd_int.o
    0x080c3f30   0x080c3f30   0x0000042a   Code   RO         7115    i.USB_OTG_USBH_handle_hc_n_In_ISR  usb_hcd_int.o
    0x080c435a   0x080c435a   0x000003d0   Code   RO         7116    i.USB_OTG_USBH_handle_hc_n_Out_ISR  usb_hcd_int.o
    0x080c472a   0x080c472a   0x0000012e   Code   RO         7117    i.USB_OTG_USBH_handle_nptxfempty_ISR  usb_hcd_int.o
    0x080c4858   0x080c4858   0x00000120   Code   RO         7118    i.USB_OTG_USBH_handle_port_ISR  usb_hcd_int.o
    0x080c4978   0x080c4978   0x0000012e   Code   RO         7119    i.USB_OTG_USBH_handle_ptxfempty_ISR  usb_hcd_int.o
    0x080c4aa6   0x080c4aa6   0x00000164   Code   RO         7120    i.USB_OTG_USBH_handle_rx_qlvl_ISR  usb_hcd_int.o
    0x080c4c0a   0x080c4c0a   0x00000002   PAD
    0x080c4c0c   0x080c4c0c   0x0000002c   Code   RO         7121    i.USB_OTG_USBH_handle_sof_ISR  usb_hcd_int.o
    0x080c4c38   0x080c4c38   0x00000028   Code   RO         6868    i.USB_OTG_WritePacket  usb_core.o
    0x080c4c60   0x080c4c60   0x00000002   Code   RO         5469    i.UsageFault_Handler  stm32f4xx_it.o
    0x080c4c62   0x080c4c62   0x0000000e   Code   RO         8478    i.__scatterload_copy  mc_w.l(handlers.o)
    0x080c4c70   0x080c4c70   0x00000002   Code   RO         8479    i.__scatterload_null  mc_w.l(handlers.o)
    0x080c4c72   0x080c4c72   0x0000000e   Code   RO         8480    i.__scatterload_zeroinit  mc_w.l(handlers.o)
    0x080c4c80   0x080c4c80   0x0000007c   Code   RO         7756    i.check_fs          ff.o
    0x080c4cfc   0x080c4cfc   0x00000010   Code   RO         7757    i.chk_chr           ff.o
    0x080c4d0c   0x080c4d0c   0x00000018   Code   RO         7758    i.clust2sect        ff.o
    0x080c4d24   0x080c4d24   0x00000080   Code   RO         7759    i.cmp_lfn           ff.o
    0x080c4da4   0x080c4da4   0x000000a8   Code   RO         7760    i.create_chain      ff.o
    0x080c4e4c   0x080c4e4c   0x00000230   Code   RO         7761    i.create_name       ff.o
    0x080c507c   0x080c507c   0x00000044   Code   RO         7762    i.dir_alloc         ff.o
    0x080c50c0   0x080c50c0   0x000000c6   Code   RO         7763    i.dir_find          ff.o
    0x080c5186   0x080c5186   0x00000114   Code   RO         7764    i.dir_next          ff.o
    0x080c529a   0x080c529a   0x00000104   Code   RO         7766    i.dir_register      ff.o
    0x080c539e   0x080c539e   0x000000a0   Code   RO         7768    i.dir_sdi           ff.o
    0x080c543e   0x080c543e   0x00000002   PAD
    0x080c5440   0x080c5440   0x00000018   Code   RO         7685    i.disk_initialize   diskio.o
    0x080c5458   0x080c5458   0x00000038   Code   RO         7686    i.disk_ioctl        diskio.o
    0x080c5490   0x080c5490   0x00000060   Code   RO         7687    i.disk_read         diskio.o
    0x080c54f0   0x080c54f0   0x00000004   Code   RO         7688    i.disk_status       diskio.o
    0x080c54f4   0x080c54f4   0x0000004c   Code   RO         7689    i.disk_write        diskio.o
    0x080c5540   0x080c5540   0x0000004c   Code   RO         7778    i.f_mount           ff.o
    0x080c558c   0x080c558c   0x00000158   Code   RO         7779    i.f_open            ff.o
    0x080c56e4   0x080c56e4   0x0000017c   Code   RO         7784    i.f_read            ff.o
    0x080c5860   0x080c5860   0x00000058   Code   RO         8096    i.ff_convert        cc936.o
    0x080c58b8   0x080c58b8   0x0000002c   Code   RO         8097    i.ff_wtoupper       cc936.o
    0x080c58e4   0x080c58e4   0x00000348   Code   RO         7794    i.find_volume       ff.o
    0x080c5c2c   0x080c5c2c   0x0000006c   Code   RO         7795    i.fit_lfn           ff.o
    0x080c5c98   0x080c5c98   0x0000006a   Code   RO         7796    i.follow_path       ff.o
    0x080c5d02   0x080c5d02   0x00000002   PAD
    0x080c5d04   0x080c5d04   0x00000098   Code   RO         7797    i.gen_numname       ff.o
    0x080c5d9c   0x080c5d9c   0x00000100   Code   RO         7798    i.get_fat           ff.o
    0x080c5e9c   0x080c5e9c   0x00000044   Code   RO         7690    i.get_fattime       diskio.o
    0x080c5ee0   0x080c5ee0   0x00000042   Code   RO         7800    i.get_ldnumber      ff.o
    0x080c5f22   0x080c5f22   0x0000001e   Code   RO         7801    i.ld_clust          ff.o
    0x080c5f40   0x080c5f40   0x000000c4   Code   RO         5276    i.main              main.o
    0x080c6004   0x080c6004   0x0000001a   Code   RO         7802    i.mem_cmp           ff.o
    0x080c601e   0x080c601e   0x00000012   Code   RO         7803    i.mem_cpy           ff.o
    0x080c6030   0x080c6030   0x00000010   Code   RO         7804    i.mem_set           ff.o
    0x080c6040   0x080c6040   0x00000034   Code   RO         7805    i.move_window       ff.o
    0x080c6074   0x080c6074   0x0000012c   Code   RO         7807    i.put_fat           ff.o
    0x080c61a0   0x080c61a0   0x00000066   Code   RO         7809    i.remove_chain      ff.o
    0x080c6206   0x080c6206   0x00000010   Code   RO         7810    i.st_clust          ff.o
    0x080c6216   0x080c6216   0x0000001a   Code   RO         7811    i.sum_sfn           ff.o
    0x080c6230   0x080c6230   0x00000054   Code   RO         7813    i.sync_window       ff.o
    0x080c6284   0x080c6284   0x0000002c   Code   RO         7814    i.validate          ff.o
    0x080c62b0   0x080c62b0   0x000011d0   Data   RO         6155    .constdata          fonts.o
    0x080c7480   0x080c7480   0x0000003a   Data   RO         7816    .constdata          ff.o
    0x080c74ba   0x080c74ba   0x0002acc8   Data   RO         8098    .constdata          cc936.o
    0x080f2182   0x080f2182   0x00000002   PAD
    0x080f2184   0x080f2184   0x00000020   Data   RO         8476    Region$$Table       anon$$obj.o


    Execution Region RW_IRAM1 (Exec base: 0x20000000, Load base: 0x080f21a4, Size: 0x000039b8, Max: 0x00030000, ABSOLUTE)

    Exec Addr    Load Addr    Size         Type   Attr      Idx    E Section Name        Object

    0x20000000   0x080f21a4   0x00000010   Data   RW         5279    .data               main.o
    0x20000010   0x080f21b4   0x0000001c   Data   RW         5833    .data               bsp_lcd.o
    0x2000002c   0x080f21d0   0x00000008   Data   RW         6164    .data               fonts.o
    0x20000034   0x080f21d8   0x00000001   Data   RW         6275    .data               pbdata.o
    0x20000035   0x080f21d9   0x00000001   Data   RW         6276    .data               pbdata.o
    0x20000036   0x080f21da   0x00000002   PAD
    0x20000038   0x080f21dc   0x00000004   Data   RW         6467    .data               usb_bsp.o
    0x2000003c   0x080f21e0   0x00000048   Data   RW         6577    .data               usbh_usr.o
    0x20000084   0x080f2228   0x00000001   Data   RW         6578    .data               usbh_usr.o
    0x20000085   0x080f2229   0x00000003   PAD
    0x20000088   0x080f222c   0x0000000c   Data   RW         7198    .data               usbh_core.o
    0x20000094   0x080f2238   0x00000004   Data   RW         7199    .data               usbh_core.o
    0x20000098   0x080f223c   0x00000002   Data   RW         7200    .data               usbh_core.o
    0x2000009a   0x080f223e   0x00000004   Data   RW         7422    .data               usbh_stdreq.o
    0x2000009e   0x080f2242   0x00000002   PAD
    0x200000a0   0x080f2244   0x00000014   Data   RW         7516    .data               usbh_msc_bot.o
    0x200000b4   0x080f2258   0x00000002   Data   RW         7568    .data               usbh_msc_core.o
    0x200000b6   0x080f225a   0x00000002   PAD
    0x200000b8   0x080f225c   0x00000010   Data   RW         7569    .data               usbh_msc_core.o
    0x200000c8   0x080f226c   0x00000001   Data   RW         7631    .data               usbh_msc_scsi.o
    0x200000c9   0x080f226d   0x00000001   PAD
    0x200000ca   0x080f226e   0x00000002   Data   RW         7817    .data               ff.o
    0x200000cc        -       0x00002854   Zero   RW         5278    .bss                main.o
    0x20002920        -       0x000005ac   Zero   RW         6560    .bss                usbh_usr.o
    0x20002ecc        -       0x00000084   Zero   RW         6561    .bss                usbh_usr.o
    0x20002f50        -       0x00000200   Zero   RW         7421    .bss                usbh_stdreq.o
    0x20003150        -       0x00000040   Zero   RW         7515    .bss                usbh_msc_bot.o
    0x20003190        -       0x0000020a   Zero   RW         7567    .bss                usbh_msc_core.o
    0x2000339a   0x080f2270   0x00000002   PAD
    0x2000339c        -       0x00000210   Zero   RW         7629    .bss                usbh_msc_scsi.o
    0x200035ac        -       0x0000000c   Zero   RW         7815    .bss                ff.o
    0x200035b8        -       0x00000400   Zero   RW            1    STACK               startup_stm32f429_439xx.o


==============================================================================

Image component sizes


      Code (inc. data)   RO Data    RW Data    ZI Data      Debug   Object Name

       120          4          0          0          0       1733   bsp_basic_tim.o
      1208         78          0         28          0      15230   bsp_lcd.o
        92          6          0          0          0        630   bsp_led.o
      1196         28          0          0          0       3301   bsp_sdram.o
       132         20     175304          0          0       2727   cc936.o
       324         28          0          0          0       5748   diskio.o
      5024         60         58          2         12      33946   ff.o
       214          8          0          0          0       2892   flash_if.o
         0          0       4560          8          0       1935   fonts.o
       840        116          0         16      10324      53815   main.o
       144         24          0          0          0     321961   misc.o
         0          0          0          2          0      11265   pbdata.o
        36          8        428          0       1024       1000   startup_stm32f429_439xx.o
       244         18          0          0          0       3564   stm32f4xx_dma2d.o
        36          8          0          0          0        598   stm32f4xx_exti.o
       314         34          0          0          0       4984   stm32f4xx_flash.o
       364         10          0          0          0       4159   stm32f4xx_fmc.o
       164          0          0          0          0       3439   stm32f4xx_gpio.o
        54          6          0          0          0     244088   stm32f4xx_it.o
       390         24          0          0          0       5134   stm32f4xx_ltdc.o
       400         86          0          0          0       9106   stm32f4xx_rcc.o
       658         46          0          0          0       7389   stm32f4xx_rtc.o
       656         80          0          0          0       7318   stm32f4xx_tim.o
       304         36          0          0          0     274621   system_stm32f4xx.o
       400         18          0          4          0       6052   usb_bsp.o
      1970         26          0          0          0      20875   usb_core.o
       160          0          0          0          0       5771   usb_hcd.o
      3702         16          0          0          0      11471   usb_hcd_int.o
      1554         42          0         18          0      10629   usbh_core.o
       246          0          0          0          0       5060   usbh_hcs.o
       336          0          0          0          0       6254   usbh_ioreq.o
        16          6          0          0          0        938   usbh_it.o
       828         64          0         20         64       7777   usbh_msc_bot.o
       688         56          0         18        522       7769   usbh_msc_core.o
       988         72          0          1        528       8172   usbh_msc_scsi.o
       810         12          0          4        512      11501   usbh_stdreq.o
       100         24          0         73       1584      42265   usbh_usr.o

    ----------------------------------------------------------------------
     24750       1064     180384        204      14572    1165117   Object Totals
         0          0         32          0          0          0   (incl. Generated)
        38          0          2         10          2          0   (incl. Padding)

    ----------------------------------------------------------------------

      Code (inc. data)   RO Data    RW Data    ZI Data      Debug   Library Member Name

         0          0          0          0          0          0   entry.o
         0          0          0          0          0          0   entry10a.o
         0          0          0          0          0          0   entry11a.o
         8          4          0          0          0          0   entry2.o
         4          0          0          0          0          0   entry5.o
         0          0          0          0          0          0   entry7b.o
         0          0          0          0          0          0   entry8b.o
         8          4          0          0          0          0   entry9a.o
        30          0          0          0          0          0   handlers.o
        36          8          0          0          0         68   init.o

    ----------------------------------------------------------------------
        86         16          0          0          0         68   Library Totals
         0          0          0          0          0          0   (incl. Padding)

    ----------------------------------------------------------------------

      Code (inc. data)   RO Data    RW Data    ZI Data      Debug   Library Name

        86         16          0          0          0         68   mc_w.l

    ----------------------------------------------------------------------
        86         16          0          0          0         68   Library Totals

    ----------------------------------------------------------------------

==============================================================================


      Code (inc. data)   RO Data    RW Data    ZI Data      Debug   

     24836       1080     180384        204      14572    1139889   Grand Totals
     24836       1080     180384        204      14572    1139889   ELF Image Totals
     24836       1080     180384        204          0          0   ROM Totals

==============================================================================

    Total RO  Size (Code + RO Data)               205220 ( 200.41kB)
    Total RW  Size (RW Data + ZI Data)             14776 (  14.43kB)
    Total ROM Size (Code + RO Data + RW Data)     205424 ( 200.61kB)

==============================================================================

