Component: ARM Compiler 5.06 update 6 (build 750) Tool: armlink [4d35ed]

==============================================================================

Section Cross References

    startup_stm32f429_439xx.o(RESET) refers to startup_stm32f429_439xx.o(STACK) for __initial_sp
    startup_stm32f429_439xx.o(RESET) refers to startup_stm32f429_439xx.o(.text) for Reset_Handler
    startup_stm32f429_439xx.o(RESET) refers to stm32f4xx_it.o(i.NMI_Handler) for NMI_Handler
    startup_stm32f429_439xx.o(RESET) refers to stm32f4xx_it.o(i.HardFault_Handler) for HardFault_Handler
    startup_stm32f429_439xx.o(RESET) refers to stm32f4xx_it.o(i.MemManage_Handler) for MemManage_Handler
    startup_stm32f429_439xx.o(RESET) refers to stm32f4xx_it.o(i.BusFault_Handler) for BusFault_Handler
    startup_stm32f429_439xx.o(RESET) refers to stm32f4xx_it.o(i.UsageFault_Handler) for UsageFault_Handler
    startup_stm32f429_439xx.o(RESET) refers to stm32f4xx_it.o(i.SVC_Handler) for SVC_Handler
    startup_stm32f429_439xx.o(RESET) refers to stm32f4xx_it.o(i.DebugMon_Handler) for DebugMon_Handler
    startup_stm32f429_439xx.o(RESET) refers to stm32f4xx_it.o(i.PendSV_Handler) for PendSV_Handler
    startup_stm32f429_439xx.o(RESET) refers to stm32f4xx_it.o(i.SysTick_Handler) for SysTick_Handler
    startup_stm32f429_439xx.o(RESET) refers to usbh_it.o(i.TIM2_IRQHandler) for TIM2_IRQHandler
    startup_stm32f429_439xx.o(RESET) refers to stm32f4xx_it.o(i.TIM6_DAC_IRQHandler) for TIM6_DAC_IRQHandler
    startup_stm32f429_439xx.o(RESET) refers to usbh_it.o(i.OTG_HS_IRQHandler) for OTG_HS_IRQHandler
    startup_stm32f429_439xx.o(.text) refers to system_stm32f4xx.o(i.SystemInit) for SystemInit
    startup_stm32f429_439xx.o(.text) refers to entry.o(.ARM.Collect$$$$00000000) for __main
    system_stm32f4xx.o(i.SystemCoreClockUpdate) refers to system_stm32f4xx.o(.data) for .data
    system_stm32f4xx.o(i.SystemInit) refers to system_stm32f4xx.o(i.SetSysClock) for SetSysClock
    stm32f4xx_adc.o(i.ADC_DeInit) refers to stm32f4xx_rcc.o(i.RCC_APB2PeriphResetCmd) for RCC_APB2PeriphResetCmd
    stm32f4xx_can.o(i.CAN_DeInit) refers to stm32f4xx_rcc.o(i.RCC_APB1PeriphResetCmd) for RCC_APB1PeriphResetCmd
    stm32f4xx_can.o(i.CAN_GetITStatus) refers to stm32f4xx_can.o(i.CheckITStatus) for CheckITStatus
    stm32f4xx_cryp.o(i.CRYP_DeInit) refers to stm32f4xx_rcc.o(i.RCC_AHB2PeriphResetCmd) for RCC_AHB2PeriphResetCmd
    stm32f4xx_cryp_aes.o(i.CRYP_AES_CBC) refers to stm32f4xx_cryp.o(i.CRYP_KeyStructInit) for CRYP_KeyStructInit
    stm32f4xx_cryp_aes.o(i.CRYP_AES_CBC) refers to stm32f4xx_cryp.o(i.CRYP_KeyInit) for CRYP_KeyInit
    stm32f4xx_cryp_aes.o(i.CRYP_AES_CBC) refers to stm32f4xx_cryp.o(i.CRYP_Init) for CRYP_Init
    stm32f4xx_cryp_aes.o(i.CRYP_AES_CBC) refers to stm32f4xx_cryp.o(i.CRYP_IVInit) for CRYP_IVInit
    stm32f4xx_cryp_aes.o(i.CRYP_AES_CBC) refers to stm32f4xx_cryp.o(i.CRYP_FIFOFlush) for CRYP_FIFOFlush
    stm32f4xx_cryp_aes.o(i.CRYP_AES_CBC) refers to stm32f4xx_cryp.o(i.CRYP_Cmd) for CRYP_Cmd
    stm32f4xx_cryp_aes.o(i.CRYP_AES_CBC) refers to stm32f4xx_cryp.o(i.CRYP_GetCmdStatus) for CRYP_GetCmdStatus
    stm32f4xx_cryp_aes.o(i.CRYP_AES_CBC) refers to stm32f4xx_cryp.o(i.CRYP_GetFlagStatus) for CRYP_GetFlagStatus
    stm32f4xx_cryp_aes.o(i.CRYP_AES_CBC) refers to stm32f4xx_cryp.o(i.CRYP_DataIn) for CRYP_DataIn
    stm32f4xx_cryp_aes.o(i.CRYP_AES_CBC) refers to stm32f4xx_cryp.o(i.CRYP_DataOut) for CRYP_DataOut
    stm32f4xx_cryp_aes.o(i.CRYP_AES_CCM) refers to stm32f4xx_cryp.o(i.CRYP_KeyStructInit) for CRYP_KeyStructInit
    stm32f4xx_cryp_aes.o(i.CRYP_AES_CCM) refers to stm32f4xx_cryp.o(i.CRYP_FIFOFlush) for CRYP_FIFOFlush
    stm32f4xx_cryp_aes.o(i.CRYP_AES_CCM) refers to stm32f4xx_cryp.o(i.CRYP_KeyInit) for CRYP_KeyInit
    stm32f4xx_cryp_aes.o(i.CRYP_AES_CCM) refers to stm32f4xx_cryp.o(i.CRYP_IVInit) for CRYP_IVInit
    stm32f4xx_cryp_aes.o(i.CRYP_AES_CCM) refers to stm32f4xx_cryp.o(i.CRYP_Init) for CRYP_Init
    stm32f4xx_cryp_aes.o(i.CRYP_AES_CCM) refers to stm32f4xx_cryp.o(i.CRYP_PhaseConfig) for CRYP_PhaseConfig
    stm32f4xx_cryp_aes.o(i.CRYP_AES_CCM) refers to stm32f4xx_cryp.o(i.CRYP_DataIn) for CRYP_DataIn
    stm32f4xx_cryp_aes.o(i.CRYP_AES_CCM) refers to stm32f4xx_cryp.o(i.CRYP_Cmd) for CRYP_Cmd
    stm32f4xx_cryp_aes.o(i.CRYP_AES_CCM) refers to stm32f4xx_cryp.o(i.CRYP_GetCmdStatus) for CRYP_GetCmdStatus
    stm32f4xx_cryp_aes.o(i.CRYP_AES_CCM) refers to stm32f4xx_cryp.o(i.CRYP_GetFlagStatus) for CRYP_GetFlagStatus
    stm32f4xx_cryp_aes.o(i.CRYP_AES_CCM) refers to stm32f4xx_cryp.o(i.CRYP_DataOut) for CRYP_DataOut
    stm32f4xx_cryp_aes.o(i.CRYP_AES_CTR) refers to stm32f4xx_cryp.o(i.CRYP_KeyStructInit) for CRYP_KeyStructInit
    stm32f4xx_cryp_aes.o(i.CRYP_AES_CTR) refers to stm32f4xx_cryp.o(i.CRYP_KeyInit) for CRYP_KeyInit
    stm32f4xx_cryp_aes.o(i.CRYP_AES_CTR) refers to stm32f4xx_cryp.o(i.CRYP_Init) for CRYP_Init
    stm32f4xx_cryp_aes.o(i.CRYP_AES_CTR) refers to stm32f4xx_cryp.o(i.CRYP_IVInit) for CRYP_IVInit
[...]
    check_fs                                 0x080c4f25   Thumb Code   120  ff.o(i.check_fs)
    i.chk_chr                                0x080c4fa0   Section        0  ff.o(i.chk_chr)
    chk_chr                                  0x080c4fa1   Thumb Code    16  ff.o(i.chk_chr)
    i.clust2sect                             0x080c4fb0   Section        0  ff.o(i.clust2sect)
    i.cmp_lfn                                0x080c4fc8   Section        0  ff.o(i.cmp_lfn)
    cmp_lfn                                  0x080c4fc9   Thumb Code   124  ff.o(i.cmp_lfn)
    i.create_chain                           0x080c5048   Section        0  ff.o(i.create_chain)
    create_chain                             0x080c5049   Thumb Code   168  ff.o(i.create_chain)
    i.create_name                            0x080c50f0   Section        0  ff.o(i.create_name)
    create_name                              0x080c50f1   Thumb Code   538  ff.o(i.create_name)
    i.dir_alloc                              0x080c5320   Section        0  ff.o(i.dir_alloc)
    dir_alloc                                0x080c5321   Thumb Code    68  ff.o(i.dir_alloc)
    i.dir_find                               0x080c5364   Section        0  ff.o(i.dir_find)
    dir_find                                 0x080c5365   Thumb Code   198  ff.o(i.dir_find)
    i.dir_next                               0x080c542a   Section        0  ff.o(i.dir_next)
    dir_next                                 0x080c542b   Thumb Code   276  ff.o(i.dir_next)
    i.dir_register                           0x080c553e   Section        0  ff.o(i.dir_register)
    dir_register                             0x080c553f   Thumb Code   260  ff.o(i.dir_register)
    i.dir_sdi                                0x080c5642   Section        0  ff.o(i.dir_sdi)
    dir_sdi                                  0x080c5643   Thumb Code   160  ff.o(i.dir_sdi)
    i.disk_initialize                        0x080c56e4   Section        0  diskio.o(i.disk_initialize)
    i.disk_ioctl                             0x080c56fc   Section        0  diskio.o(i.disk_ioctl)
    i.disk_read                              0x080c5734   Section        0  diskio.o(i.disk_read)
    i.disk_status                            0x080c5794   Section        0  diskio.o(i.disk_status)
    i.disk_write                             0x080c5798   Section        0  diskio.o(i.disk_write)
    i.f_mount                                0x080c57e4   Section        0  ff.o(i.f_mount)
    i.f_open                                 0x080c5830   Section        0  ff.o(i.f_open)
    i.f_read                                 0x080c5988   Section        0  ff.o(i.f_read)
    i.ff_convert                             0x080c5b04   Section        0  cc936.o(i.ff_convert)
    i.ff_wtoupper                            0x080c5b5c   Section        0  cc936.o(i.ff_wtoupper)
    i.findHzIndex_16                         0x080c5b88   Section        0  bsp_lcd.o(i.findHzIndex_16)
    i.find_volume                            0x080c5bbc   Section        0  ff.o(i.find_volume)
    find_volume                              0x080c5bbd   Thumb Code   824  ff.o(i.find_volume)
    i.fit_lfn                                0x080c5f04   Section        0  ff.o(i.fit_lfn)
    fit_lfn                                  0x080c5f05   Thumb Code   104  ff.o(i.fit_lfn)
    i.follow_path                            0x080c5f70   Section        0  ff.o(i.follow_path)
    follow_path                              0x080c5f71   Thumb Code   106  ff.o(i.follow_path)
    i.gen_numname                            0x080c5fdc   Section        0  ff.o(i.gen_numname)
    gen_numname                              0x080c5fdd   Thumb Code   146  ff.o(i.gen_numname)
    i.get_fat                                0x080c6074   Section        0  ff.o(i.get_fat)
    i.get_fattime                            0x080c6174   Section        0  diskio.o(i.get_fattime)
    i.get_ldnumber                           0x080c61b8   Section        0  ff.o(i.get_ldnumber)
    get_ldnumber                             0x080c61b9   Thumb Code    66  ff.o(i.get_ldnumber)
    i.ld_clust                               0x080c61fa   Section        0  ff.o(i.ld_clust)
    ld_clust                                 0x080c61fb   Thumb Code    30  ff.o(i.ld_clust)
    i.main                                   0x080c6218   Section        0  main.o(i.main)
    i.mem_cmp                                0x080c6338   Section        0  ff.o(i.mem_cmp)
    mem_cmp                                  0x080c6339   Thumb Code    26  ff.o(i.mem_cmp)
    i.mem_cpy                                0x080c6352   Section        0  ff.o(i.mem_cpy)
    mem_cpy                                  0x080c6353   Thumb Code    18  ff.o(i.mem_cpy)
    i.mem_set                                0x080c6364   Section        0  ff.o(i.mem_set)
    mem_set                                  0x080c6365   Thumb Code    16  ff.o(i.mem_set)
    i.move_window                            0x080c6374   Section        0  ff.o(i.move_window)
    move_window                              0x080c6375   Thumb Code    52  ff.o(i.move_window)
    i.put_fat                                0x080c63a8   Section        0  ff.o(i.put_fat)
    i.remove_chain                           0x080c64d4   Section        0  ff.o(i.remove_chain)
    remove_chain                             0x080c64d5   Thumb Code   102  ff.o(i.remove_chain)
    i.st_clust                               0x080c653a   Section        0  ff.o(i.st_clust)
    st_clust                                 0x080c653b   Thumb Code    16  ff.o(i.st_clust)
    i.sum_sfn                                0x080c654a   Section        0  ff.o(i.sum_sfn)
    sum_sfn                                  0x080c654b   Thumb Code    26  ff.o(i.sum_sfn)
    i.sync_window                            0x080c6564   Section        0  ff.o(i.sync_window)
    sync_window                              0x080c6565   Thumb Code    84  ff.o(i.sync_window)
    i.validate                               0x080c65b8   Section        0  ff.o(i.validate)
    validate                                 0x080c65b9   Thumb Code    44  ff.o(i.validate)
    .constdata                               0x080c65e4   Section      104  main.o(.constdata)
    .constdata                               0x080c664c   Section     6494  bsp_lcd.o(.constdata)
    .constdata                               0x080c7faa   Section     4560  fonts.o(.constdata)
    .constdata                               0x080c917a   Section     1520  fonts.o(.constdata)
    AsciiLib                                 0x080c917a   Data        1520  fonts.o(.constdata)
    .constdata                               0x080c976a   Section       58  ff.o(.constdata)
    LfnOfs                                   0x080c976a   Data          13  ff.o(.constdata)
    vst                                      0x080c9778   Data          22  ff.o(.constdata)
    cst                                      0x080c978e   Data          22  ff.o(.constdata)
    .constdata                               0x080c97a4   Section    175304  cc936.o(.constdata)
    uni2oem                                  0x080c97a4   Data       87172  cc936.o(.constdata)
    oem2uni                                  0x080dec28   Data       87172  cc936.o(.constdata)
    tbl_lower                                0x080f40ac   Data         480  cc936.o(.constdata)
    tbl_upper                                0x080f428c   Data         480  cc936.o(.constdata)
    .data                                    0x20000000   Section       16  main.o(.data)
    Stm32_Flash_Size                         0x20000002   Data           2  main.o(.data)
    usbcount                                 0x20000004   Data           2  main.o(.data)
    fsize                                    0x20000008   Data           4  main.o(.data)
    readcount                                0x2000000c   Data           4  main.o(.data)
    .data                                    0x20000010   Section       28  bsp_lcd.o(.data)
    CurrentTextColor                         0x20000010   Data           4  bsp_lcd.o(.data)
    CurrentBackColor                         0x20000014   Data           4  bsp_lcd.o(.data)
    CurrentFrameBuffer                       0x20000018   Data           4  bsp_lcd.o(.data)
    CurrentLayer                             0x2000001c   Data           4  bsp_lcd.o(.data)
    LCD_Currentfonts                         0x20000020   Data           4  bsp_lcd.o(.data)
    .data                                    0x2000002c   Section        8  fonts.o(.data)
    .data                                    0x20000034   Section        1  pbdata.o(.data)
    .data                                    0x20000035   Section        1  pbdata.o(.data)
    .data                                    0x20000038   Section        4  pbdata.o(.data)
    .data                                    0x2000003c   Section        4  usb_bsp.o(.data)
    .data                                    0x20000040   Section       72  usbh_usr.o(.data)
    .data                                    0x20000088   Section        1  usbh_usr.o(.data)
    startup                                  0x20000088   Data           1  usbh_usr.o(.data)
    .data                                    0x2000008c   Section       12  usbh_core.o(.data)
    .data                                    0x20000098   Section        4  usbh_core.o(.data)
    .data                                    0x2000009c   Section        2  usbh_core.o(.data)
    timeout                                  0x2000009c   Data           2  usbh_core.o(.data)
    .data                                    0x2000009e   Section        4  usbh_stdreq.o(.data)
    prev_itf                                 0x2000009e   Data           1  usbh_stdreq.o(.data)
    prev_ep_size                             0x200000a0   Data           2  usbh_stdreq.o(.data)
    .data                                    0x200000a4   Section       20  usbh_msc_bot.o(.data)
    error_direction                          0x200000a4   Data           1  usbh_msc_bot.o(.data)
    remainingDataLength                      0x200000a8   Data           4  usbh_msc_bot.o(.data)
    datapointer                              0x200000ac   Data           4  usbh_msc_bot.o(.data)
    datapointer_prev                         0x200000b0   Data           4  usbh_msc_bot.o(.data)
    BOTStallErrorCount                       0x200000b4   Data           4  usbh_msc_bot.o(.data)
    .data                                    0x200000b8   Section        2  usbh_msc_core.o(.data)
    maxLunExceed                             0x200000b9   Data           1  usbh_msc_core.o(.data)
    .data                                    0x200000bc   Section       16  usbh_msc_core.o(.data)
    .data                                    0x200000cc   Section        1  usbh_msc_scsi.o(.data)
    status                                   0x200000cc   Data           1  usbh_msc_scsi.o(.data)
    .data                                    0x200000ce   Section        2  ff.o(.data)
    Fsid                                     0x200000ce   Data           2  ff.o(.data)
    .bss                                     0x200000d0   Section    10324  main.o(.bss)
    filedatabuf                              0x20002124   Data        2048  main.o(.bss)
    .bss                                     0x20002924   Section     1452  usbh_usr.o(.bss)
    .bss                                     0x20002ed0   Section      132  usbh_usr.o(.bss)
    .bss                                     0x20002f54   Section      512  usbh_stdreq.o(.bss)
    .bss                                     0x20003154   Section       64  usbh_msc_bot.o(.bss)
    .bss                                     0x20003194   Section      522  usbh_msc_core.o(.bss)
    .bss                                     0x200033a0   Section      528  usbh_msc_scsi.o(.bss)
    .bss                                     0x200035b0   Section       12  ff.o(.bss)
    FatFs                                    0x200035b0   Data          12  ff.o(.bss)
    STACK                                    0x200035c0   Section     1024  startup_stm32f429_439xx.o(STACK)

    Global Symbols

    Symbol Name                              Value     Ov Type        Size  Object(Section)

    BuildAttributes$$THM_ISAv4$E$P$D$K$B$S$7EM$VFPi3$EXTD16$VFPS$VFMA$PE$A:L22UL41UL21$X:L11$S22US41US21$IEEE1$IW$USESV6$~STKCKD$USESV7$~SHL$OSPACE$ROPI$EBA8$MICROLIB$REQ8$PRES8$EABIv2 0x00000000   Number         0  anon$$obj.o ABSOLUTE
    __ARM_use_no_argv                        0x00000000   Number         0  main.o ABSOLUTE
    _printf_a                                0x00000000   Number         0  stubs.o ABSOLUTE
    _printf_c                                0x00000000   Number         0  stubs.o ABSOLUTE
    _printf_charcount                        0x00000000   Number         0  stubs.o ABSOLUTE
    _printf_d                                0x00000000   Number         0  stubs.o ABSOLUTE
    _printf_e                                0x00000000   Number         0  stubs.o ABSOLUTE
    _printf_f                                0x00000000   Number         0  stubs.o ABSOLUTE
    _printf_flags                            0x00000000   Number         0  stubs.o ABSOLUTE
    _printf_fp_dec                           0x00000000   Number         0  stubs.o ABSOLUTE
    _printf_fp_hex                           0x00000000   Number         0  stubs.o ABSOLUTE
    _printf_g                                0x00000000   Number         0  stubs.o ABSOLUTE
    _printf_i                                0x00000000   Number         0  stubs.o ABSOLUTE
    _printf_int_dec                          0x00000000   Number         0  stubs.o ABSOLUTE
    _printf_l                                0x00000000   Number         0  stubs.o ABSOLUTE
    _printf_lc                               0x00000000   Number         0  stubs.o ABSOLUTE
    _printf_ll                               0x00000000   Number         0  stubs.o ABSOLUTE
    _printf_lld                              0x00000000   Number         0  stubs.o ABSOLUTE
    _printf_lli                              0x00000000   Number         0  stubs.o ABSOLUTE
    _printf_llo                              0x00000000   Number         0  stubs.o ABSOLUTE
    _printf_llu                              0x00000000   Number         0  stubs.o ABSOLUTE
    _printf_llx                              0x00000000   Number         0  stubs.o ABSOLUTE
    _printf_longlong_dec                     0x00000000   Number         0  stubs.o ABSOLUTE
    _printf_longlong_hex                     0x00000000   Number         0  stubs.o ABSOLUTE
    _printf_longlong_oct                     0x00000000   Number         0  stubs.o ABSOLUTE
    _printf_ls                               0x00000000   Number         0  stubs.o ABSOLUTE
    _printf_mbtowc                           0x00000000   Number         0  stubs.o ABSOLUTE
    _printf_n                                0x00000000   Number         0  stubs.o ABSOLUTE
    _printf_o                                0x00000000   Number         0  stubs.o ABSOLUTE
    _printf_p                                0x00000000   Number         0  stubs.o ABSOLUTE
    _printf_percent                          0x00000000   Number         0  stubs.o ABSOLUTE
    _printf_pre_padding                      0x00000000   Number         0  stubs.o ABSOLUTE
    _printf_return_value                     0x00000000   Number         0  stubs.o ABSOLUTE
    _printf_s                                0x00000000   Number         0  stubs.o ABSOLUTE
    _printf_sizespec                         0x00000000   Number         0  stubs.o ABSOLUTE
    _printf_str                              0x00000000   Number         0  stubs.o ABSOLUTE
    _printf_truncate_signed                  0x00000000   Number         0  stubs.o ABSOLUTE
    _printf_truncate_unsigned                0x00000000   Number         0  stubs.o ABSOLUTE
    _printf_u                                0x00000000   Number         0  stubs.o ABSOLUTE
    _printf_wc                               0x00000000   Number         0  stubs.o ABSOLUTE
    _printf_wctomb                           0x00000000   Number         0  stubs.o ABSOLUTE
    _printf_widthprec                        0x00000000   Number         0  stubs.o ABSOLUTE
    _printf_x                                0x00000000   Number         0  stubs.o ABSOLUTE
    __cpp_initialize__aeabi_                  - Undefined Weak Reference
    __cxa_finalize                            - Undefined Weak Reference
    __decompress                              - Undefined Weak Reference
    _clock_init                               - Undefined Weak Reference
    _microlib_exit                            - Undefined Weak Reference
    __Vectors_Size                           0x000001ac   Number         0  startup_stm32f429_439xx.o ABSOLUTE
    __Vectors                                0x080c0000   Data           4  startup_stm32f429_439xx.o(RESET)
    __Vectors_End                            0x080c01ac   Data           0  startup_stm32f429_439xx.o(RESET)
    __main                                   0x080c01ad   Thumb Code     0  entry.o(.ARM.Collect$$$$00000000)
    _main_stk                                0x080c01ad   Thumb Code     0  entry2.o(.ARM.Collect$$$$00000001)
    _main_scatterload                        0x080c01b1   Thumb Code     0  entry5.o(.ARM.Collect$$$$00000004)
    __main_after_scatterload                 0x080c01b5   Thumb Code     0  entry5.o(.ARM.Collect$$$$00000004)
    _main_clock                              0x080c01b5   Thumb Code     0  entry7b.o(.ARM.Collect$$$$00000008)
    _main_cpp_init                           0x080c01b5   Thumb Code     0  entry8b.o(.ARM.Collect$$$$0000000A)
    _main_init                               0x080c01b5   Thumb Code     0  entry9a.o(.ARM.Collect$$$$0000000B)
    __rt_final_cpp                           0x080c01bd   Thumb Code     0  entry10a.o(.ARM.Collect$$$$0000000D)
    __rt_final_exit                          0x080c01bd   Thumb Code     0  entry11a.o(.ARM.Collect$$$$0000000F)
    Reset_Handler                            0x080c01c1   Thumb Code     8  startup_stm32f429_439xx.o(.text)
    ADC_IRQHandler                           0x080c01db   Thumb Code     0  startup_stm32f429_439xx.o(.text)
    CAN1_RX0_IRQHandler                      0x080c01db   Thumb Code     0  startup_stm32f429_439xx.o(.text)
    CAN1_RX1_IRQHandler                      0x080c01db   Thumb Code     0  startup_stm32f429_439xx.o(.text)
    CAN1_SCE_IRQHandler                      0x080c01db   Thumb Code     0  startup_stm32f429_439xx.o(.text)
    CAN1_TX_IRQHandler                       0x080c01db   Thumb Code     0  startup_stm32f429_439xx.o(.text)
    CAN2_RX0_IRQHandler                      0x080c01db   Thumb Code     0  startup_stm32f429_439xx.o(.text)
    CAN2_RX1_IRQHandler                      0x080c01db   Thumb Code     0  startup_stm32f429_439xx.o(.text)
    CAN2_SCE_IRQHandler                      0x080c01db   Thumb Code     0  startup_stm32f429_439xx.o(.text)
    CAN2_TX_IRQHandler                       0x080c01db   Thumb Code     0  startup_stm32f429_439xx.o(.text)
    CRYP_IRQHandler                          0x080c01db   Thumb Code     0  startup_stm32f429_439xx.o(.text)
    DCMI_IRQHandler                          0x080c01db   Thumb Code     0  startup_stm32f429_439xx.o(.text)
    DMA1_Stream0_IRQHandler                  0x080c01db   Thumb Code     0  startup_stm32f429_439xx.o(.text)
    DMA1_Stream1_IRQHandler                  0x080c01db   Thumb Code     0  startup_stm32f429_439xx.o(.text)
    DMA1_Stream2_IRQHandler                  0x080c01db   Thumb Code     0  startup_stm32f429_439xx.o(.text)
    DMA1_Stream3_IRQHandler                  0x080c01db   Thumb Code     0  startup_stm32f429_439xx.o(.text)
    DMA1_Stream4_IRQHandler                  0x080c01db   Thumb Code     0  startup_stm32f429_439xx.o(.text)
    DMA1_Stream5_IRQHandler                  0x080c01db   Thumb Code     0  startup_stm32f429_439xx.o(.text)
    DMA1_Stream6_IRQHandler                  0x080c01db   Thumb Code     0  startup_stm32f429_439xx.o(.text)
    DMA1_Stream7_IRQHandler                  0x080c01db   Thumb Code     0  startup_stm32f429_439xx.o(.text)
    DMA2D_IRQHandler                         0x080c01db   Thumb Code     0  startup_stm32f429_439xx.o(.text)
    DMA2_Stream0_IRQHandler                  0x080c01db   Thumb Code     0  startup_stm32f429_439xx.o(.text)
    DMA2_Stream1_IRQHandler                  0x080c01db   Thumb Code     0  startup_stm32f429_439xx.o(.text)
    DMA2_Stream2_IRQHandler                  0x080c01db   Thumb Code     0  startup_stm32f429_439xx.o(.text)
    DMA2_Stream3_IRQHandler                  0x080c01db   Thumb Code     0  startup_stm32f429_439xx.o(.text)
    DMA2_Stream4_IRQHandler                  0x080c01db   Thumb Code     0  startup_stm32f429_439xx.o(.text)
    DMA2_Stream5_IRQHandler                  0x080c01db   Thumb Code     0  startup_stm32f429_439xx.o(.text)
    DMA2_Stream6_IRQHandler                  0x080c01db   Thumb Code     0  startup_stm32f429_439xx.o(.text)
    DMA2_Stream7_IRQHandler                  0x080c01db   Thumb Code     0  startup_stm32f429_439xx.o(.text)
    ETH_IRQHandler                           0x080c01db   Thumb Code     0  startup_stm32f429_439xx.o(.text)
    ETH_WKUP_IRQHandler                      0x080c01db   Thumb Code     0  startup_stm32f429_439xx.o(.text)
    EXTI0_IRQHandler                         0x080c01db   Thumb Code     0  startup_stm32f429_439xx.o(.text)
    EXTI15_10_IRQHandler                     0x080c01db   Thumb Code     0  startup_stm32f429_439xx.o(.text)
    EXTI1_IRQHandler                         0x080c01db   Thumb Code     0  startup_stm32f429_439xx.o(.text)
    EXTI2_IRQHandler                         0x080c01db   Thumb Code     0  startup_stm32f429_439xx.o(.text)
    EXTI3_IRQHandler                         0x080c01db   Thumb Code     0  startup_stm32f429_439xx.o(.text)
    EXTI4_IRQHandler                         0x080c01db   Thumb Code     0  startup_stm32f429_439xx.o(.text)
    EXTI9_5_IRQHandler                       0x080c01db   Thumb Code     0  startup_stm32f429_439xx.o(.text)
    FLASH_IRQHandler                         0x080c01db   Thumb Code     0  startup_stm32f429_439xx.o(.text)
    FMC_IRQHandler                           0x080c01db   Thumb Code     0  startup_stm32f429_439xx.o(.text)
    FPU_IRQHandler                           0x080c01db   Thumb Code     0  startup_stm32f429_439xx.o(.text)
    HASH_RNG_IRQHandler                      0x080c01db   Thumb Code     0  startup_stm32f429_439xx.o(.text)
    I2C1_ER_IRQHandler                       0x080c01db   Thumb Code     0  startup_stm32f429_439xx.o(.text)
    I2C1_EV_IRQHandler                       0x080c01db   Thumb Code     0  startup_stm32f429_439xx.o(.text)
    I2C2_ER_IRQHandler                       0x080c01db   Thumb Code     0  startup_stm32f429_439xx.o(.text)
    I2C2_EV_IRQHandler                       0x080c01db   Thumb Code     0  startup_stm32f429_439xx.o(.text)
    I2C3_ER_IRQHandler                       0x080c01db   Thumb Code     0  startup_stm32f429_439xx.o(.text)
    I2C3_EV_IRQHandler                       0x080c01db   Thumb Code     0  startup_stm32f429_439xx.o(.text)
    LTDC_ER_IRQHandler                       0x080c01db   Thumb Code     0  startup_stm32f429_439xx.o(.text)
    LTDC_IRQHandler                          0x080c01db   Thumb Code     0  startup_stm32f429_439xx.o(.text)
    OTG_FS_IRQHandler                        0x080c01db   Thumb Code     0  startup_stm32f429_439xx.o(.text)
    OTG_FS_WKUP_IRQHandler                   0x080c01db   Thumb Code     0  startup_stm32f429_439xx.o(.text)
    OTG_HS_EP1_IN_IRQHandler                 0x080c01db   Thumb Code     0  startup_stm32f429_439xx.o(.text)
    OTG_HS_EP1_OUT_IRQHandler                0x080c01db   Thumb Code     0  startup_stm32f429_439xx.o(.text)
    OTG_HS_WKUP_IRQHandler                   0x080c01db   Thumb Code     0  startup_stm32f429_439xx.o(.text)
    PVD_IRQHandler                           0x080c01db   Thumb Code     0  startup_stm32f429_439xx.o(.text)
    RCC_IRQHandler                           0x080c01db   Thumb Code     0  startup_stm32f429_439xx.o(.text)
    RTC_Alarm_IRQHandler                     0x080c01db   Thumb Code     0  startup_stm32f429_439xx.o(.text)
    RTC_WKUP_IRQHandler                      0x080c01db   Thumb Code     0  startup_stm32f429_439xx.o(.text)
    SAI1_IRQHandler                          0x080c01db   Thumb Code     0  startup_stm32f429_439xx.o(.text)
    SDIO_IRQHandler                          0x080c01db   Thumb Code     0  startup_stm32f429_439xx.o(.text)
    SPI1_IRQHandler                          0x080c01db   Thumb Code     0  startup_stm32f429_439xx.o(.text)
    SPI2_IRQHandler                          0x080c01db   Thumb Code     0  startup_stm32f429_439xx.o(.text)
    SPI3_IRQHandler                          0x080c01db   Thumb Code     0  startup_stm32f429_439xx.o(.text)
    SPI4_IRQHandler                          0x080c01db   Thumb Code     0  startup_stm32f429_439xx.o(.text)
    SPI5_IRQHandler                          0x080c01db   Thumb Code     0  startup_stm32f429_439xx.o(.text)
    SPI6_IRQHandler                          0x080c01db   Thumb Code     0  startup_stm32f429_439xx.o(.text)
    TAMP_STAMP_IRQHandler                    0x080c01db   Thumb Code     0  startup_stm32f429_439xx.o(.text)
    TIM1_BRK_TIM9_IRQHandler                 0x080c01db   Thumb Code     0  startup_stm32f429_439xx.o(.text)
    TIM1_CC_IRQHandler                       0x080c01db   Thumb Code     0  startup_stm32f429_439xx.o(.text)
    TIM1_TRG_COM_TIM11_IRQHandler            0x080c01db   Thumb Code     0  startup_stm32f429_439xx.o(.text)
    TIM1_UP_TIM10_IRQHandler                 0x080c01db   Thumb Code     0  startup_stm32f429_439xx.o(.text)
    TIM3_IRQHandler                          0x080c01db   Thumb Code     0  startup_stm32f429_439xx.o(.text)
    TIM4_IRQHandler                          0x080c01db   Thumb Code     0  startup_stm32f429_439xx.o(.text)
    TIM5_IRQHandler                          0x080c01db   Thumb Code     0  startup_stm32f429_439xx.o(.text)
    TIM7_IRQHandler                          0x080c01db   Thumb Code     0  startup_stm32f429_439xx.o(.text)
    TIM8_BRK_TIM12_IRQHandler                0x080c01db   Thumb Code     0  startup_stm32f429_439xx.o(.text)
    TIM8_CC_IRQHandler                       0x080c01db   Thumb Code     0  startup_stm32f429_439xx.o(.text)
    TIM8_TRG_COM_TIM14_IRQHandler            0x080c01db   Thumb Code     0  startup_stm32f429_439xx.o(.text)
    TIM8_UP_TIM13_IRQHandler                 0x080c01db   Thumb Code     0  startup_stm32f429_439xx.o(.text)
    UART4_IRQHandler                         0x080c01db   Thumb Code     0  startup_stm32f429_439xx.o(.text)
    UART5_IRQHandler                         0x080c01db   Thumb Code     0  startup_stm32f429_439xx.o(.text)
    UART7_IRQHandler                         0x080c01db   Thumb Code     0  startup_stm32f429_439xx.o(.text)
    UART8_IRQHandler                         0x080c01db   Thumb Code     0  startup_stm32f429_439xx.o(.text)
    USART1_IRQHandler                        0x080c01db   Thumb Code     0  startup_stm32f429_439xx.o(.text)
    USART2_IRQHandler                        0x080c01db   Thumb Code     0  startup_stm32f429_439xx.o(.text)
    USART3_IRQHandler                        0x080c01db   Thumb Code     0  startup_stm32f429_439xx.o(.text)
    USART6_IRQHandler                        0x080c01db   Thumb Code     0  startup_stm32f429_439xx.o(.text)
    WWDG_IRQHandler                          0x080c01db   Thumb Code     0  startup_stm32f429_439xx.o(.text)
    __aeabi_memcpy                           0x080c01e5   Thumb Code    36  memcpya.o(.text)
    __aeabi_memcpy4                          0x080c01e5   Thumb Code     0  memcpya.o(.text)
    __aeabi_memcpy8                          0x080c01e5   Thumb Code     0  memcpya.o(.text)
    __scatterload                            0x080c0209   Thumb Code    28  init.o(.text)
    __scatterload_rt2                        0x080c0209   Thumb Code     0  init.o(.text)
    BusFault_Handler                         0x080c02bd   Thumb Code     2  stm32f4xx_it.o(i.BusFault_Handler)
    DMA2D_DeInit                             0x080c02bf   Thumb Code    24  stm32f4xx_dma2d.o(i.DMA2D_DeInit)
    DMA2D_GetFlagStatus                      0x080c02d9   Thumb Code    16  stm32f4xx_dma2d.o(i.DMA2D_GetFlagStatus)
    DMA2D_Init                               0x080c02ed   Thumb Code   174  stm32f4xx_dma2d.o(i.DMA2D_Init)
    DMA2D_StartTransfer                      0x080c03a5   Thumb Code    12  stm32f4xx_dma2d.o(i.DMA2D_StartTransfer)
    DebugMon_Handler                         0x080c03b5   Thumb Code     2  stm32f4xx_it.o(i.DebugMon_Handler)
    Delay                                    0x080c03b7   Thumb Code    18  main.o(i.Delay)
    EXTI_DeInit                              0x080c03c9   Thumb Code    28  stm32f4xx_exti.o(i.EXTI_DeInit)
    FLASH_ClearFlag                          0x080c03ed   Thumb Code     6  stm32f4xx_flash.o(i.FLASH_ClearFlag)
    FLASH_EraseSector                        0x080c03f9   Thumb Code   106  stm32f4xx_flash.o(i.FLASH_EraseSector)
    FLASH_GetStatus                          0x080c0469   Thumb Code    56  stm32f4xx_flash.o(i.FLASH_GetStatus)
    FLASH_If_Erase                           0x080c04a5   Thumb Code    96  flash_if.o(i.FLASH_If_Erase)
    FLASH_If_Write                           0x080c0509   Thumb Code    76  flash_if.o(i.FLASH_If_Write)
    FLASH_ProgramWord                        0x080c0559   Thumb Code    56  stm32f4xx_flash.o(i.FLASH_ProgramWord)
    FLASH_Unlock                             0x080c0595   Thumb Code    22  stm32f4xx_flash.o(i.FLASH_Unlock)
    FLASH_WaitForLastOperation               0x080c05b9   Thumb Code    34  stm32f4xx_flash.o(i.FLASH_WaitForLastOperation)
    FMC_GetFlagStatus                        0x080c05db   Thumb Code    54  stm32f4xx_fmc.o(i.FMC_GetFlagStatus)
    FMC_SDRAMCmdConfig                       0x080c0611   Thumb Code    26  stm32f4xx_fmc.o(i.FMC_SDRAMCmdConfig)
    FMC_SDRAMInit                            0x080c0631   Thumb Code   262  stm32f4xx_fmc.o(i.FMC_SDRAMInit)
    FMC_SetRefreshCount                      0x080c0739   Thumb Code    12  stm32f4xx_fmc.o(i.FMC_SetRefreshCount)
    File_IAP                                 0x080c0749   Thumb Code   242  main.o(i.File_IAP)
    GPIO_Configuration                       0x080c0865   Thumb Code   172  main.o(i.GPIO_Configuration)
    GPIO_Init                                0x080c0921   Thumb Code   124  stm32f4xx_gpio.o(i.GPIO_Init)
    GPIO_PinAFConfig                         0x080c099d   Thumb Code    32  stm32f4xx_gpio.o(i.GPIO_PinAFConfig)
    GPIO_ResetBits                           0x080c09bd   Thumb Code     4  stm32f4xx_gpio.o(i.GPIO_ResetBits)
    GPIO_SetBits                             0x080c09c1   Thumb Code     4  stm32f4xx_gpio.o(i.GPIO_SetBits)
    GetASCIICode                             0x080c09c5   Thumb Code    14  fonts.o(i.GetASCIICode)
    HCD_GetCurrentFrame                      0x080c09d9   Thumb Code     8  usb_hcd.o(i.HCD_GetCurrentFrame)
    HCD_GetCurrentSpeed                      0x080c09e1   Thumb Code    12  usb_hcd.o(i.HCD_GetCurrentSpeed)
    HCD_GetURB_State                         0x080c09ed   Thumb Code     8  usb_hcd.o(i.HCD_GetURB_State)
    HCD_GetXferCnt                           0x080c09f5   Thumb Code    10  usb_hcd.o(i.HCD_GetXferCnt)
    HCD_Init                                 0x080c09ff   Thumb Code    86  usb_hcd.o(i.HCD_Init)
    HCD_IsDeviceConnected                    0x080c0a55   Thumb Code     6  usb_hcd.o(i.HCD_IsDeviceConnected)
    HCD_ResetPort                            0x080c0a5b   Thumb Code    10  usb_hcd.o(i.HCD_ResetPort)
    HCD_SubmitRequest                        0x080c0a65   Thumb Code    20  usb_hcd.o(i.HCD_SubmitRequest)
    HardFault_Handler                        0x080c0a79   Thumb Code     2  stm32f4xx_it.o(i.HardFault_Handler)
    IAP_Flash_Write                          0x080c0a7b   Thumb Code    12  flash_if.o(i.IAP_Flash_Write)
    IAP_Start                                0x080c0a87   Thumb Code    22  flash_if.o(i.IAP_Start)
    LCD429_PutPixel                          0x080c0a9d   Thumb Code   118  bsp_lcd.o(i.LCD429_PutPixel)
    LCD_Clear                                0x080c0b21   Thumb Code    84  bsp_lcd.o(i.LCD_Clear)
    LCD_Init                                 0x080c0e79   Thumb Code   132  bsp_lcd.o(i.LCD_Init)
    LCD_LayerInit                            0x080c0efd   Thumb Code   110  bsp_lcd.o(i.LCD_LayerInit)
    LCD_SetFont                              0x080c0f79   Thumb Code     6  bsp_lcd.o(i.LCD_SetFont)
    LCD_SetLayer                             0x080c0f85   Thumb Code    28  bsp_lcd.o(i.LCD_SetLayer)
    LCD_SetTransparency                      0x080c0fa9   Thumb Code    40  bsp_lcd.o(i.LCD_SetTransparency)
    LCD_ShowFontCN_16                        0x080c0fd9   Thumb Code   214  bsp_lcd.o(i.LCD_ShowFontCN_16)
    LED_GPIO_Config                          0x080c10b9   Thumb Code    86  bsp_led.o(i.LED_GPIO_Config)
    LTDC_Cmd                                 0x080c1115   Thumb Code    26  stm32f4xx_ltdc.o(i.LTDC_Cmd)
    LTDC_Init                                0x080c1135   Thumb Code   156  stm32f4xx_ltdc.o(i.LTDC_Init)
    LTDC_LayerAlpha                          0x080c11dd   Thumb Code     4  stm32f4xx_ltdc.o(i.LTDC_LayerAlpha)
    LTDC_LayerCmd                            0x080c11e1   Thumb Code    24  stm32f4xx_ltdc.o(i.LTDC_LayerCmd)
    LTDC_LayerInit                           0x080c11f9   Thumb Code   150  stm32f4xx_ltdc.o(i.LTDC_LayerInit)
    LTDC_ReloadConfig                        0x080c1291   Thumb Code     6  stm32f4xx_ltdc.o(i.LTDC_ReloadConfig)
    Led_GPIO_Configuration                   0x080c129d   Thumb Code    86  main.o(i.Led_GPIO_Configuration)
    Lock_Off                                 0x080c1301   Thumb Code    10  main.o(i.Lock_Off)
    Lock_On                                  0x080c1311   Thumb Code    10  main.o(i.Lock_On)
    MemManage_Handler                        0x080c1321   Thumb Code     2  stm32f4xx_it.o(i.MemManage_Handler)
    NMI_Handler                              0x080c1323   Thumb Code     2  stm32f4xx_it.o(i.NMI_Handler)
    NVIC_Init                                0x080c133d   Thumb Code    98  misc.o(i.NVIC_Init)
    NVIC_PriorityGroupConfig                 0x080c13a5   Thumb Code    10  misc.o(i.NVIC_PriorityGroupConfig)
    NVIC_SetVectorTable                      0x080c13b9   Thumb Code    12  misc.o(i.NVIC_SetVectorTable)
    OTG_HS_IRQHandler                        0x080c13cd   Thumb Code     6  usbh_it.o(i.OTG_HS_IRQHandler)
    PendSV_Handler                           0x080c13d9   Thumb Code     2  stm32f4xx_it.o(i.PendSV_Handler)
    PutChar                                  0x080c13db   Thumb Code    86  bsp_lcd.o(i.PutChar)
    RCC_AHB1PeriphClockCmd                   0x080c1431   Thumb Code    22  stm32f4xx_rcc.o(i.RCC_AHB1PeriphClockCmd)
    RCC_AHB1PeriphResetCmd                   0x080c144d   Thumb Code    22  stm32f4xx_rcc.o(i.RCC_AHB1PeriphResetCmd)
    RCC_AHB3PeriphClockCmd                   0x080c1469   Thumb Code    22  stm32f4xx_rcc.o(i.RCC_AHB3PeriphClockCmd)
    RCC_APB1PeriphClockCmd                   0x080c1485   Thumb Code    22  stm32f4xx_rcc.o(i.RCC_APB1PeriphClockCmd)
    RCC_APB1PeriphResetCmd                   0x080c14a1   Thumb Code    22  stm32f4xx_rcc.o(i.RCC_APB1PeriphResetCmd)
    RCC_APB2PeriphClockCmd                   0x080c14bd   Thumb Code    22  stm32f4xx_rcc.o(i.RCC_APB2PeriphClockCmd)
    RCC_APB2PeriphResetCmd                   0x080c14d9   Thumb Code    22  stm32f4xx_rcc.o(i.RCC_APB2PeriphResetCmd)
    RCC_DeInit                               0x080c14f5   Thumb Code    68  stm32f4xx_rcc.o(i.RCC_DeInit)
    RCC_GetFlagStatus                        0x080c1549   Thumb Code    50  stm32f4xx_rcc.o(i.RCC_GetFlagStatus)
    RCC_LTDCCLKDivConfig                     0x080c1581   Thumb Code    14  stm32f4xx_rcc.o(i.RCC_LTDCCLKDivConfig)
    RCC_PLLSAICmd                            0x080c1595   Thumb Code     6  stm32f4xx_rcc.o(i.RCC_PLLSAICmd)
    RCC_PLLSAIConfig                         0x080c15a1   Thumb Code    16  stm32f4xx_rcc.o(i.RCC_PLLSAIConfig)
    RCC_RTCCLKCmd                            0x080c15b5   Thumb Code     6  stm32f4xx_rcc.o(i.RCC_RTCCLKCmd)
    RTC_DeInit                               0x080c15d5   Thumb Code   174  stm32f4xx_rtc.o(i.RTC_DeInit)
    RTC_EnterInitMode                        0x080c168d   Thumb Code    62  stm32f4xx_rtc.o(i.RTC_EnterInitMode)
    RTC_GetDate                              0x080c16d1   Thumb Code    64  stm32f4xx_rtc.o(i.RTC_GetDate)
    RTC_GetTime                              0x080c1719   Thumb Code    68  stm32f4xx_rtc.o(i.RTC_GetTime)
    RTC_ITConfig                             0x080c1765   Thumb Code    64  stm32f4xx_rtc.o(i.RTC_ITConfig)
    RTC_WaitForSynchro                       0x080c17a9   Thumb Code    72  stm32f4xx_rtc.o(i.RTC_WaitForSynchro)
    RTC_WakeUpCmd                            0x080c17f5   Thumb Code    90  stm32f4xx_rtc.o(i.RTC_WakeUpCmd)
    SDRAM_Init                               0x080c1bd9   Thumb Code    92  bsp_sdram.o(i.SDRAM_Init)
    SVC_Handler                              0x080c1d01   Thumb Code     2  stm32f4xx_it.o(i.SVC_Handler)
    SysTick_Handler                          0x080c1dd9   Thumb Code     2  stm32f4xx_it.o(i.SysTick_Handler)
    SystemInit                               0x080c1ddd   Thumb Code    72  system_stm32f4xx.o(i.SystemInit)
    TIM2_IRQHandler                          0x080c1e39   Thumb Code     4  usbh_it.o(i.TIM2_IRQHandler)
    TIM6_Configuration                       0x080c1e3d   Thumb Code    14  bsp_basic_tim.o(i.TIM6_Configuration)
    TIM6_DAC_IRQHandler                      0x080c1e4d   Thumb Code    30  stm32f4xx_it.o(i.TIM6_DAC_IRQHandler)
    TIM_ARRPreloadConfig                     0x080c1e9b   Thumb Code    24  stm32f4xx_tim.o(i.TIM_ARRPreloadConfig)
    TIM_ClearFlag                            0x080c1eb3   Thumb Code     6  stm32f4xx_tim.o(i.TIM_ClearFlag)
    TIM_ClearITPendingBit                    0x080c1eb9   Thumb Code     6  stm32f4xx_tim.o(i.TIM_ClearITPendingBit)
    TIM_Cmd                                  0x080c1ebf   Thumb Code    24  stm32f4xx_tim.o(i.TIM_Cmd)
    TIM_DeInit                               0x080c1ed9   Thumb Code   376  stm32f4xx_tim.o(i.TIM_DeInit)
    TIM_GetITStatus                          0x080c2085   Thumb Code    24  stm32f4xx_tim.o(i.TIM_GetITStatus)
    TIM_ITConfig                             0x080c209d   Thumb Code    20  stm32f4xx_tim.o(i.TIM_ITConfig)
    TIM_TimeBaseInit                         0x080c20f1   Thumb Code    96  stm32f4xx_tim.o(i.TIM_TimeBaseInit)
    USBH_Alloc_Channel                       0x080c216d   Thumb Code    36  usbh_hcs.o(i.USBH_Alloc_Channel)
    USBH_BulkReceiveData                     0x080c2191   Thumb Code    54  usbh_ioreq.o(i.USBH_BulkReceiveData)
    USBH_BulkSendData                        0x080c21c7   Thumb Code    52  usbh_ioreq.o(i.USBH_BulkSendData)
    USBH_ClrFeature                          0x080c21fb   Thumb Code    46  usbh_stdreq.o(i.USBH_ClrFeature)
    USBH_Connected                           0x080c2229   Thumb Code    10  usbh_core.o(i.USBH_Connected)
    USBH_CtlReceiveData                      0x080c2233   Thumb Code    36  usbh_ioreq.o(i.USBH_CtlReceiveData)
    USBH_CtlReq                              0x080c2257   Thumb Code    76  usbh_ioreq.o(i.USBH_CtlReq)
    USBH_CtlSendData                         0x080c22a3   Thumb Code    60  usbh_ioreq.o(i.USBH_CtlSendData)
    USBH_CtlSendSetup                        0x080c22df   Thumb Code    38  usbh_ioreq.o(i.USBH_CtlSendSetup)
    USBH_DeAllocate_AllChannel               0x080c2305   Thumb Code    24  usbh_hcs.o(i.USBH_DeAllocate_AllChannel)
    USBH_DeInit                              0x080c231d   Thumb Code    52  usbh_core.o(i.USBH_DeInit)
    USBH_Disconnected                        0x080c2351   Thumb Code    10  usbh_core.o(i.USBH_Disconnected)
    USBH_ErrorHandle                         0x080c235b   Thumb Code    44  usbh_core.o(i.USBH_ErrorHandle)
    USBH_Free_Channel                        0x080c2387   Thumb Code    24  usbh_hcs.o(i.USBH_Free_Channel)
    USBH_GetDescriptor                       0x080c239f   Thumb Code    50  usbh_stdreq.o(i.USBH_GetDescriptor)
    USBH_GetNextDesc                         0x080c23ef   Thumb Code    14  usbh_stdreq.o(i.USBH_GetNextDesc)
    USBH_Get_CfgDesc                         0x080c23fd   Thumb Code    86  usbh_stdreq.o(i.USBH_Get_CfgDesc)
    USBH_Get_DevDesc                         0x080c2459   Thumb Code    50  usbh_stdreq.o(i.USBH_Get_DevDesc)
    USBH_Get_StringDesc                      0x080c248b   Thumb Code    46  usbh_stdreq.o(i.USBH_Get_StringDesc)
    USBH_HandleControl                       0x080c24b9   Thumb Code   508  usbh_core.o(i.USBH_HandleControl)
    USBH_Init                                0x080c2881   Thumb Code    64  usbh_core.o(i.USBH_Init)
    USBH_MSC_BOT_Abort                       0x080c28d9   Thumb Code    56  usbh_msc_bot.o(i.USBH_MSC_BOT_Abort)
    USBH_MSC_DecodeCSW                       0x080c2925   Thumb Code    88  usbh_msc_bot.o(i.USBH_MSC_DecodeCSW)
    USBH_MSC_ErrorHandle                     0x080c2989   Thumb Code    44  usbh_msc_core.o(i.USBH_MSC_ErrorHandle)
    USBH_MSC_HandleBOTXfer                   0x080c2b39   Thumb Code   590  usbh_msc_bot.o(i.USBH_MSC_HandleBOTXfer)
    USBH_MSC_Init                            0x080c2d95   Thumb Code    40  usbh_msc_bot.o(i.USBH_MSC_Init)
    USBH_MSC_ModeSense6                      0x080c2ead   Thumb Code   142  usbh_msc_scsi.o(i.USBH_MSC_ModeSense6)
    USBH_MSC_Read10                          0x080c2f49   Thumb Code   208  usbh_msc_scsi.o(i.USBH_MSC_Read10)
    USBH_MSC_ReadCapacity10                  0x080c3025   Thumb Code   148  usbh_msc_scsi.o(i.USBH_MSC_ReadCapacity10)
    USBH_MSC_RequestSense                    0x080c30c5   Thumb Code   146  usbh_msc_scsi.o(i.USBH_MSC_RequestSense)
    USBH_MSC_TestUnitReady                   0x080c3165   Thumb Code   116  usbh_msc_scsi.o(i.USBH_MSC_TestUnitReady)
    USBH_MSC_Write10                         0x080c31e5   Thumb Code   156  usbh_msc_scsi.o(i.USBH_MSC_Write10)
    USBH_Modify_Channel                      0x080c3289   Thumb Code    52  usbh_hcs.o(i.USBH_Modify_Channel)
    USBH_OTG_ISR_Handler                     0x080c32bd   Thumb Code   168  usb_hcd_int.o(i.USBH_OTG_ISR_Handler)
    USBH_Open_Channel                        0x080c3365   Thumb Code    80  usbh_hcs.o(i.USBH_Open_Channel)
    USBH_Process                             0x080c3585   Thumb Code   402  usbh_core.o(i.USBH_Process)
    USBH_SOF                                 0x080c3717   Thumb Code     4  usbh_core.o(i.USBH_SOF)
    USBH_SetAddress                          0x080c371b   Thumb Code    24  usbh_stdreq.o(i.USBH_SetAddress)
    USBH_SetCfg                              0x080c3733   Thumb Code    24  usbh_stdreq.o(i.USBH_SetCfg)
    USBH_USR_Configuration_DescAvailable     0x080c375f   Thumb Code     4  usbh_usr.o(i.USBH_USR_Configuration_DescAvailable)
    USBH_USR_DeInit                          0x080c3763   Thumb Code     2  usbh_usr.o(i.USBH_USR_DeInit)
    USBH_USR_DeviceAddressAssigned           0x080c3765   Thumb Code     2  usbh_usr.o(i.USBH_USR_DeviceAddressAssigned)
    USBH_USR_DeviceAttached                  0x080c3769   Thumb Code    12  usbh_usr.o(i.USBH_USR_DeviceAttached)
    USBH_USR_DeviceDisconnected              0x080c377d   Thumb Code    14  usbh_usr.o(i.USBH_USR_DeviceDisconnected)
    USBH_USR_DeviceNotSupported              0x080c3795   Thumb Code     2  usbh_usr.o(i.USBH_USR_DeviceNotSupported)
    USBH_USR_DeviceSpeedDetected             0x080c3797   Thumb Code     2  usbh_usr.o(i.USBH_USR_DeviceSpeedDetected)
    USBH_USR_Device_DescAvailable            0x080c3799   Thumb Code     2  usbh_usr.o(i.USBH_USR_Device_DescAvailable)
    USBH_USR_EnumerationDone                 0x080c379b   Thumb Code     2  usbh_usr.o(i.USBH_USR_EnumerationDone)
    USBH_USR_Init                            0x080c379d   Thumb Code    14  usbh_usr.o(i.USBH_USR_Init)
    USBH_USR_MSC_Application                 0x080c37b1   Thumb Code     4  usbh_usr.o(i.USBH_USR_MSC_Application)
    USBH_USR_Manufacturer_String             0x080c37b5   Thumb Code     2  usbh_usr.o(i.USBH_USR_Manufacturer_String)
    USBH_USR_OverCurrentDetected             0x080c37b7   Thumb Code     2  usbh_usr.o(i.USBH_USR_OverCurrentDetected)
    USBH_USR_Product_String                  0x080c37b9   Thumb Code     2  usbh_usr.o(i.USBH_USR_Product_String)
    USBH_USR_ResetDevice                     0x080c37bb   Thumb Code     2  usbh_usr.o(i.USBH_USR_ResetDevice)
    USBH_USR_SerialNum_String                0x080c37bd   Thumb Code     2  usbh_usr.o(i.USBH_USR_SerialNum_String)
    USBH_USR_UnrecoveredError                0x080c37bf   Thumb Code     2  usbh_usr.o(i.USBH_USR_UnrecoveredError)
    USBH_USR_UserInput                       0x080c37c1   Thumb Code     4  usbh_usr.o(i.USBH_USR_UserInput)
    USB_OTG_BSP_ConfigVBUS                   0x080c37c5   Thumb Code     8  usb_bsp.o(i.USB_OTG_BSP_ConfigVBUS)
    USB_OTG_BSP_DriveVBUS                    0x080c37d1   Thumb Code     2  usb_bsp.o(i.USB_OTG_BSP_DriveVBUS)
    USB_OTG_BSP_EnableInterrupt              0x080c37d3   Thumb Code    40  usb_bsp.o(i.USB_OTG_BSP_EnableInterrupt)
    USB_OTG_BSP_Init                         0x080c37fd   Thumb Code    72  usb_bsp.o(i.USB_OTG_BSP_Init)
    USB_OTG_BSP_TimerIRQ                     0x080c3885   Thumb Code    50  usb_bsp.o(i.USB_OTG_BSP_TimerIRQ)
    USB_OTG_BSP_mDelay                       0x080c38bd   Thumb Code     6  usb_bsp.o(i.USB_OTG_BSP_mDelay)
    USB_OTG_BSP_uDelay                       0x080c38c3   Thumb Code     6  usb_bsp.o(i.USB_OTG_BSP_uDelay)
    USB_OTG_CoreInit                         0x080c38c9   Thumb Code   168  usb_core.o(i.USB_OTG_CoreInit)
    USB_OTG_CoreInitHost                     0x080c3971   Thumb Code   180  usb_core.o(i.USB_OTG_CoreInitHost)
    USB_OTG_DisableGlobalInt                 0x080c3a81   Thumb Code    16  usb_core.o(i.USB_OTG_DisableGlobalInt)
    USB_OTG_DriveVbus                        0x080c3a91   Thumb Code    72  usb_core.o(i.USB_OTG_DriveVbus)
    USB_OTG_EnableGlobalInt                  0x080c3af5   Thumb Code    16  usb_core.o(i.USB_OTG_EnableGlobalInt)
    USB_OTG_EnableHostInt                    0x080c3b05   Thumb Code    70  usb_core.o(i.USB_OTG_EnableHostInt)
    USB_OTG_FlushRxFifo                      0x080c3b4d   Thumb Code    54  usb_core.o(i.USB_OTG_FlushRxFifo)
    USB_OTG_FlushTxFifo                      0x080c3b89   Thumb Code    62  usb_core.o(i.USB_OTG_FlushTxFifo)
    USB_OTG_GetMode                          0x080c3bcd   Thumb Code    10  usb_core.o(i.USB_OTG_GetMode)
    USB_OTG_HC_DoPing                        0x080c3bd7   Thumb Code    42  usb_core.o(i.USB_OTG_HC_DoPing)
    USB_OTG_HC_Halt                          0x080c3c01   Thumb Code   100  usb_core.o(i.USB_OTG_HC_Halt)
    USB_OTG_HC_Init                          0x080c3c65   Thumb Code   316  usb_core.o(i.USB_OTG_HC_Init)
    USB_OTG_HC_StartXfer                     0x080c3da1   Thumb Code   288  usb_core.o(i.USB_OTG_HC_StartXfer)
    USB_OTG_InitFSLSPClkSel                  0x080c3ec1   Thumb Code    12  usb_core.o(i.USB_OTG_InitFSLSPClkSel)
    USB_OTG_IsEvenFrame                      0x080c3ecd   Thumb Code    12  usb_core.o(i.USB_OTG_IsEvenFrame)
    USB_OTG_IsHostMode                       0x080c3ed9   Thumb Code    14  usb_core.o(i.USB_OTG_IsHostMode)
    USB_OTG_ReadCoreItr                      0x080c3ee7   Thumb Code    10  usb_core.o(i.USB_OTG_ReadCoreItr)
    USB_OTG_ReadHPRT0                        0x080c3ef1   Thumb Code    24  usb_core.o(i.USB_OTG_ReadHPRT0)
    USB_OTG_ReadHostAllChannels_intr         0x080c3f09   Thumb Code     6  usb_core.o(i.USB_OTG_ReadHostAllChannels_intr)
    USB_OTG_ReadPacket                       0x080c3f0f   Thumb Code    32  usb_core.o(i.USB_OTG_ReadPacket)
    USB_OTG_ResetPort                        0x080c3f2f   Thumb Code    44  usb_core.o(i.USB_OTG_ResetPort)
    USB_OTG_SelectCore                       0x080c3f5d   Thumb Code   192  usb_core.o(i.USB_OTG_SelectCore)
    USB_OTG_SetCurrentMode                   0x080c4021   Thumb Code    54  usb_core.o(i.USB_OTG_SetCurrentMode)
    USB_OTG_WritePacket                      0x080c4e29   Thumb Code    40  usb_core.o(i.USB_OTG_WritePacket)
    UsageFault_Handler                       0x080c4e51   Thumb Code     2  stm32f4xx_it.o(i.UsageFault_Handler)
    WriteOneHzChar_16                        0x080c4e53   Thumb Code    18  bsp_lcd.o(i.WriteOneHzChar_16)
    WriteString_16                           0x080c4e65   Thumb Code   156  bsp_lcd.o(i.WriteString_16)
    __scatterload_copy                       0x080c4f05   Thumb Code    14  handlers.o(i.__scatterload_copy)
    __scatterload_null                       0x080c4f13   Thumb Code     2  handlers.o(i.__scatterload_null)
    __scatterload_zeroinit                   0x080c4f15   Thumb Code    14  handlers.o(i.__scatterload_zeroinit)
    clust2sect                               0x080c4fb1   Thumb Code    24  ff.o(i.clust2sect)
    disk_initialize                          0x080c56e5   Thumb Code    18  diskio.o(i.disk_initialize)
    disk_ioctl                               0x080c56fd   Thumb Code    50  diskio.o(i.disk_ioctl)
    disk_read                                0x080c5735   Thumb Code    88  diskio.o(i.disk_read)
    disk_status                              0x080c5795   Thumb Code     4  diskio.o(i.disk_status)
    disk_write                               0x080c5799   Thumb Code    68  diskio.o(i.disk_write)
    f_mount                                  0x080c57e5   Thumb Code    72  ff.o(i.f_mount)
    f_open                                   0x080c5831   Thumb Code   344  ff.o(i.f_open)
    f_read                                   0x080c5989   Thumb Code   380  ff.o(i.f_read)
    ff_convert                               0x080c5b05   Thumb Code    78  cc936.o(i.ff_convert)
    ff_wtoupper                              0x080c5b5d   Thumb Code    34  cc936.o(i.ff_wtoupper)
    findHzIndex_16                           0x080c5b89   Thumb Code    46  bsp_lcd.o(i.findHzIndex_16)
    get_fat                                  0x080c6075   Thumb Code   256  ff.o(i.get_fat)
    get_fattime                              0x080c6175   Thumb Code    68  diskio.o(i.get_fattime)
    main                                     0x080c6219   Thumb Code   244  main.o(i.main)
    put_fat                                  0x080c63a9   Thumb Code   300  ff.o(i.put_fat)
    ALERT                                    0x080c65e4   Data         104  main.o(.constdata)
    GB_16                                    0x080c664c   Data        6494  bsp_lcd.o(.constdata)
    ASCII16x24_Table                         0x080c7faa   Data        4560  fonts.o(.constdata)
    Region$$Table$$Base                      0x080f446c   Number         0  anon$$obj.o(Region$$Table)
    Region$$Table$$Limit                     0x080f448c   Number         0  anon$$obj.o(Region$$Table)
    Jumpflag                                 0x20000000   Data           1  main.o(.data)
    result                                   0x20000001   Data           1  main.o(.data)
    Colour                                   0x20000024   Data           8  bsp_lcd.o(.data)
    Font16x24                                0x2000002c   Data           8  fonts.o(.data)
    USB_Openflag                             0x20000034   Data           1  pbdata.o(.data)
    Disp_usbflag                             0x20000035   Data           1  pbdata.o(.data)
    g_LcdDirection                           0x20000038   Data           4  pbdata.o(.data)
    BSP_delay                                0x2000003c   Data           4  usb_bsp.o(.data)
    USR_cb                                   0x20000040   Data          72  usbh_usr.o(.data)
    USBH_HCD_INT_cb                          0x2000008c   Data          12  usbh_core.o(.data)
    USBH_HCD_INT_fops                        0x20000098   Data           4  usbh_core.o(.data)
    MSCErrorCount                            0x200000b8   Data           1  usbh_msc_core.o(.data)
    USBH_MSC_cb                              0x200000bc   Data          16  usbh_msc_core.o(.data)
    fs                                       0x200000d0   Data        4144  main.o(.bss)
    file                                     0x20001100   Data        4132  main.o(.bss)
    USB_OTG_Core                             0x20002924   Data        1452  usbh_usr.o(.bss)
    USB_Host                                 0x20002ed0   Data         132  usbh_usr.o(.bss)
    USBH_CfgDesc                             0x20002f54   Data         512  usbh_stdreq.o(.bss)
    USBH_MSC_CBWData                         0x20003154   Data          32  usbh_msc_bot.o(.bss)
    USBH_MSC_CSWData                         0x20003174   Data          16  usbh_msc_bot.o(.bss)
    USBH_MSC_BOTXferParam                    0x20003184   Data          16  usbh_msc_bot.o(.bss)
    MSC_Machine                              0x20003194   Data         522  usbh_msc_core.o(.bss)
    USBH_MSC_Param                           0x200033a0   Data          16  usbh_msc_scsi.o(.bss)
    USBH_DataInBuffer                        0x200033b0   Data         512  usbh_msc_scsi.o(.bss)
    __initial_sp                             0x200039c0   Data           0  startup_stm32f429_439xx.o(STACK)



==============================================================================

Memory Map of the image

  Image Entry point : 0x080c01ad

  Load Region LR_IROM1 (Base: 0x080c0000, Size: 0x0003455c, Max: 0x00040000, ABSOLUTE)

    Execution Region ER_IROM1 (Exec base: 0x080c0000, Load base: 0x080c0000, Size: 0x0003448c, Max: 0x00040000, ABSOLUTE)

    Exec Addr    Load Addr    Size         Type   Attr      Idx    E Section Name        Object

    0x080c0000   0x080c0000   0x000001ac   Data   RO            3    RESET               startup_stm32f429_439xx.o
    0x080c01ac   0x080c01ac   0x00000000   Code   RO         8293  * .ARM.Collect$$$$00000000  mc_w.l(entry.o)
    0x080c01ac   0x080c01ac   0x00000004   Code   RO         8563    .ARM.Collect$$$$00000001  mc_w.l(entry2.o)
    0x080c01b0   0x080c01b0   0x00000004   Code   RO         8566    .ARM.Collect$$$$00000004  mc_w.l(entry5.o)
    0x080c01b4   0x080c01b4   0x00000000   Code   RO         8568    .ARM.Collect$$$$00000008  mc_w.l(entry7b.o)
    0x080c01b4   0x080c01b4   0x00000000   Code   RO         8570    .ARM.Collect$$$$0000000A  mc_w.l(entry8b.o)
    0x080c01b4   0x080c01b4   0x00000008   Code   RO         8571    .ARM.Collect$$$$0000000B  mc_w.l(entry9a.o)
    0x080c01bc   0x080c01bc   0x00000000   Code   RO         8573    .ARM.Collect$$$$0000000D  mc_w.l(entry10a.o)
    0x080c01bc   0x080c01bc   0x00000000   Code   RO         8575    .ARM.Collect$$$$0000000F  mc_w.l(entry11a.o)
    0x080c01bc   0x080c01bc   0x00000004   Code   RO         8564    .ARM.Collect$$$$00002712  mc_w.l(entry2.o)
    0x080c01c0   0x080c01c0   0x00000024   Code   RO            4    .text               startup_stm32f429_439xx.o
    0x080c01e4   0x080c01e4   0x00000024   Code   RO         8296    .text               mc_w.l(memcpya.o)
    0x080c0208   0x080c0208   0x00000024   Code   RO         8593    .text               mc_w.l(init.o)
    0x080c022c   0x080c022c   0x00000024   Code   RO         6564    i.BSP_Delay         usb_bsp.o
    0x080c0250   0x080c0250   0x0000006c   Code   RO         6565    i.BSP_SetTime       usb_bsp.o
    0x080c02bc   0x080c02bc   0x00000002   Code   RO         5564    i.BusFault_Handler  stm32f4xx_it.o
    0x080c02be   0x080c02be   0x00000018   Code   RO         1464    i.DMA2D_DeInit      stm32f4xx_dma2d.o
    0x080c02d6   0x080c02d6   0x00000002   PAD
    0x080c02d8   0x080c02d8   0x00000014   Code   RO         1469    i.DMA2D_GetFlagStatus  stm32f4xx_dma2d.o
    0x080c02ec   0x080c02ec   0x000000b8   Code   RO         1472    i.DMA2D_Init        stm32f4xx_dma2d.o
    0x080c03a4   0x080c03a4   0x00000010   Code   RO         1474    i.DMA2D_StartTransfer  stm32f4xx_dma2d.o
    0x080c03b4   0x080c03b4   0x00000002   Code   RO         5565    i.DebugMon_Handler  stm32f4xx_it.o
    0x080c03b6   0x080c03b6   0x00000012   Code   RO         5267    i.Delay             main.o
    0x080c03c8   0x080c03c8   0x00000024   Code   RO         1592    i.EXTI_DeInit       stm32f4xx_exti.o
    0x080c03ec   0x080c03ec   0x0000000c   Code   RO         1656    i.FLASH_ClearFlag   stm32f4xx_flash.o
    0x080c03f8   0x080c03f8   0x00000070   Code   RO         1662    i.FLASH_EraseSector  stm32f4xx_flash.o
    0x080c0468   0x080c0468   0x0000003c   Code   RO         1664    i.FLASH_GetStatus   stm32f4xx_flash.o
    0x080c04a4   0x080c04a4   0x00000064   Code   RO         6916    i.FLASH_If_Erase    flash_if.o
    0x080c0508   0x080c0508   0x00000050   Code   RO         6918    i.FLASH_If_Write    flash_if.o
    0x080c0558   0x080c0558   0x0000003c   Code   RO         1692    i.FLASH_ProgramWord  stm32f4xx_flash.o
    0x080c0594   0x080c0594   0x00000024   Code   RO         1694    i.FLASH_Unlock      stm32f4xx_flash.o
    0x080c05b8   0x080c05b8   0x00000022   Code   RO         1695    i.FLASH_WaitForLastOperation  stm32f4xx_flash.o
    0x080c05da   0x080c05da   0x00000036   Code   RO         1950    i.FMC_GetFlagStatus  stm32f4xx_fmc.o
    0x080c0610   0x080c0610   0x00000020   Code   RO         1967    i.FMC_SDRAMCmdConfig  stm32f4xx_fmc.o
    0x080c0630   0x080c0630   0x00000106   Code   RO         1969    i.FMC_SDRAMInit     stm32f4xx_fmc.o
    0x080c0736   0x080c0736   0x00000002   PAD
    0x080c0738   0x080c0738   0x00000010   Code   RO         1973    i.FMC_SetRefreshCount  stm32f4xx_fmc.o
    0x080c0748   0x080c0748   0x0000011c   Code   RO         5268    i.File_IAP          main.o
    0x080c0864   0x080c0864   0x000000bc   Code   RO         5269    i.GPIO_Configuration  main.o
    0x080c0920   0x080c0920   0x0000007c   Code   RO         2152    i.GPIO_Init         stm32f4xx_gpio.o
    0x080c099c   0x080c099c   0x00000020   Code   RO         2153    i.GPIO_PinAFConfig  stm32f4xx_gpio.o
    0x080c09bc   0x080c09bc   0x00000004   Code   RO         2159    i.GPIO_ResetBits    stm32f4xx_gpio.o
    0x080c09c0   0x080c09c0   0x00000004   Code   RO         2160    i.GPIO_SetBits      stm32f4xx_gpio.o
    0x080c09c4   0x080c09c4   0x00000014   Code   RO         6256    i.GetASCIICode      fonts.o
    0x080c09d8   0x080c09d8   0x00000008   Code   RO         7160    i.HCD_GetCurrentFrame  usb_hcd.o
    0x080c09e0   0x080c09e0   0x0000000c   Code   RO         7161    i.HCD_GetCurrentSpeed  usb_hcd.o
    0x080c09ec   0x080c09ec   0x00000008   Code   RO         7163    i.HCD_GetURB_State  usb_hcd.o
    0x080c09f4   0x080c09f4   0x0000000a   Code   RO         7164    i.HCD_GetXferCnt    usb_hcd.o
    0x080c09fe   0x080c09fe   0x00000056   Code   RO         7166    i.HCD_Init          usb_hcd.o
    0x080c0a54   0x080c0a54   0x00000006   Code   RO         7167    i.HCD_IsDeviceConnected  usb_hcd.o
    0x080c0a5a   0x080c0a5a   0x0000000a   Code   RO         7168    i.HCD_ResetPort     usb_hcd.o
    0x080c0a64   0x080c0a64   0x00000014   Code   RO         7169    i.HCD_SubmitRequest  usb_hcd.o
    0x080c0a78   0x080c0a78   0x00000002   Code   RO         5566    i.HardFault_Handler  stm32f4xx_it.o
    0x080c0a7a   0x080c0a7a   0x0000000c   Code   RO         6919    i.IAP_Flash_Write   flash_if.o
    0x080c0a86   0x080c0a86   0x00000016   Code   RO         6920    i.IAP_Start         flash_if.o
    0x080c0a9c   0x080c0a9c   0x00000084   Code   RO         5878    i.LCD429_PutPixel   bsp_lcd.o
    0x080c0b20   0x080c0b20   0x00000058   Code   RO         5879    i.LCD_Clear         bsp_lcd.o
    0x080c0b78   0x080c0b78   0x00000300   Code   RO         5903    i.LCD_GPIO_Config   bsp_lcd.o
    0x080c0e78   0x080c0e78   0x00000084   Code   RO         5906    i.LCD_Init          bsp_lcd.o
    0x080c0efc   0x080c0efc   0x0000007c   Code   RO         5907    i.LCD_LayerInit     bsp_lcd.o
    0x080c0f78   0x080c0f78   0x0000000c   Code   RO         5917    i.LCD_SetFont       bsp_lcd.o
    0x080c0f84   0x080c0f84   0x00000024   Code   RO         5918    i.LCD_SetLayer      bsp_lcd.o
    0x080c0fa8   0x080c0fa8   0x00000030   Code   RO         5920    i.LCD_SetTransparency  bsp_lcd.o
    0x080c0fd8   0x080c0fd8   0x000000e0   Code   RO         5921    i.LCD_ShowFontCN_16  bsp_lcd.o
    0x080c10b8   0x080c10b8   0x0000005c   Code   RO         5789    i.LED_GPIO_Config   bsp_led.o
    0x080c1114   0x080c1114   0x00000020   Code   RO         2726    i.LTDC_Cmd          stm32f4xx_ltdc.o
    0x080c1134   0x080c1134   0x000000a8   Code   RO         2737    i.LTDC_Init         stm32f4xx_ltdc.o
    0x080c11dc   0x080c11dc   0x00000004   Code   RO         2740    i.LTDC_LayerAlpha   stm32f4xx_ltdc.o
    0x080c11e0   0x080c11e0   0x00000018   Code   RO         2741    i.LTDC_LayerCmd     stm32f4xx_ltdc.o
    0x080c11f8   0x080c11f8   0x00000096   Code   RO         2742    i.LTDC_LayerInit    stm32f4xx_ltdc.o
    0x080c128e   0x080c128e   0x00000002   PAD
    0x080c1290   0x080c1290   0x0000000c   Code   RO         2749    i.LTDC_ReloadConfig  stm32f4xx_ltdc.o
    0x080c129c   0x080c129c   0x00000064   Code   RO         5272    i.Led_GPIO_Configuration  main.o
    0x080c1300   0x080c1300   0x00000010   Code   RO         5273    i.Lock_Off          main.o
    0x080c1310   0x080c1310   0x00000010   Code   RO         5274    i.Lock_On           main.o
    0x080c1320   0x080c1320   0x00000002   Code   RO         5567    i.MemManage_Handler  stm32f4xx_it.o
    0x080c1322   0x080c1322   0x00000002   Code   RO         5568    i.NMI_Handler       stm32f4xx_it.o
    0x080c1324   0x080c1324   0x00000016   Code   RO         5275    i.NVIC_DisableIRQ   main.o
    0x080c133a   0x080c133a   0x00000002   PAD
    0x080c133c   0x080c133c   0x00000068   Code   RO          164    i.NVIC_Init         misc.o
    0x080c13a4   0x080c13a4   0x00000014   Code   RO          165    i.NVIC_PriorityGroupConfig  misc.o
    0x080c13b8   0x080c13b8   0x00000014   Code   RO          166    i.NVIC_SetVectorTable  misc.o
    0x080c13cc   0x080c13cc   0x0000000c   Code   RO         6879    i.OTG_HS_IRQHandler  usbh_it.o
    0x080c13d8   0x080c13d8   0x00000002   Code   RO         5569    i.PendSV_Handler    stm32f4xx_it.o
    0x080c13da   0x080c13da   0x00000056   Code   RO         5927    i.PutChar           bsp_lcd.o
    0x080c1430   0x080c1430   0x0000001c   Code   RO         3066    i.RCC_AHB1PeriphClockCmd  stm32f4xx_rcc.o
    0x080c144c   0x080c144c   0x0000001c   Code   RO         3068    i.RCC_AHB1PeriphResetCmd  stm32f4xx_rcc.o
    0x080c1468   0x080c1468   0x0000001c   Code   RO         3072    i.RCC_AHB3PeriphClockCmd  stm32f4xx_rcc.o
    0x080c1484   0x080c1484   0x0000001c   Code   RO         3075    i.RCC_APB1PeriphClockCmd  stm32f4xx_rcc.o
    0x080c14a0   0x080c14a0   0x0000001c   Code   RO         3077    i.RCC_APB1PeriphResetCmd  stm32f4xx_rcc.o
    0x080c14bc   0x080c14bc   0x0000001c   Code   RO         3078    i.RCC_APB2PeriphClockCmd  stm32f4xx_rcc.o
    0x080c14d8   0x080c14d8   0x0000001c   Code   RO         3080    i.RCC_APB2PeriphResetCmd  stm32f4xx_rcc.o
    0x080c14f4   0x080c14f4   0x00000054   Code   RO         3086    i.RCC_DeInit        stm32f4xx_rcc.o
    0x080c1548   0x080c1548   0x00000038   Code   RO         3088    i.RCC_GetFlagStatus  stm32f4xx_rcc.o
    0x080c1580   0x080c1580   0x00000014   Code   RO         3099    i.RCC_LTDCCLKDivConfig  stm32f4xx_rcc.o
    0x080c1594   0x080c1594   0x0000000c   Code   RO         3108    i.RCC_PLLSAICmd     stm32f4xx_rcc.o
    0x080c15a0   0x080c15a0   0x00000014   Code   RO         3109    i.RCC_PLLSAIConfig  stm32f4xx_rcc.o
    0x080c15b4   0x080c15b4   0x0000000c   Code   RO         3110    i.RCC_RTCCLKCmd     stm32f4xx_rcc.o
    0x080c15c0   0x080c15c0   0x00000012   Code   RO         3473    i.RTC_Bcd2ToByte    stm32f4xx_rtc.o
    0x080c15d2   0x080c15d2   0x00000002   PAD
    0x080c15d4   0x080c15d4   0x000000b8   Code   RO         3484    i.RTC_DeInit        stm32f4xx_rtc.o
    0x080c168c   0x080c168c   0x00000044   Code   RO         3485    i.RTC_EnterInitMode  stm32f4xx_rtc.o
    0x080c16d0   0x080c16d0   0x00000048   Code   RO         3489    i.RTC_GetDate       stm32f4xx_rtc.o
    0x080c1718   0x080c1718   0x0000004c   Code   RO         3494    i.RTC_GetTime       stm32f4xx_rtc.o
    0x080c1764   0x080c1764   0x00000044   Code   RO         3498    i.RTC_ITConfig      stm32f4xx_rtc.o
    0x080c17a8   0x080c17a8   0x0000004c   Code   RO         3522    i.RTC_WaitForSynchro  stm32f4xx_rtc.o
    0x080c17f4   0x080c17f4   0x00000060   Code   RO         3524    i.RTC_WakeUpCmd     stm32f4xx_rtc.o
    0x080c1854   0x080c1854   0x00000384   Code   RO         5816    i.SDRAM_GPIO_Config  bsp_sdram.o
    0x080c1bd8   0x080c1bd8   0x0000005c   Code   RO         5817    i.SDRAM_Init        bsp_sdram.o
    0x080c1c34   0x080c1c34   0x000000ac   Code   RO         5818    i.SDRAM_InitSequence  bsp_sdram.o
    0x080c1ce0   0x080c1ce0   0x00000020   Code   RO         5822    i.SDRAM_delay       bsp_sdram.o
    0x080c1d00   0x080c1d00   0x00000002   Code   RO         5570    i.SVC_Handler       stm32f4xx_it.o
    0x080c1d02   0x080c1d02   0x00000002   PAD
    0x080c1d04   0x080c1d04   0x000000d4   Code   RO           13    i.SetSysClock       system_stm32f4xx.o
    0x080c1dd8   0x080c1dd8   0x00000002   Code   RO         5571    i.SysTick_Handler   stm32f4xx_it.o
    0x080c1dda   0x080c1dda   0x00000002   PAD
    0x080c1ddc   0x080c1ddc   0x0000005c   Code   RO           15    i.SystemInit        system_stm32f4xx.o
    0x080c1e38   0x080c1e38   0x00000004   Code   RO         6880    i.TIM2_IRQHandler   usbh_it.o
    0x080c1e3c   0x080c1e3c   0x0000000e   Code   RO         8255    i.TIM6_Configuration  bsp_basic_tim.o
    0x080c1e4a   0x080c1e4a   0x00000002   PAD
    0x080c1e4c   0x080c1e4c   0x00000024   Code   RO         5572    i.TIM6_DAC_IRQHandler  stm32f4xx_it.o
    0x080c1e70   0x080c1e70   0x0000002a   Code   RO         8256    i.TIM6_NVIC_Configuration  bsp_basic_tim.o
    0x080c1e9a   0x080c1e9a   0x00000018   Code   RO         4447    i.TIM_ARRPreloadConfig  stm32f4xx_tim.o
    0x080c1eb2   0x080c1eb2   0x00000006   Code   RO         4453    i.TIM_ClearFlag     stm32f4xx_tim.o
    0x080c1eb8   0x080c1eb8   0x00000006   Code   RO         4454    i.TIM_ClearITPendingBit  stm32f4xx_tim.o
    0x080c1ebe   0x080c1ebe   0x00000018   Code   RO         4459    i.TIM_Cmd           stm32f4xx_tim.o
    0x080c1ed6   0x080c1ed6   0x00000002   PAD
    0x080c1ed8   0x080c1ed8   0x000001ac   Code   RO         4464    i.TIM_DeInit        stm32f4xx_tim.o
    0x080c2084   0x080c2084   0x00000018   Code   RO         4480    i.TIM_GetITStatus   stm32f4xx_tim.o
    0x080c209c   0x080c209c   0x00000014   Code   RO         4484    i.TIM_ITConfig      stm32f4xx_tim.o
    0x080c20b0   0x080c20b0   0x00000040   Code   RO         8257    i.TIM_Mode_Config   bsp_basic_tim.o
    0x080c20f0   0x080c20f0   0x0000007c   Code   RO         4531    i.TIM_TimeBaseInit  stm32f4xx_tim.o
    0x080c216c   0x080c216c   0x00000024   Code   RO         7398    i.USBH_Alloc_Channel  usbh_hcs.o
    0x080c2190   0x080c2190   0x00000036   Code   RO         7451    i.USBH_BulkReceiveData  usbh_ioreq.o
    0x080c21c6   0x080c21c6   0x00000034   Code   RO         7452    i.USBH_BulkSendData  usbh_ioreq.o
    0x080c21fa   0x080c21fa   0x0000002e   Code   RO         7534    i.USBH_ClrFeature   usbh_stdreq.o
    0x080c2228   0x080c2228   0x0000000a   Code   RO         7316    i.USBH_Connected    usbh_core.o
    0x080c2232   0x080c2232   0x00000024   Code   RO         7453    i.USBH_CtlReceiveData  usbh_ioreq.o
    0x080c2256   0x080c2256   0x0000004c   Code   RO         7454    i.USBH_CtlReq       usbh_ioreq.o
    0x080c22a2   0x080c22a2   0x0000003c   Code   RO         7455    i.USBH_CtlSendData  usbh_ioreq.o
    0x080c22de   0x080c22de   0x00000026   Code   RO         7456    i.USBH_CtlSendSetup  usbh_ioreq.o
    0x080c2304   0x080c2304   0x00000018   Code   RO         7399    i.USBH_DeAllocate_AllChannel  usbh_hcs.o
    0x080c231c   0x080c231c   0x00000034   Code   RO         7317    i.USBH_DeInit       usbh_core.o
    0x080c2350   0x080c2350   0x0000000a   Code   RO         7318    i.USBH_Disconnected  usbh_core.o
    0x080c235a   0x080c235a   0x0000002c   Code   RO         7319    i.USBH_ErrorHandle  usbh_core.o
    0x080c2386   0x080c2386   0x00000018   Code   RO         7400    i.USBH_Free_Channel  usbh_hcs.o
    0x080c239e   0x080c239e   0x00000032   Code   RO         7535    i.USBH_GetDescriptor  usbh_stdreq.o
    0x080c23d0   0x080c23d0   0x0000001e   Code   RO         7401    i.USBH_GetFreeChannel  usbh_hcs.o
    0x080c23ee   0x080c23ee   0x0000000e   Code   RO         7536    i.USBH_GetNextDesc  usbh_stdreq.o
    0x080c23fc   0x080c23fc   0x0000005c   Code   RO         7537    i.USBH_Get_CfgDesc  usbh_stdreq.o
    0x080c2458   0x080c2458   0x00000032   Code   RO         7538    i.USBH_Get_DevDesc  usbh_stdreq.o
    0x080c248a   0x080c248a   0x0000002e   Code   RO         7539    i.USBH_Get_StringDesc  usbh_stdreq.o
    0x080c24b8   0x080c24b8   0x00000200   Code   RO         7320    i.USBH_HandleControl  usbh_core.o
    0x080c26b8   0x080c26b8   0x000001c8   Code   RO         7321    i.USBH_HandleEnum   usbh_core.o
    0x080c2880   0x080c2880   0x00000040   Code   RO         7322    i.USBH_Init         usbh_core.o
    0x080c28c0   0x080c28c0   0x00000018   Code   RO         7687    i.USBH_MSC_BOTReset  usbh_msc_core.o
    0x080c28d8   0x080c28d8   0x00000040   Code   RO         7638    i.USBH_MSC_BOT_Abort  usbh_msc_bot.o
    0x080c2918   0x080c2918   0x0000000c   Code   RO         7688    i.USBH_MSC_ClassRequest  usbh_msc_core.o
    0x080c2924   0x080c2924   0x00000064   Code   RO         7639    i.USBH_MSC_DecodeCSW  usbh_msc_bot.o
    0x080c2988   0x080c2988   0x00000034   Code   RO         7689    i.USBH_MSC_ErrorHandle  usbh_msc_core.o
    0x080c29bc   0x080c29bc   0x00000020   Code   RO         7690    i.USBH_MSC_GETMaxLUN  usbh_msc_core.o
    0x080c29dc   0x080c29dc   0x0000015c   Code   RO         7691    i.USBH_MSC_Handle   usbh_msc_core.o
    0x080c2b38   0x080c2b38   0x0000025c   Code   RO         7640    i.USBH_MSC_HandleBOTXfer  usbh_msc_bot.o
    0x080c2d94   0x080c2d94   0x0000003c   Code   RO         7641    i.USBH_MSC_Init     usbh_msc_bot.o
    0x080c2dd0   0x080c2dd0   0x0000003c   Code   RO         7692    i.USBH_MSC_InterfaceDeInit  usbh_msc_core.o
    0x080c2e0c   0x080c2e0c   0x000000a0   Code   RO         7693    i.USBH_MSC_InterfaceInit  usbh_msc_core.o
    0x080c2eac   0x080c2eac   0x0000009c   Code   RO         7750    i.USBH_MSC_ModeSense6  usbh_msc_scsi.o
    0x080c2f48   0x080c2f48   0x000000dc   Code   RO         7751    i.USBH_MSC_Read10   usbh_msc_scsi.o
    0x080c3024   0x080c3024   0x000000a0   Code   RO         7752    i.USBH_MSC_ReadCapacity10  usbh_msc_scsi.o
    0x080c30c4   0x080c30c4   0x000000a0   Code   RO         7753    i.USBH_MSC_RequestSense  usbh_msc_scsi.o
    0x080c3164   0x080c3164   0x00000080   Code   RO         7754    i.USBH_MSC_TestUnitReady  usbh_msc_scsi.o
    0x080c31e4   0x080c31e4   0x000000a4   Code   RO         7755    i.USBH_MSC_Write10  usbh_msc_scsi.o
    0x080c3288   0x080c3288   0x00000034   Code   RO         7402    i.USBH_Modify_Channel  usbh_hcs.o
    0x080c32bc   0x080c32bc   0x000000a8   Code   RO         7238    i.USBH_OTG_ISR_Handler  usb_hcd_int.o
    0x080c3364   0x080c3364   0x00000050   Code   RO         7403    i.USBH_Open_Channel  usbh_hcs.o
    0x080c33b4   0x080c33b4   0x00000104   Code   RO         7540    i.USBH_ParseCfgDesc  usbh_stdreq.o
    0x080c34b8   0x080c34b8   0x00000058   Code   RO         7541    i.USBH_ParseDevDesc  usbh_stdreq.o
    0x080c3510   0x080c3510   0x00000020   Code   RO         7542    i.USBH_ParseEPDesc  usbh_stdreq.o
    0x080c3530   0x080c3530   0x00000026   Code   RO         7543    i.USBH_ParseInterfaceDesc  usbh_stdreq.o
    0x080c3556   0x080c3556   0x0000002e   Code   RO         7544    i.USBH_ParseStringDesc  usbh_stdreq.o
    0x080c3584   0x080c3584   0x00000192   Code   RO         7323    i.USBH_Process      usbh_core.o
    0x080c3716   0x080c3716   0x00000004   Code   RO         7324    i.USBH_SOF          usbh_core.o
    0x080c371a   0x080c371a   0x00000018   Code   RO         7545    i.USBH_SetAddress   usbh_stdreq.o
    0x080c3732   0x080c3732   0x00000018   Code   RO         7546    i.USBH_SetCfg       usbh_stdreq.o
    0x080c374a   0x080c374a   0x00000014   Code   RO         7461    i.USBH_SubmitSetupRequest  usbh_ioreq.o
    0x080c375e   0x080c375e   0x00000004   Code   RO         6662    i.USBH_USR_Configuration_DescAvailable  usbh_usr.o
    0x080c3762   0x080c3762   0x00000002   Code   RO         6663    i.USBH_USR_DeInit   usbh_usr.o
    0x080c3764   0x080c3764   0x00000002   Code   RO         6664    i.USBH_USR_DeviceAddressAssigned  usbh_usr.o
    0x080c3766   0x080c3766   0x00000002   PAD
    0x080c3768   0x080c3768   0x00000014   Code   RO         6665    i.USBH_USR_DeviceAttached  usbh_usr.o
    0x080c377c   0x080c377c   0x00000018   Code   RO         6666    i.USBH_USR_DeviceDisconnected  usbh_usr.o
    0x080c3794   0x080c3794   0x00000002   Code   RO         6667    i.USBH_USR_DeviceNotSupported  usbh_usr.o
    0x080c3796   0x080c3796   0x00000002   Code   RO         6668    i.USBH_USR_DeviceSpeedDetected  usbh_usr.o
    0x080c3798   0x080c3798   0x00000002   Code   RO         6669    i.USBH_USR_Device_DescAvailable  usbh_usr.o
    0x080c379a   0x080c379a   0x00000002   Code   RO         6670    i.USBH_USR_EnumerationDone  usbh_usr.o
    0x080c379c   0x080c379c   0x00000014   Code   RO         6671    i.USBH_USR_Init     usbh_usr.o
    0x080c37b0   0x080c37b0   0x00000004   Code   RO         6672    i.USBH_USR_MSC_Application  usbh_usr.o
    0x080c37b4   0x080c37b4   0x00000002   Code   RO         6673    i.USBH_USR_Manufacturer_String  usbh_usr.o
    0x080c37b6   0x080c37b6   0x00000002   Code   RO         6674    i.USBH_USR_OverCurrentDetected  usbh_usr.o
    0x080c37b8   0x080c37b8   0x00000002   Code   RO         6675    i.USBH_USR_Product_String  usbh_usr.o
    0x080c37ba   0x080c37ba   0x00000002   Code   RO         6676    i.USBH_USR_ResetDevice  usbh_usr.o
    0x080c37bc   0x080c37bc   0x00000002   Code   RO         6677    i.USBH_USR_SerialNum_String  usbh_usr.o
    0x080c37be   0x080c37be   0x00000002   Code   RO         6678    i.USBH_USR_UnrecoveredError  usbh_usr.o
    0x080c37c0   0x080c37c0   0x00000004   Code   RO         6679    i.USBH_USR_UserInput  usbh_usr.o
    0x080c37c4   0x080c37c4   0x0000000c   Code   RO         6566    i.USB_OTG_BSP_ConfigVBUS  usb_bsp.o
    0x080c37d0   0x080c37d0   0x00000002   Code   RO         6567    i.USB_OTG_BSP_DriveVBUS  usb_bsp.o
    0x080c37d2   0x080c37d2   0x00000028   Code   RO         6568    i.USB_OTG_BSP_EnableInterrupt  usb_bsp.o
    0x080c37fa   0x080c37fa   0x00000002   PAD
    0x080c37fc   0x080c37fc   0x0000004c   Code   RO         6569    i.USB_OTG_BSP_Init  usb_bsp.o
    0x080c3848   0x080c3848   0x0000003a   Code   RO         6570    i.USB_OTG_BSP_TimeInit  usb_bsp.o
    0x080c3882   0x080c3882   0x00000002   PAD
    0x080c3884   0x080c3884   0x00000038   Code   RO         6571    i.USB_OTG_BSP_TimerIRQ  usb_bsp.o
    0x080c38bc   0x080c38bc   0x00000006   Code   RO         6572    i.USB_OTG_BSP_mDelay  usb_bsp.o
    0x080c38c2   0x080c38c2   0x00000006   Code   RO         6573    i.USB_OTG_BSP_uDelay  usb_bsp.o
    0x080c38c8   0x080c38c8   0x000000a8   Code   RO         6967    i.USB_OTG_CoreInit  usb_core.o
    0x080c3970   0x080c3970   0x000000b4   Code   RO         6968    i.USB_OTG_CoreInitHost  usb_core.o
    0x080c3a24   0x080c3a24   0x0000005c   Code   RO         6969    i.USB_OTG_CoreReset  usb_core.o
    0x080c3a80   0x080c3a80   0x00000010   Code   RO         6970    i.USB_OTG_DisableGlobalInt  usb_core.o
    0x080c3a90   0x080c3a90   0x00000048   Code   RO         6971    i.USB_OTG_DriveVbus  usb_core.o
    0x080c3ad8   0x080c3ad8   0x0000001c   Code   RO         6972    i.USB_OTG_EnableCommonInt  usb_core.o
    0x080c3af4   0x080c3af4   0x00000010   Code   RO         6973    i.USB_OTG_EnableGlobalInt  usb_core.o
    0x080c3b04   0x080c3b04   0x00000046   Code   RO         6974    i.USB_OTG_EnableHostInt  usb_core.o
    0x080c3b4a   0x080c3b4a   0x00000002   PAD
    0x080c3b4c   0x080c3b4c   0x0000003c   Code   RO         6975    i.USB_OTG_FlushRxFifo  usb_core.o
    0x080c3b88   0x080c3b88   0x00000044   Code   RO         6976    i.USB_OTG_FlushTxFifo  usb_core.o
    0x080c3bcc   0x080c3bcc   0x0000000a   Code   RO         6977    i.USB_OTG_GetMode   usb_core.o
    0x080c3bd6   0x080c3bd6   0x0000002a   Code   RO         6978    i.USB_OTG_HC_DoPing  usb_core.o
    0x080c3c00   0x080c3c00   0x00000064   Code   RO         6979    i.USB_OTG_HC_Halt   usb_core.o
    0x080c3c64   0x080c3c64   0x0000013c   Code   RO         6980    i.USB_OTG_HC_Init   usb_core.o
    0x080c3da0   0x080c3da0   0x00000120   Code   RO         6981    i.USB_OTG_HC_StartXfer  usb_core.o
    0x080c3ec0   0x080c3ec0   0x0000000c   Code   RO         6982    i.USB_OTG_InitFSLSPClkSel  usb_core.o
    0x080c3ecc   0x080c3ecc   0x0000000c   Code   RO         6984    i.USB_OTG_IsEvenFrame  usb_core.o
    0x080c3ed8   0x080c3ed8   0x0000000e   Code   RO         6985    i.USB_OTG_IsHostMode  usb_core.o
    0x080c3ee6   0x080c3ee6   0x0000000a   Code   RO         6986    i.USB_OTG_ReadCoreItr  usb_core.o
    0x080c3ef0   0x080c3ef0   0x00000018   Code   RO         6987    i.USB_OTG_ReadHPRT0  usb_core.o
    0x080c3f08   0x080c3f08   0x00000006   Code   RO         6988    i.USB_OTG_ReadHostAllChannels_intr  usb_core.o
    0x080c3f0e   0x080c3f0e   0x00000020   Code   RO         6990    i.USB_OTG_ReadPacket  usb_core.o
    0x080c3f2e   0x080c3f2e   0x0000002c   Code   RO         6991    i.USB_OTG_ResetPort  usb_core.o
    0x080c3f5a   0x080c3f5a   0x00000002   PAD
    0x080c3f5c   0x080c3f5c   0x000000c4   Code   RO         6992    i.USB_OTG_SelectCore  usb_core.o
    0x080c4020   0x080c4020   0x00000036   Code   RO         6993    i.USB_OTG_SetCurrentMode  usb_core.o
    0x080c4056   0x080c4056   0x00000002   PAD
    0x080c4058   0x080c4058   0x0000002c   Code   RO         7239    i.USB_OTG_USBH_handle_Disconnect_ISR  usb_hcd_int.o
    0x080c4084   0x080c4084   0x00000046   Code   RO         7240    i.USB_OTG_USBH_handle_IncompletePeriodicXfer_ISR  usb_hcd_int.o
    0x080c40ca   0x080c40ca   0x00000056   Code   RO         7241    i.USB_OTG_USBH_handle_hc_ISR  usb_hcd_int.o
    0x080c4120   0x080c4120   0x0000042a   Code   RO         7242    i.USB_OTG_USBH_handle_hc_n_In_ISR  usb_hcd_int.o
    0x080c454a   0x080c454a   0x000003d0   Code   RO         7243    i.USB_OTG_USBH_handle_hc_n_Out_ISR  usb_hcd_int.o
    0x080c491a   0x080c491a   0x0000012e   Code   RO         7244    i.USB_OTG_USBH_handle_nptxfempty_ISR  usb_hcd_int.o
    0x080c4a48   0x080c4a48   0x00000120   Code   RO         7245    i.USB_OTG_USBH_handle_port_ISR  usb_hcd_int.o
    0x080c4b68   0x080c4b68   0x0000012e   Code   RO         7246    i.USB_OTG_USBH_handle_ptxfempty_ISR  usb_hcd_int.o
    0x080c4c96   0x080c4c96   0x00000164   Code   RO         7247    i.USB_OTG_USBH_handle_rx_qlvl_ISR  usb_hcd_int.o
    0x080c4dfa   0x080c4dfa   0x00000002   PAD
    0x080c4dfc   0x080c4dfc   0x0000002c   Code   RO         7248    i.USB_OTG_USBH_handle_sof_ISR  usb_hcd_int.o
    0x080c4e28   0x080c4e28   0x00000028   Code   RO         6995    i.USB_OTG_WritePacket  usb_core.o
    0x080c4e50   0x080c4e50   0x00000002   Code   RO         5573    i.UsageFault_Handler  stm32f4xx_it.o
    0x080c4e52   0x080c4e52   0x00000012   Code   RO         5929    i.WriteOneHzChar_16  bsp_lcd.o
    0x080c4e64   0x080c4e64   0x000000a0   Code   RO         5930    i.WriteString_16    bsp_lcd.o
    0x080c4f04   0x080c4f04   0x0000000e   Code   RO         8605    i.__scatterload_copy  mc_w.l(handlers.o)
    0x080c4f12   0x080c4f12   0x00000002   Code   RO         8606    i.__scatterload_null  mc_w.l(handlers.o)
    0x080c4f14   0x080c4f14   0x0000000e   Code   RO         8607    i.__scatterload_zeroinit  mc_w.l(handlers.o)
    0x080c4f22   0x080c4f22   0x00000002   PAD
    0x080c4f24   0x080c4f24   0x0000007c   Code   RO         7883    i.check_fs          ff.o
    0x080c4fa0   0x080c4fa0   0x00000010   Code   RO         7884    i.chk_chr           ff.o
    0x080c4fb0   0x080c4fb0   0x00000018   Code   RO         7885    i.clust2sect        ff.o
    0x080c4fc8   0x080c4fc8   0x00000080   Code   RO         7886    i.cmp_lfn           ff.o
    0x080c5048   0x080c5048   0x000000a8   Code   RO         7887    i.create_chain      ff.o
    0x080c50f0   0x080c50f0   0x00000230   Code   RO         7888    i.create_name       ff.o
    0x080c5320   0x080c5320   0x00000044   Code   RO         7889    i.dir_alloc         ff.o
    0x080c5364   0x080c5364   0x000000c6   Code   RO         7890    i.dir_find          ff.o
    0x080c542a   0x080c542a   0x00000114   Code   RO         7891    i.dir_next          ff.o
    0x080c553e   0x080c553e   0x00000104   Code   RO         7893    i.dir_register      ff.o
    0x080c5642   0x080c5642   0x000000a0   Code   RO         7895    i.dir_sdi           ff.o
    0x080c56e2   0x080c56e2   0x00000002   PAD
    0x080c56e4   0x080c56e4   0x00000018   Code   RO         7812    i.disk_initialize   diskio.o
    0x080c56fc   0x080c56fc   0x00000038   Code   RO         7813    i.disk_ioctl        diskio.o
    0x080c5734   0x080c5734   0x00000060   Code   RO         7814    i.disk_read         diskio.o
    0x080c5794   0x080c5794   0x00000004   Code   RO         7815    i.disk_status       diskio.o
    0x080c5798   0x080c5798   0x0000004c   Code   RO         7816    i.disk_write        diskio.o
    0x080c57e4   0x080c57e4   0x0000004c   Code   RO         7905    i.f_mount           ff.o
    0x080c5830   0x080c5830   0x00000158   Code   RO         7906    i.f_open            ff.o
    0x080c5988   0x080c5988   0x0000017c   Code   RO         7911    i.f_read            ff.o
    0x080c5b04   0x080c5b04   0x00000058   Code   RO         8223    i.ff_convert        cc936.o
    0x080c5b5c   0x080c5b5c   0x0000002c   Code   RO         8224    i.ff_wtoupper       cc936.o
    0x080c5b88   0x080c5b88   0x00000034   Code   RO         5932    i.findHzIndex_16    bsp_lcd.o
    0x080c5bbc   0x080c5bbc   0x00000348   Code   RO         7921    i.find_volume       ff.o
    0x080c5f04   0x080c5f04   0x0000006c   Code   RO         7922    i.fit_lfn           ff.o
    0x080c5f70   0x080c5f70   0x0000006a   Code   RO         7923    i.follow_path       ff.o
    0x080c5fda   0x080c5fda   0x00000002   PAD
    0x080c5fdc   0x080c5fdc   0x00000098   Code   RO         7924    i.gen_numname       ff.o
    0x080c6074   0x080c6074   0x00000100   Code   RO         7925    i.get_fat           ff.o
    0x080c6174   0x080c6174   0x00000044   Code   RO         7817    i.get_fattime       diskio.o
    0x080c61b8   0x080c61b8   0x00000042   Code   RO         7927    i.get_ldnumber      ff.o
    0x080c61fa   0x080c61fa   0x0000001e   Code   RO         7928    i.ld_clust          ff.o
    0x080c6218   0x080c6218   0x00000120   Code   RO         5276    i.main              main.o
    0x080c6338   0x080c6338   0x0000001a   Code   RO         7929    i.mem_cmp           ff.o
    0x080c6352   0x080c6352   0x00000012   Code   RO         7930    i.mem_cpy           ff.o
    0x080c6364   0x080c6364   0x00000010   Code   RO         7931    i.mem_set           ff.o
    0x080c6374   0x080c6374   0x00000034   Code   RO         7932    i.move_window       ff.o
    0x080c63a8   0x080c63a8   0x0000012c   Code   RO         7934    i.put_fat           ff.o
    0x080c64d4   0x080c64d4   0x00000066   Code   RO         7936    i.remove_chain      ff.o
    0x080c653a   0x080c653a   0x00000010   Code   RO         7937    i.st_clust          ff.o
    0x080c654a   0x080c654a   0x0000001a   Code   RO         7938    i.sum_sfn           ff.o
    0x080c6564   0x080c6564   0x00000054   Code   RO         7940    i.sync_window       ff.o
    0x080c65b8   0x080c65b8   0x0000002c   Code   RO         7941    i.validate          ff.o
    0x080c65e4   0x080c65e4   0x00000068   Data   RO         5279    .constdata          main.o
    0x080c664c   0x080c664c   0x0000195e   Data   RO         5936    .constdata          bsp_lcd.o
    0x080c7faa   0x080c7faa   0x000011d0   Data   RO         6258    .constdata          fonts.o
    0x080c917a   0x080c917a   0x000005f0   Data   RO         6265    .constdata          fonts.o
    0x080c976a   0x080c976a   0x0000003a   Data   RO         7943    .constdata          ff.o
    0x080c97a4   0x080c97a4   0x0002acc8   Data   RO         8225    .constdata          cc936.o
    0x080f446c   0x080f446c   0x00000020   Data   RO         8603    Region$$Table       anon$$obj.o


    Execution Region RW_IRAM1 (Exec base: 0x20000000, Load base: 0x080f448c, Size: 0x000039c0, Max: 0x00030000, ABSOLUTE)

    Exec Addr    Load Addr    Size         Type   Attr      Idx    E Section Name        Object

    0x20000000   0x080f448c   0x00000010   Data   RW         5280    .data               main.o
    0x20000010   0x080f449c   0x0000001c   Data   RW         5937    .data               bsp_lcd.o
    0x2000002c   0x080f44b8   0x00000008   Data   RW         6267    .data               fonts.o
    0x20000034   0x080f44c0   0x00000001   Data   RW         6378    .data               pbdata.o
    0x20000035   0x080f44c1   0x00000001   Data   RW         6379    .data               pbdata.o
    0x20000036   0x080f44c2   0x00000002   PAD
    0x20000038   0x080f44c4   0x00000004   Data   RW         6391    .data               pbdata.o
    0x2000003c   0x080f44c8   0x00000004   Data   RW         6574    .data               usb_bsp.o
    0x20000040   0x080f44cc   0x00000048   Data   RW         6697    .data               usbh_usr.o
    0x20000088   0x080f4514   0x00000001   Data   RW         6698    .data               usbh_usr.o
    0x20000089   0x080f4515   0x00000003   PAD
    0x2000008c   0x080f4518   0x0000000c   Data   RW         7325    .data               usbh_core.o
    0x20000098   0x080f4524   0x00000004   Data   RW         7326    .data               usbh_core.o
    0x2000009c   0x080f4528   0x00000002   Data   RW         7327    .data               usbh_core.o
    0x2000009e   0x080f452a   0x00000004   Data   RW         7549    .data               usbh_stdreq.o
    0x200000a2   0x080f452e   0x00000002   PAD
    0x200000a4   0x080f4530   0x00000014   Data   RW         7643    .data               usbh_msc_bot.o
    0x200000b8   0x080f4544   0x00000002   Data   RW         7695    .data               usbh_msc_core.o
    0x200000ba   0x080f4546   0x00000002   PAD
    0x200000bc   0x080f4548   0x00000010   Data   RW         7696    .data               usbh_msc_core.o
    0x200000cc   0x080f4558   0x00000001   Data   RW         7758    .data               usbh_msc_scsi.o
    0x200000cd   0x080f4559   0x00000001   PAD
    0x200000ce   0x080f455a   0x00000002   Data   RW         7944    .data               ff.o
    0x200000d0        -       0x00002854   Zero   RW         5278    .bss                main.o
    0x20002924        -       0x000005ac   Zero   RW         6680    .bss                usbh_usr.o
    0x20002ed0        -       0x00000084   Zero   RW         6681    .bss                usbh_usr.o
    0x20002f54        -       0x00000200   Zero   RW         7548    .bss                usbh_stdreq.o
    0x20003154        -       0x00000040   Zero   RW         7642    .bss                usbh_msc_bot.o
    0x20003194        -       0x0000020a   Zero   RW         7694    .bss                usbh_msc_core.o
    0x2000339e   0x080f455c   0x00000002   PAD
    0x200033a0        -       0x00000210   Zero   RW         7756    .bss                usbh_msc_scsi.o
    0x200035b0        -       0x0000000c   Zero   RW         7942    .bss                ff.o
    0x200035bc   0x080f455c   0x00000004   PAD
    0x200035c0        -       0x00000400   Zero   RW            1    STACK               startup_stm32f429_439xx.o


==============================================================================

Image component sizes


      Code (inc. data)   RO Data    RW Data    ZI Data      Debug   Object Name

       120          4          0          0          0       1733   bsp_basic_tim.o
      1880        112       6494         28          0      18522   bsp_lcd.o
        92          6          0          0          0        630   bsp_led.o
      1196         28          0          0          0       3301   bsp_sdram.o
       132         20     175304          0          0       2727   cc936.o
       324         28          0          0          0       5748   diskio.o
      5024         60         58          2         12      33946   ff.o
       214          8          0          0          0       2892   flash_if.o
        20          6       6080          8          0       2526   fonts.o
       932        128        104         16      10324     297211   main.o
       144         24          0          0          0     321961   misc.o
         0          0          0          6          0      11265   pbdata.o
        36          8        428          0       1024       1000   startup_stm32f429_439xx.o
       244         18          0          0          0       3564   stm32f4xx_dma2d.o
        36          8          0          0          0        598   stm32f4xx_exti.o
       314         34          0          0          0       4984   stm32f4xx_flash.o
       364         10          0          0          0       4159   stm32f4xx_fmc.o
       164          0          0          0          0       3439   stm32f4xx_gpio.o
        54          6          0          0          0     244088   stm32f4xx_it.o
       390         24          0          0          0       5134   stm32f4xx_ltdc.o
       400         86          0          0          0       9106   stm32f4xx_rcc.o
       658         46          0          0          0       7389   stm32f4xx_rtc.o
       656         80          0          0          0       7318   stm32f4xx_tim.o
       304         36          0          0          0     274621   system_stm32f4xx.o
       400         18          0          4          0      22788   usb_bsp.o
      1970         26          0          0          0      20875   usb_core.o
       160          0          0          0          0       5771   usb_hcd.o
      3702         16          0          0          0      11471   usb_hcd_int.o
      1554         42          0         18          0      10629   usbh_core.o
       246          0          0          0          0       5060   usbh_hcs.o
       336          0          0          0          0       6254   usbh_ioreq.o
        16          6          0          0          0        938   usbh_it.o
       828         64          0         20         64       7777   usbh_msc_bot.o
       688         56          0         18        522       7769   usbh_msc_core.o
       988         72          0          1        528       8172   usbh_msc_scsi.o
       810         12          0          4        512      11501   usbh_stdreq.o
       100         24          0         73       1584      42265   usbh_usr.o

    ----------------------------------------------------------------------
     25532       1116     188500        208      14576    1429132   Object Totals
         0          0         32          0          0          0   (incl. Generated)
        36          0          0         10          6          0   (incl. Padding)

    ----------------------------------------------------------------------

      Code (inc. data)   RO Data    RW Data    ZI Data      Debug   Library Member Name

         0          0          0          0          0          0   entry.o
         0          0          0          0          0          0   entry10a.o
         0          0          0          0          0          0   entry11a.o
         8          4          0          0          0          0   entry2.o
         4          0          0          0          0          0   entry5.o
         0          0          0          0          0          0   entry7b.o
         0          0          0          0          0          0   entry8b.o
         8          4          0          0          0          0   entry9a.o
        30          0          0          0          0          0   handlers.o
        36          8          0          0          0         68   init.o
        36          0          0          0          0         68   memcpya.o

    ----------------------------------------------------------------------
       124         16          0          0          0        136   Library Totals
         2          0          0          0          0          0   (incl. Padding)

    ----------------------------------------------------------------------

      Code (inc. data)   RO Data    RW Data    ZI Data      Debug   Library Name

       122         16          0          0          0        136   mc_w.l

    ----------------------------------------------------------------------
       124         16          0          0          0        136   Library Totals

    ----------------------------------------------------------------------

==============================================================================


      Code (inc. data)   RO Data    RW Data    ZI Data      Debug   

     25656       1132     188500        208      14576    1403272   Grand Totals
     25656       1132     188500        208      14576    1403272   ELF Image Totals
     25656       1132     188500        208          0          0   ROM Totals

==============================================================================

    Total RO  Size (Code + RO Data)               214156 ( 209.14kB)
    Total RW  Size (RW Data + ZI Data)             14784 (  14.44kB)
    Total ROM Size (Code + RO Data + RW Data)     214364 ( 209.34kB)

==============================================================================

